Archive member included to satisfy reference by file (symbol)

c:/ac6/systemworkbench/plugins/fr.ac6.mcu.externaltools.arm-none.win32_1.17.0.201812190825/tools/compiler/bin/../lib/gcc/arm-none-eabi/7.3.1/thumb/v7e-m/fpv4-sp/hard\libgcc.a(_arm_addsubdf3.o)
                              Core/Src/lsm303ctr_add.o (__aeabi_f2d)
c:/ac6/systemworkbench/plugins/fr.ac6.mcu.externaltools.arm-none.win32_1.17.0.201812190825/tools/compiler/bin/../lib/gcc/arm-none-eabi/7.3.1/thumb/v7e-m/fpv4-sp/hard\libgcc.a(_aeabi_uldivmod.o)
                              Drivers/STM32L4xx_HAL_Driver/Src/stm32l4xx_hal_uart.o (__aeabi_uldivmod)
c:/ac6/systemworkbench/plugins/fr.ac6.mcu.externaltools.arm-none.win32_1.17.0.201812190825/tools/compiler/bin/../lib/gcc/arm-none-eabi/7.3.1/thumb/v7e-m/fpv4-sp/hard\libgcc.a(_udivmoddi4.o)
                              c:/ac6/systemworkbench/plugins/fr.ac6.mcu.externaltools.arm-none.win32_1.17.0.201812190825/tools/compiler/bin/../lib/gcc/arm-none-eabi/7.3.1/thumb/v7e-m/fpv4-sp/hard\libgcc.a(_aeabi_uldivmod.o) (__udivmoddi4)
c:/ac6/systemworkbench/plugins/fr.ac6.mcu.externaltools.arm-none.win32_1.17.0.201812190825/tools/compiler/bin/../lib/gcc/arm-none-eabi/7.3.1/thumb/v7e-m/fpv4-sp/hard\libgcc.a(_dvmd_tls.o)
                              c:/ac6/systemworkbench/plugins/fr.ac6.mcu.externaltools.arm-none.win32_1.17.0.201812190825/tools/compiler/bin/../lib/gcc/arm-none-eabi/7.3.1/thumb/v7e-m/fpv4-sp/hard\libgcc.a(_aeabi_uldivmod.o) (__aeabi_ldiv0)
c:/ac6/systemworkbench/plugins/fr.ac6.mcu.externaltools.arm-none.win32_1.17.0.201812190825/tools/compiler/bin/../lib/gcc/arm-none-eabi/7.3.1/../../../../arm-none-eabi/lib/thumb/v7e-m/fpv4-sp/hard\libc_nano.a(lib_a-errno.o)
                              Core/Src/syscalls.o (__errno)
c:/ac6/systemworkbench/plugins/fr.ac6.mcu.externaltools.arm-none.win32_1.17.0.201812190825/tools/compiler/bin/../lib/gcc/arm-none-eabi/7.3.1/../../../../arm-none-eabi/lib/thumb/v7e-m/fpv4-sp/hard\libc_nano.a(lib_a-exit.o)
                              c:/ac6/systemworkbench/plugins/fr.ac6.mcu.externaltools.arm-none.win32_1.17.0.201812190825/tools/compiler/bin/../lib/gcc/arm-none-eabi/7.3.1/../../../../arm-none-eabi/lib/thumb/v7e-m/fpv4-sp/hard/crt0.o (exit)
c:/ac6/systemworkbench/plugins/fr.ac6.mcu.externaltools.arm-none.win32_1.17.0.201812190825/tools/compiler/bin/../lib/gcc/arm-none-eabi/7.3.1/../../../../arm-none-eabi/lib/thumb/v7e-m/fpv4-sp/hard\libc_nano.a(lib_a-impure.o)
                              c:/ac6/systemworkbench/plugins/fr.ac6.mcu.externaltools.arm-none.win32_1.17.0.201812190825/tools/compiler/bin/../lib/gcc/arm-none-eabi/7.3.1/../../../../arm-none-eabi/lib/thumb/v7e-m/fpv4-sp/hard\libc_nano.a(lib_a-exit.o) (_global_impure_ptr)
c:/ac6/systemworkbench/plugins/fr.ac6.mcu.externaltools.arm-none.win32_1.17.0.201812190825/tools/compiler/bin/../lib/gcc/arm-none-eabi/7.3.1/../../../../arm-none-eabi/lib/thumb/v7e-m/fpv4-sp/hard\libc_nano.a(lib_a-init.o)
                              c:/ac6/systemworkbench/plugins/fr.ac6.mcu.externaltools.arm-none.win32_1.17.0.201812190825/tools/compiler/bin/../lib/gcc/arm-none-eabi/7.3.1/../../../../arm-none-eabi/lib/thumb/v7e-m/fpv4-sp/hard/crt0.o (__libc_init_array)
c:/ac6/systemworkbench/plugins/fr.ac6.mcu.externaltools.arm-none.win32_1.17.0.201812190825/tools/compiler/bin/../lib/gcc/arm-none-eabi/7.3.1/../../../../arm-none-eabi/lib/thumb/v7e-m/fpv4-sp/hard\libc_nano.a(lib_a-memset.o)
                              c:/ac6/systemworkbench/plugins/fr.ac6.mcu.externaltools.arm-none.win32_1.17.0.201812190825/tools/compiler/bin/../lib/gcc/arm-none-eabi/7.3.1/../../../../arm-none-eabi/lib/thumb/v7e-m/fpv4-sp/hard/crt0.o (memset)
c:/ac6/systemworkbench/plugins/fr.ac6.mcu.externaltools.arm-none.win32_1.17.0.201812190825/tools/compiler/bin/../lib/gcc/arm-none-eabi/7.3.1/../../../../arm-none-eabi/lib/thumb/v7e-m/fpv4-sp/hard\libc_nano.a(lib_a-nano-vfprintf_float.o)
                              (_printf_float)
c:/ac6/systemworkbench/plugins/fr.ac6.mcu.externaltools.arm-none.win32_1.17.0.201812190825/tools/compiler/bin/../lib/gcc/arm-none-eabi/7.3.1/../../../../arm-none-eabi/lib/thumb/v7e-m/fpv4-sp/hard\libc_nano.a(lib_a-nano-vfprintf_i.o)
                              c:/ac6/systemworkbench/plugins/fr.ac6.mcu.externaltools.arm-none.win32_1.17.0.201812190825/tools/compiler/bin/../lib/gcc/arm-none-eabi/7.3.1/../../../../arm-none-eabi/lib/thumb/v7e-m/fpv4-sp/hard\libc_nano.a(lib_a-nano-vfprintf_float.o) (_printf_common)
c:/ac6/systemworkbench/plugins/fr.ac6.mcu.externaltools.arm-none.win32_1.17.0.201812190825/tools/compiler/bin/../lib/gcc/arm-none-eabi/7.3.1/../../../../arm-none-eabi/lib/thumb/v7e-m/fpv4-sp/hard\libc_nano.a(lib_a-sprintf.o)
                              Core/Src/lsm303ctr_add.o (sprintf)
c:/ac6/systemworkbench/plugins/fr.ac6.mcu.externaltools.arm-none.win32_1.17.0.201812190825/tools/compiler/bin/../lib/gcc/arm-none-eabi/7.3.1/../../../../arm-none-eabi/lib/thumb/v7e-m/fpv4-sp/hard\libc_nano.a(lib_a-strlen.o)
[...]
Memory Configuration

Name             Origin             Length             Attributes
RAM              0x20000000         0x00018000         xrw
RAM2             0x10000000         0x00008000         xrw
FLASH            0x08000000         0x00100000         xr
*default*        0x00000000         0xffffffff

Linker script and memory map

LOAD c:/ac6/systemworkbench/plugins/fr.ac6.mcu.externaltools.arm-none.win32_1.17.0.201812190825/tools/compiler/bin/../lib/gcc/arm-none-eabi/7.3.1/thumb/v7e-m/fpv4-sp/hard/crti.o
LOAD c:/ac6/systemworkbench/plugins/fr.ac6.mcu.externaltools.arm-none.win32_1.17.0.201812190825/tools/compiler/bin/../lib/gcc/arm-none-eabi/7.3.1/thumb/v7e-m/fpv4-sp/hard/crtbegin.o
LOAD c:/ac6/systemworkbench/plugins/fr.ac6.mcu.externaltools.arm-none.win32_1.17.0.201812190825/tools/compiler/bin/../lib/gcc/arm-none-eabi/7.3.1/../../../../arm-none-eabi/lib/thumb/v7e-m/fpv4-sp/hard/crt0.o
LOAD Core/Src/dma.o
LOAD Core/Src/gpio.o
LOAD Core/Src/lsm303ctr_add.o
LOAD Core/Src/lsm303ctr_reg.o
LOAD Core/Src/main.o
LOAD Core/Src/spi.o
LOAD Core/Src/stm32l4xx_hal_msp.o
LOAD Core/Src/stm32l4xx_it.o
LOAD Core/Src/syscalls.o
LOAD Core/Src/system_stm32l4xx.o
LOAD Core/Src/usart.o
LOAD Drivers/STM32L4xx_HAL_Driver/Src/stm32l4xx_hal.o
LOAD Drivers/STM32L4xx_HAL_Driver/Src/stm32l4xx_hal_cortex.o
LOAD Drivers/STM32L4xx_HAL_Driver/Src/stm32l4xx_hal_dma.o
LOAD Drivers/STM32L4xx_HAL_Driver/Src/stm32l4xx_hal_dma_ex.o
LOAD Drivers/STM32L4xx_HAL_Driver/Src/stm32l4xx_hal_exti.o
LOAD Drivers/STM32L4xx_HAL_Driver/Src/stm32l4xx_hal_flash.o
LOAD Drivers/STM32L4xx_HAL_Driver/Src/stm32l4xx_hal_flash_ex.o
LOAD Drivers/STM32L4xx_HAL_Driver/Src/stm32l4xx_hal_flash_ramfunc.o
LOAD Drivers/STM32L4xx_HAL_Driver/Src/stm32l4xx_hal_gpio.o
LOAD Drivers/STM32L4xx_HAL_Driver/Src/stm32l4xx_hal_i2c.o
LOAD Drivers/STM32L4xx_HAL_Driver/Src/stm32l4xx_hal_i2c_ex.o
LOAD Drivers/STM32L4xx_HAL_Driver/Src/stm32l4xx_hal_pwr.o
LOAD Drivers/STM32L4xx_HAL_Driver/Src/stm32l4xx_hal_pwr_ex.o
LOAD Drivers/STM32L4xx_HAL_Driver/Src/stm32l4xx_hal_rcc.o
LOAD Drivers/STM32L4xx_HAL_Driver/Src/stm32l4xx_hal_rcc_ex.o
LOAD Drivers/STM32L4xx_HAL_Driver/Src/stm32l4xx_hal_spi.o
LOAD Drivers/STM32L4xx_HAL_Driver/Src/stm32l4xx_hal_spi_ex.o
LOAD Drivers/STM32L4xx_HAL_Driver/Src/stm32l4xx_hal_tim.o
LOAD Drivers/STM32L4xx_HAL_Driver/Src/stm32l4xx_hal_tim_ex.o
LOAD Drivers/STM32L4xx_HAL_Driver/Src/stm32l4xx_hal_uart.o
LOAD Drivers/STM32L4xx_HAL_Driver/Src/stm32l4xx_hal_uart_ex.o
LOAD startup/startup_stm32l476xx.o
LOAD c:/ac6/systemworkbench/plugins/fr.ac6.mcu.externaltools.arm-none.win32_1.17.0.201812190825/tools/compiler/bin/../lib/gcc/arm-none-eabi/7.3.1/../../../../arm-none-eabi/lib/thumb/v7e-m/fpv4-sp/hard\libm.a
START GROUP
LOAD c:/ac6/systemworkbench/plugins/fr.ac6.mcu.externaltools.arm-none.win32_1.17.0.201812190825/tools/compiler/bin/../lib/gcc/arm-none-eabi/7.3.1/thumb/v7e-m/fpv4-sp/hard\libgcc.a
LOAD c:/ac6/systemworkbench/plugins/fr.ac6.mcu.externaltools.arm-none.win32_1.17.0.201812190825/tools/compiler/bin/../lib/gcc/arm-none-eabi/7.3.1/../../../../arm-none-eabi/lib/thumb/v7e-m/fpv4-sp/hard\libc_nano.a
END GROUP
START GROUP
LOAD c:/ac6/systemworkbench/plugins/fr.ac6.mcu.externaltools.arm-none.win32_1.17.0.201812190825/tools/compiler/bin/../lib/gcc/arm-none-eabi/7.3.1/thumb/v7e-m/fpv4-sp/hard\libgcc.a
LOAD c:/ac6/systemworkbench/plugins/fr.ac6.mcu.externaltools.arm-none.win32_1.17.0.201812190825/tools/compiler/bin/../lib/gcc/arm-none-eabi/7.3.1/../../../../arm-none-eabi/lib/thumb/v7e-m/fpv4-sp/hard\libc_nano.a
LOAD c:/ac6/systemworkbench/plugins/fr.ac6.mcu.externaltools.arm-none.win32_1.17.0.201812190825/tools/compiler/bin/../lib/gcc/arm-none-eabi/7.3.1/../../../../arm-none-eabi/lib/thumb/v7e-m/fpv4-sp/hard\libnosys.a
END GROUP
START GROUP
LOAD c:/ac6/systemworkbench/plugins/fr.ac6.mcu.externaltools.arm-none.win32_1.17.0.201812190825/tools/compiler/bin/../lib/gcc/arm-none-eabi/7.3.1/thumb/v7e-m/fpv4-sp/hard\libgcc.a
LOAD c:/ac6/systemworkbench/plugins/fr.ac6.mcu.externaltools.arm-none.win32_1.17.0.201812190825/tools/compiler/bin/../lib/gcc/arm-none-eabi/7.3.1/../../../../arm-none-eabi/lib/thumb/v7e-m/fpv4-sp/hard\libc_nano.a
LOAD c:/ac6/systemworkbench/plugins/fr.ac6.mcu.externaltools.arm-none.win32_1.17.0.201812190825/tools/compiler/bin/../lib/gcc/arm-none-eabi/7.3.1/../../../../arm-none-eabi/lib/thumb/v7e-m/fpv4-sp/hard\libnosys.a
END GROUP
LOAD c:/ac6/systemworkbench/plugins/fr.ac6.mcu.externaltools.arm-none.win32_1.17.0.201812190825/tools/compiler/bin/../lib/gcc/arm-none-eabi/7.3.1/thumb/v7e-m/fpv4-sp/hard/crtend.o
LOAD c:/ac6/systemworkbench/plugins/fr.ac6.mcu.externaltools.arm-none.win32_1.17.0.201812190825/tools/compiler/bin/../lib/gcc/arm-none-eabi/7.3.1/thumb/v7e-m/fpv4-sp/hard/crtn.o
                0x20018000                _estack = 0x20018000
                0x00000200                _Min_Heap_Size = 0x200
                0x00000400                _Min_Stack_Size = 0x400

.isr_vector     0x08000000      0x188
                0x08000000                . = ALIGN (0x8)
 *(.isr_vector)
 .isr_vector    0x08000000      0x188 startup/startup_stm32l476xx.o
                0x08000000                g_pfnVectors
                0x08000188                . = ALIGN (0x8)

.text           0x08000190     0x6518
                0x08000190                . = ALIGN (0x8)
 *(.text)
 .text          0x08000190       0x40 c:/ac6/systemworkbench/plugins/fr.ac6.mcu.externaltools.arm-none.win32_1.17.0.201812190825/tools/compiler/bin/../lib/gcc/arm-none-eabi/7.3.1/thumb/v7e-m/fpv4-sp/hard/crtbegin.o
 .text          0x080001d0      0x378 c:/ac6/systemworkbench/plugins/fr.ac6.mcu.externaltools.arm-none.win32_1.17.0.201812190825/tools/compiler/bin/../lib/gcc/arm-none-eabi/7.3.1/thumb/v7e-m/fpv4-sp/hard\libgcc.a(_arm_addsubdf3.o)
                0x080001d0                __aeabi_drsub
                0x080001d8                __aeabi_dsub
                0x080001d8                __subdf3
                0x080001dc                __aeabi_dadd
                0x080001dc                __adddf3
                0x08000454                __floatunsidf
                0x08000454                __aeabi_ui2d
                0x08000474                __floatsidf
                0x08000474                __aeabi_i2d
                0x08000498                __aeabi_f2d
                0x08000498                __extendsfdf2
                0x080004dc                __floatundidf
                0x080004dc                __aeabi_ul2d
                0x080004ec                __floatdidf
                0x080004ec                __aeabi_l2d
 .text          0x08000548       0x30 c:/ac6/systemworkbench/plugins/fr.ac6.mcu.externaltools.arm-none.win32_1.17.0.201812190825/tools/compiler/bin/../lib/gcc/arm-none-eabi/7.3.1/thumb/v7e-m/fpv4-sp/hard\libgcc.a(_aeabi_uldivmod.o)
                0x08000548                __aeabi_uldivmod
 .text          0x08000578      0x2cc c:/ac6/systemworkbench/plugins/fr.ac6.mcu.externaltools.arm-none.win32_1.17.0.201812190825/tools/compiler/bin/../lib/gcc/arm-none-eabi/7.3.1/thumb/v7e-m/fpv4-sp/hard\libgcc.a(_udivmoddi4.o)
                0x08000578                __udivmoddi4
 .text          0x08000844        0x4 c:/ac6/systemworkbench/plugins/fr.ac6.mcu.externaltools.arm-none.win32_1.17.0.201812190825/tools/compiler/bin/../lib/gcc/arm-none-eabi/7.3.1/thumb/v7e-m/fpv4-sp/hard\libgcc.a(_dvmd_tls.o)
                0x08000844                __aeabi_idiv0
                0x08000844                __aeabi_ldiv0
 .text          0x08000848       0x10 c:/ac6/systemworkbench/plugins/fr.ac6.mcu.externaltools.arm-none.win32_1.17.0.201812190825/tools/compiler/bin/../lib/gcc/arm-none-eabi/7.3.1/../../../../arm-none-eabi/lib/thumb/v7e-m/fpv4-sp/hard\libc_nano.a(lib_a-strlen.o)
                0x08000848                strlen
 *fill*         0x08000858        0x8 
 .text          0x08000860       0xa0 c:/ac6/systemworkbench/plugins/fr.ac6.mcu.externaltools.arm-none.win32_1.17.0.201812190825/tools/compiler/bin/../lib/gcc/arm-none-eabi/7.3.1/../../../../arm-none-eabi/lib/thumb/v7e-m/fpv4-sp/hard\libc_nano.a(lib_a-memchr.o)
                0x08000860                memchr
 .text          0x08000900      0x424 c:/ac6/systemworkbench/plugins/fr.ac6.mcu.externaltools.arm-none.win32_1.17.0.201812190825/tools/compiler/bin/../lib/gcc/arm-none-eabi/7.3.1/thumb/v7e-m/fpv4-sp/hard\libgcc.a(_arm_muldivdf3.o)
                0x08000900                __aeabi_dmul
                0x08000900                __muldf3
                0x08000b54                __divdf3
                0x08000b54                __aeabi_ddiv
 .text          0x08000d24      0x110 c:/ac6/systemworkbench/plugins/fr.ac6.mcu.externaltools.arm-none.win32_1.17.0.201812190825/tools/compiler/bin/../lib/gcc/arm-none-eabi/7.3.1/thumb/v7e-m/fpv4-sp/hard\libgcc.a(_arm_cmpdf2.o)
                0x08000d24                __gtdf2
                0x08000d24                __gedf2
                0x08000d2c                __ltdf2
                0x08000d2c                __ledf2
                0x08000d34                __nedf2
                0x08000d34                __eqdf2
                0x08000d34                __cmpdf2
                0x08000db0                __aeabi_cdrcmple
                0x08000dc0                __aeabi_cdcmpeq
                0x08000dc0                __aeabi_cdcmple
                0x08000dd0                __aeabi_dcmpeq
                0x08000de4                __aeabi_dcmplt
                0x08000df8                __aeabi_dcmple
                0x08000e0c                __aeabi_dcmpge
                0x08000e20                __aeabi_dcmpgt
 .text          0x08000e34       0x2c c:/ac6/systemworkbench/plugins/fr.ac6.mcu.externaltools.arm-none.win32_1.17.0.201812190825/tools/compiler/bin/../lib/gcc/arm-none-eabi/7.3.1/thumb/v7e-m/fpv4-sp/hard\libgcc.a(_arm_unorddf2.o)
                0x08000e34                __unorddf2
                0x08000e34                __aeabi_dcmpun
 .text          0x08000e60       0x50 c:/ac6/systemworkbench/plugins/fr.ac6.mcu.externaltools.arm-none.win32_1.17.0.201812190825/tools/compiler/bin/../lib/gcc/arm-none-eabi/7.3.1/thumb/v7e-m/fpv4-sp/hard\libgcc.a(_arm_fixdfsi.o)
                0x08000e60                __aeabi_d2iz
                0x08000e60                __fixdfsi
 *(.text*)
 .text.MX_DMA_Init
                0x08000eb0       0x44 Core/Src/dma.o
                0x08000eb0                MX_DMA_Init
 .text.MX_GPIO_Init
                0x08000ef4      0x114 Core/Src/gpio.o
                0x08000ef4                MX_GPIO_Init
 .text.lsm303ctr_write_a
                0x08001008       0x54 Core/Src/lsm303ctr_add.o
                0x08001008                lsm303ctr_write_a
 .text.lsm303ctr_write_m
                0x0800105c       0x50 Core/Src/lsm303ctr_add.o
                0x0800105c                lsm303ctr_write_m
 .text.lsm303ctr_read_a
                0x080010ac       0x54 Core/Src/lsm303ctr_add.o
                0x080010ac                lsm303ctr_read_a
 .text.lsm303ctr_read_m
                0x08001100       0x54 Core/Src/lsm303ctr_add.o
                0x08001100                lsm303ctr_read_m
 .text.transfer_data
                0x08001154       0x1c Core/Src/lsm303ctr_add.o
                0x08001154                transfer_data
 .text.error_shouter
                0x08001170       0x24 Core/Src/lsm303ctr_add.o
                0x08001170                error_shouter
 .text.lsm303ctr_init
                0x08001194       0xf4 Core/Src/lsm303ctr_add.o
                0x08001194                lsm303ctr_init
 .text.lsm303ctr_sendAccel
                0x08001288      0x114 Core/Src/lsm303ctr_add.o
                0x08001288                lsm303ctr_sendAccel
 .text.lsm303ctr_AccelerationRead
                0x0800139c       0x78 Core/Src/lsm303ctr_add.o
                0x0800139c                lsm303ctr_AccelerationRead
 .text.lsm303ctr_read_reg
                0x08001414        0xa Core/Src/lsm303ctr_reg.o
                0x08001414                lsm303ctr_read_reg
 .text.lsm303ctr_write_reg
                0x0800141e        0xa Core/Src/lsm303ctr_reg.o
                0x0800141e                lsm303ctr_write_reg
 .text.lsm303ctr_from_fs_2g_hr_to_mg
                0x08001428       0x24 Core/Src/lsm303ctr_reg.o
                0x08001428                lsm303ctr_from_fs_2g_hr_to_mg
 .text.lsm303ctr_temperature_meas_set
                0x0800144c       0x38 Core/Src/lsm303ctr_reg.o
                0x0800144c                lsm303ctr_temperature_meas_set
 .text.lsm303ctr_xl_data_rate_set
                0x08001484       0x38 Core/Src/lsm303ctr_reg.o
                0x08001484                lsm303ctr_xl_data_rate_set
 .text.lsm303ctr_xl_full_scale_set
                0x080014bc       0x38 Core/Src/lsm303ctr_reg.o
                0x080014bc                lsm303ctr_xl_full_scale_set
 .text.lsm303ctr_xl_block_data_update_set
                0x080014f4       0x38 Core/Src/lsm303ctr_reg.o
                0x080014f4                lsm303ctr_xl_block_data_update_set
 .text.lsm303ctr_acceleration_raw_get
                0x0800152c       0x3e Core/Src/lsm303ctr_reg.o
                0x0800152c                lsm303ctr_acceleration_raw_get
 .text.lsm303ctr_xl_device_id_get
                0x0800156a        0xe Core/Src/lsm303ctr_reg.o
                0x0800156a                lsm303ctr_xl_device_id_get
 .text.lsm303ctr_xl_status_get
                0x08001578        0xe Core/Src/lsm303ctr_reg.o
                0x08001578                lsm303ctr_xl_status_get
 .text.lsm303ctr_mag_reset_set
                0x08001586       0x38 Core/Src/lsm303ctr_reg.o
                0x08001586                lsm303ctr_mag_reset_set
 .text.lsm303ctr_mag_reset_get
                0x080015be       0x1e Core/Src/lsm303ctr_reg.o
                0x080015be                lsm303ctr_mag_reset_get
 .text.waiterForEOFTx
                0x080015dc       0x24 Core/Src/main.o
                0x080015dc                waiterForEOFTx
 .text.HAL_UART_TxCpltCallback
                0x08001600       0x1c Core/Src/main.o
                0x08001600                HAL_UART_TxCpltCallback
 .text.Error_Handler
                0x0800161c        0x4 Core/Src/main.o
                0x0800161c                Error_Handler
 .text.SystemClock_Config
                0x08001620       0x94 Core/Src/main.o
                0x08001620                SystemClock_Config
 .text.main     0x080016b4       0x48 Core/Src/main.o
                0x080016b4                main
 .text.MX_SPI2_Init
                0x080016fc       0x50 Core/Src/spi.o
                0x080016fc                MX_SPI2_Init
 .text.HAL_SPI_MspInit
                0x0800174c       0x78 Core/Src/spi.o
                0x0800174c                HAL_SPI_MspInit
 .text.HAL_MspInit
                0x080017c4       0x30 Core/Src/stm32l4xx_hal_msp.o
                0x080017c4                HAL_MspInit
 .text.NMI_Handler
                0x080017f4        0x2 Core/Src/stm32l4xx_it.o
                0x080017f4                NMI_Handler
 .text.HardFault_Handler
                0x080017f6        0x2 Core/Src/stm32l4xx_it.o
                0x080017f6                HardFault_Handler
 .text.MemManage_Handler
                0x080017f8        0x2 Core/Src/stm32l4xx_it.o
                0x080017f8                MemManage_Handler
 .text.BusFault_Handler
                0x080017fa        0x2 Core/Src/stm32l4xx_it.o
                0x080017fa                BusFault_Handler
 .text.UsageFault_Handler
                0x080017fc        0x2 Core/Src/stm32l4xx_it.o
                0x080017fc                UsageFault_Handler
 .text.SVC_Handler
                0x080017fe        0x2 Core/Src/stm32l4xx_it.o
                0x080017fe                SVC_Handler
 .text.DebugMon_Handler
                0x08001800        0x2 Core/Src/stm32l4xx_it.o
                0x08001800                DebugMon_Handler
 .text.PendSV_Handler
                0x08001802        0x2 Core/Src/stm32l4xx_it.o
                0x08001802                PendSV_Handler
 .text.SysTick_Handler
                0x08001804        0x8 Core/Src/stm32l4xx_it.o
                0x08001804                SysTick_Handler
 .text.EXTI0_IRQHandler
                0x0800180c        0xa Core/Src/stm32l4xx_it.o
                0x0800180c                EXTI0_IRQHandler
 *fill*         0x08001816        0x2 
 .text.DMA1_Channel6_IRQHandler
                0x08001818       0x10 Core/Src/stm32l4xx_it.o
                0x08001818                DMA1_Channel6_IRQHandler
 .text.DMA1_Channel7_IRQHandler
                0x08001828       0x10 Core/Src/stm32l4xx_it.o
                0x08001828                DMA1_Channel7_IRQHandler
 .text.SPI2_IRQHandler
                0x08001838       0x10 Core/Src/stm32l4xx_it.o
                0x08001838                SPI2_IRQHandler
 .text.USART2_IRQHandler
                0x08001848       0x10 Core/Src/stm32l4xx_it.o
                0x08001848                USART2_IRQHandler
 .text._sbrk    0x08001858       0x3c Core/Src/syscalls.o
                0x08001858                _sbrk
 .text.SystemInit
                0x08001894       0x48 Core/Src/system_stm32l4xx.o
                0x08001894                SystemInit
 .text.MX_USART2_UART_Init
                0x080018dc       0x38 Core/Src/usart.o
                0x080018dc                MX_USART2_UART_Init
 .text.HAL_UART_MspInit
                0x08001914       0xe4 Core/Src/usart.o
                0x08001914                HAL_UART_MspInit
 .text.HAL_InitTick
                0x080019f8       0x4c Drivers/STM32L4xx_HAL_Driver/Src/stm32l4xx_hal.o
                0x080019f8                HAL_InitTick
 .text.HAL_Init
                0x08001a44       0x1e Drivers/STM32L4xx_HAL_Driver/Src/stm32l4xx_hal.o
                0x08001a44                HAL_Init
 *fill*         0x08001a62        0x2 
 .text.HAL_IncTick
                0x08001a64       0x18 Drivers/STM32L4xx_HAL_Driver/Src/stm32l4xx_hal.o
                0x08001a64                HAL_IncTick
 .text.HAL_GetTick
                0x08001a7c        0xc Drivers/STM32L4xx_HAL_Driver/Src/stm32l4xx_hal.o
                0x08001a7c                HAL_GetTick
 .text.HAL_Delay
                0x08001a88       0x28 Drivers/STM32L4xx_HAL_Driver/Src/stm32l4xx_hal.o
                0x08001a88                HAL_Delay
 .text.HAL_NVIC_SetPriorityGrouping
                0x08001ab0       0x24 Drivers/STM32L4xx_HAL_Driver/Src/stm32l4xx_hal_cortex.o
                0x08001ab0                HAL_NVIC_SetPriorityGrouping
 .text.HAL_NVIC_SetPriority
                0x08001ad4       0x68 Drivers/STM32L4xx_HAL_Driver/Src/stm32l4xx_hal_cortex.o
                0x08001ad4                HAL_NVIC_SetPriority
 .text.HAL_NVIC_EnableIRQ
                0x08001b3c       0x1c Drivers/STM32L4xx_HAL_Driver/Src/stm32l4xx_hal_cortex.o
                0x08001b3c                HAL_NVIC_EnableIRQ
 .text.HAL_SYSTICK_Config
                0x08001b58       0x2c Drivers/STM32L4xx_HAL_Driver/Src/stm32l4xx_hal_cortex.o
                0x08001b58                HAL_SYSTICK_Config
 .text.DMA_SetConfig
                0x08001b84       0x30 Drivers/STM32L4xx_HAL_Driver/Src/stm32l4xx_hal_dma.o
 .text.HAL_DMA_Init
                0x08001bb4       0xf8 Drivers/STM32L4xx_HAL_Driver/Src/stm32l4xx_hal_dma.o
                0x08001bb4                HAL_DMA_Init
 .text.HAL_DMA_Start_IT
                0x08001cac       0x76 Drivers/STM32L4xx_HAL_Driver/Src/stm32l4xx_hal_dma.o
                0x08001cac                HAL_DMA_Start_IT
 .text.HAL_DMA_Abort_IT
                0x08001d22       0x50 Drivers/STM32L4xx_HAL_Driver/Src/stm32l4xx_hal_dma.o
                0x08001d22                HAL_DMA_Abort_IT
 .text.HAL_DMA_IRQHandler
                0x08001d72       0xc4 Drivers/STM32L4xx_HAL_Driver/Src/stm32l4xx_hal_dma.o
                0x08001d72                HAL_DMA_IRQHandler
 *fill*         0x08001e36        0x2 
 .text.HAL_GPIO_Init
                0x08001e38      0x1c8 Drivers/STM32L4xx_HAL_Driver/Src/stm32l4xx_hal_gpio.o
                0x08001e38                HAL_GPIO_Init
 .text.HAL_GPIO_WritePin
                0x08002000        0xa Drivers/STM32L4xx_HAL_Driver/Src/stm32l4xx_hal_gpio.o
                0x08002000                HAL_GPIO_WritePin
 .text.HAL_GPIO_EXTI_Callback
                0x0800200a        0x2 Drivers/STM32L4xx_HAL_Driver/Src/stm32l4xx_hal_gpio.o
                0x0800200a                HAL_GPIO_EXTI_Callback
 .text.HAL_GPIO_EXTI_IRQHandler
                0x0800200c       0x1c Drivers/STM32L4xx_HAL_Driver/Src/stm32l4xx_hal_gpio.o
                0x0800200c                HAL_GPIO_EXTI_IRQHandler
 .text.HAL_PWREx_GetVoltageRange
                0x08002028       0x10 Drivers/STM32L4xx_HAL_Driver/Src/stm32l4xx_hal_pwr_ex.o
                0x08002028                HAL_PWREx_GetVoltageRange
 .text.HAL_PWREx_ControlVoltageScaling
                0x08002038       0x90 Drivers/STM32L4xx_HAL_Driver/Src/stm32l4xx_hal_pwr_ex.o
                0x08002038                HAL_PWREx_ControlVoltageScaling
 .text.RCC_SetFlashLatencyFromMSIRange
                0x080020c8       0x90 Drivers/STM32L4xx_HAL_Driver/Src/stm32l4xx_hal_rcc.o
 .text.HAL_RCC_GetSysClockFreq
                0x08002158       0xb4 Drivers/STM32L4xx_HAL_Driver/Src/stm32l4xx_hal_rcc.o
                0x08002158                HAL_RCC_GetSysClockFreq
 .text.HAL_RCC_OscConfig
                0x0800220c      0x638 Drivers/STM32L4xx_HAL_Driver/Src/stm32l4xx_hal_rcc.o
                0x0800220c                HAL_RCC_OscConfig
 .text.HAL_RCC_ClockConfig
                0x08002844      0x158 Drivers/STM32L4xx_HAL_Driver/Src/stm32l4xx_hal_rcc.o
                0x08002844                HAL_RCC_ClockConfig
 .text.HAL_RCC_GetHCLKFreq
                0x0800299c        0xc Drivers/STM32L4xx_HAL_Driver/Src/stm32l4xx_hal_rcc.o
                0x0800299c                HAL_RCC_GetHCLKFreq
 .text.HAL_RCC_GetPCLK1Freq
                0x080029a8       0x24 Drivers/STM32L4xx_HAL_Driver/Src/stm32l4xx_hal_rcc.o
                0x080029a8                HAL_RCC_GetPCLK1Freq
 .text.HAL_RCC_GetPCLK2Freq
                0x080029cc       0x24 Drivers/STM32L4xx_HAL_Driver/Src/stm32l4xx_hal_rcc.o
                0x080029cc                HAL_RCC_GetPCLK2Freq
 .text.RCCEx_PLLSAI1_Config
                0x080029f0      0x170 Drivers/STM32L4xx_HAL_Driver/Src/stm32l4xx_hal_rcc_ex.o
 .text.RCCEx_PLLSAI2_Config
                0x08002b60      0x14c Drivers/STM32L4xx_HAL_Driver/Src/stm32l4xx_hal_rcc_ex.o
 .text.HAL_RCCEx_PeriphCLKConfig
                0x08002cac      0x450 Drivers/STM32L4xx_HAL_Driver/Src/stm32l4xx_hal_rcc_ex.o
                0x08002cac                HAL_RCCEx_PeriphCLKConfig
 .text.SPI_WaitFlagStateUntilTimeout
                0x080030fc       0xd0 Drivers/STM32L4xx_HAL_Driver/Src/stm32l4xx_hal_spi.o
 .text.SPI_WaitFifoStateUntilTimeout
                0x080031cc       0xdc Drivers/STM32L4xx_HAL_Driver/Src/stm32l4xx_hal_spi.o
 .text.SPI_EndRxTxTransaction
                0x080032a8       0x66 Drivers/STM32L4xx_HAL_Driver/Src/stm32l4xx_hal_spi.o
 .text.SPI_EndRxTransaction
                0x0800330e       0x88 Drivers/STM32L4xx_HAL_Driver/Src/stm32l4xx_hal_spi.o
 .text.HAL_SPI_Init
                0x08003396       0xde Drivers/STM32L4xx_HAL_Driver/Src/stm32l4xx_hal_spi.o
                0x08003396                HAL_SPI_Init
 .text.HAL_SPI_Transmit
                0x08003474      0x1e6 Drivers/STM32L4xx_HAL_Driver/Src/stm32l4xx_hal_spi.o
                0x08003474                HAL_SPI_Transmit
 .text.HAL_SPI_TransmitReceive
                0x0800365a      0x2ce Drivers/STM32L4xx_HAL_Driver/Src/stm32l4xx_hal_spi.o
                0x0800365a                HAL_SPI_TransmitReceive
 .text.HAL_SPI_Receive
                0x08003928      0x19e Drivers/STM32L4xx_HAL_Driver/Src/stm32l4xx_hal_spi.o
                0x08003928                HAL_SPI_Receive
 .text.HAL_SPI_ErrorCallback
                0x08003ac6        0x2 Drivers/STM32L4xx_HAL_Driver/Src/stm32l4xx_hal_spi.o
                0x08003ac6                HAL_SPI_ErrorCallback
 .text.HAL_SPI_IRQHandler
                0x08003ac8      0x120 Drivers/STM32L4xx_HAL_Driver/Src/stm32l4xx_hal_spi.o
                0x08003ac8                HAL_SPI_IRQHandler
 .text.SPI_DMAAbortOnError
                0x08003be8       0x12 Drivers/STM32L4xx_HAL_Driver/Src/stm32l4xx_hal_spi.o
 .text.UART_EndTxTransfer
                0x08003bfa       0x10 Drivers/STM32L4xx_HAL_Driver/Src/stm32l4xx_hal_uart.o
 .text.UART_EndRxTransfer
                0x08003c0a       0x1e Drivers/STM32L4xx_HAL_Driver/Src/stm32l4xx_hal_uart.o
 .text.HAL_UART_Transmit_DMA
                0x08003c28       0xa4 Drivers/STM32L4xx_HAL_Driver/Src/stm32l4xx_hal_uart.o
                0x08003c28                HAL_UART_Transmit_DMA
 .text.HAL_UART_Receive_DMA
                0x08003ccc       0xac Drivers/STM32L4xx_HAL_Driver/Src/stm32l4xx_hal_uart.o
                0x08003ccc                HAL_UART_Receive_DMA
 .text.UART_DMATransmitCplt
                0x08003d78       0x32 Drivers/STM32L4xx_HAL_Driver/Src/stm32l4xx_hal_uart.o
 .text.UART_EndTransmit_IT
                0x08003daa       0x1a Drivers/STM32L4xx_HAL_Driver/Src/stm32l4xx_hal_uart.o
 .text.HAL_UART_TxHalfCpltCallback
                0x08003dc4        0x2 Drivers/STM32L4xx_HAL_Driver/Src/stm32l4xx_hal_uart.o
                0x08003dc4                HAL_UART_TxHalfCpltCallback
 .text.UART_DMATxHalfCplt
                0x08003dc6        0xa Drivers/STM32L4xx_HAL_Driver/Src/stm32l4xx_hal_uart.o
 .text.HAL_UART_RxCpltCallback
                0x08003dd0        0x2 Drivers/STM32L4xx_HAL_Driver/Src/stm32l4xx_hal_uart.o
                0x08003dd0                HAL_UART_RxCpltCallback
 .text.UART_DMAReceiveCplt
                0x08003dd2       0x3e Drivers/STM32L4xx_HAL_Driver/Src/stm32l4xx_hal_uart.o
 .text.HAL_UART_RxHalfCpltCallback
                0x08003e10        0x2 Drivers/STM32L4xx_HAL_Driver/Src/stm32l4xx_hal_uart.o
                0x08003e10                HAL_UART_RxHalfCpltCallback
 .text.UART_DMARxHalfCplt
                0x08003e12        0xa Drivers/STM32L4xx_HAL_Driver/Src/stm32l4xx_hal_uart.o
 .text.HAL_UART_ErrorCallback
                0x08003e1c        0x2 Drivers/STM32L4xx_HAL_Driver/Src/stm32l4xx_hal_uart.o
                0x08003e1c                HAL_UART_ErrorCallback
 .text.UART_DMAError
                0x08003e1e       0x50 Drivers/STM32L4xx_HAL_Driver/Src/stm32l4xx_hal_uart.o
 *fill*         0x08003e6e        0x2 
 .text.HAL_UART_IRQHandler
                0x08003e70      0x17c Drivers/STM32L4xx_HAL_Driver/Src/stm32l4xx_hal_uart.o
                0x08003e70                HAL_UART_IRQHandler
 .text.UART_DMAAbortOnError
                0x08003fec       0x14 Drivers/STM32L4xx_HAL_Driver/Src/stm32l4xx_hal_uart.o
 .text.UART_SetConfig
                0x08004000      0x324 Drivers/STM32L4xx_HAL_Driver/Src/stm32l4xx_hal_uart.o
                0x08004000                UART_SetConfig
 .text.UART_AdvFeatureConfig
                0x08004324       0xca Drivers/STM32L4xx_HAL_Driver/Src/stm32l4xx_hal_uart.o
                0x08004324                UART_AdvFeatureConfig
 .text.UART_WaitOnFlagUntilTimeout
                0x080043ee       0x9c Drivers/STM32L4xx_HAL_Driver/Src/stm32l4xx_hal_uart.o
                0x080043ee                UART_WaitOnFlagUntilTimeout
 .text.UART_CheckIdleState
                0x0800448a       0x6c Drivers/STM32L4xx_HAL_Driver/Src/stm32l4xx_hal_uart.o
                0x0800448a                UART_CheckIdleState
 .text.HAL_UART_Init
                0x080044f6       0x62 Drivers/STM32L4xx_HAL_Driver/Src/stm32l4xx_hal_uart.o
                0x080044f6                HAL_UART_Init
 .text.HAL_UARTEx_WakeupCallback
                0x08004558        0x2 Drivers/STM32L4xx_HAL_Driver/Src/stm32l4xx_hal_uart_ex.o
                0x08004558                HAL_UARTEx_WakeupCallback
 *fill*         0x0800455a        0x2 
 .text.Reset_Handler
                0x0800455c       0x50 startup/startup_stm32l476xx.o
                0x0800455c                Reset_Handler
 .text.Default_Handler
                0x080045ac        0x2 startup/startup_stm32l476xx.o
                0x080045ac                RTC_Alarm_IRQHandler
                0x080045ac                EXTI2_IRQHandler
                0x080045ac                TIM8_TRG_COM_IRQHandler
                0x080045ac                TIM8_CC_IRQHandler
                0x080045ac                TIM1_CC_IRQHandler
                0x080045ac                TSC_IRQHandler
                0x080045ac                TAMP_STAMP_IRQHandler
                0x080045ac                EXTI3_IRQHandler
                0x080045ac                LPTIM2_IRQHandler
                0x080045ac                DFSDM1_FLT1_IRQHandler
                0x080045ac                I2C3_ER_IRQHandler
                0x080045ac                DFSDM1_FLT2_IRQHandler
                0x080045ac                I2C2_EV_IRQHandler
                0x080045ac                CAN1_RX0_IRQHandler
                0x080045ac                FPU_IRQHandler
                0x080045ac                TIM1_UP_TIM16_IRQHandler
                0x080045ac                ADC1_2_IRQHandler
                0x080045ac                SPI1_IRQHandler
                0x080045ac                TIM6_DAC_IRQHandler
                0x080045ac                TIM8_UP_IRQHandler
                0x080045ac                DMA2_Channel2_IRQHandler
                0x080045ac                DMA1_Channel4_IRQHandler
                0x080045ac                SAI2_IRQHandler
                0x080045ac                DFSDM1_FLT3_IRQHandler
                0x080045ac                USART3_IRQHandler
                0x080045ac                CAN1_RX1_IRQHandler
                0x080045ac                LCD_IRQHandler
                0x080045ac                UART5_IRQHandler
                0x080045ac                ADC3_IRQHandler
                0x080045ac                TIM4_IRQHandler
                0x080045ac                DMA2_Channel1_IRQHandler
                0x080045ac                QUADSPI_IRQHandler
                0x080045ac                I2C1_EV_IRQHandler
                0x080045ac                UART4_IRQHandler
                0x080045ac                DMA2_Channel4_IRQHandler
                0x080045ac                TIM3_IRQHandler
                0x080045ac                RCC_IRQHandler
                0x080045ac                DMA1_Channel1_IRQHandler
                0x080045ac                Default_Handler
                0x080045ac                DMA2_Channel7_IRQHandler
                0x080045ac                EXTI15_10_IRQHandler
                0x080045ac                TIM7_IRQHandler
                0x080045ac                SDMMC1_IRQHandler
                0x080045ac                TIM5_IRQHandler
                0x080045ac                I2C3_EV_IRQHandler
                0x080045ac                EXTI9_5_IRQHandler
                0x080045ac                RTC_WKUP_IRQHandler
                0x080045ac                PVD_PVM_IRQHandler
                0x080045ac                CAN1_TX_IRQHandler
                0x080045ac                DMA2_Channel5_IRQHandler
                0x080045ac                DMA1_Channel5_IRQHandler
                0x080045ac                EXTI4_IRQHandler
                0x080045ac                RNG_IRQHandler
                0x080045ac                TIM1_TRG_COM_TIM17_IRQHandler
                0x080045ac                DMA1_Channel3_IRQHandler
                0x080045ac                COMP_IRQHandler
                0x080045ac                WWDG_IRQHandler
                0x080045ac                LPUART1_IRQHandler
                0x080045ac                DMA2_Channel6_IRQHandler
                0x080045ac                TIM2_IRQHandler
                0x080045ac                EXTI1_IRQHandler
                0x080045ac                DFSDM1_FLT0_IRQHandler
                0x080045ac                I2C2_ER_IRQHandler
                0x080045ac                DMA1_Channel2_IRQHandler
                0x080045ac                TIM8_BRK_IRQHandler
                0x080045ac                CAN1_SCE_IRQHandler
                0x080045ac                FLASH_IRQHandler
                0x080045ac                USART1_IRQHandler
                0x080045ac                OTG_FS_IRQHandler
                0x080045ac                SPI3_IRQHandler
                0x080045ac                I2C1_ER_IRQHandler
                0x080045ac                FMC_IRQHandler
                0x080045ac                SWPMI1_IRQHandler
                0x080045ac                LPTIM1_IRQHandler
                0x080045ac                SAI1_IRQHandler
                0x080045ac                DMA2_Channel3_IRQHandler
                0x080045ac                TIM1_BRK_TIM15_IRQHandler
 *fill*         0x080045ae        0x2 
 .text.__errno  0x080045b0        0xc c:/ac6/systemworkbench/plugins/fr.ac6.mcu.externaltools.arm-none.win32_1.17.0.201812190825/tools/compiler/bin/../lib/gcc/arm-none-eabi/7.3.1/../../../../arm-none-eabi/lib/thumb/v7e-m/fpv4-sp/hard\libc_nano.a(lib_a-errno.o)
                0x080045b0                __errno
 .text.__libc_init_array
                0x080045bc       0x48 c:/ac6/systemworkbench/plugins/fr.ac6.mcu.externaltools.arm-none.win32_1.17.0.201812190825/tools/compiler/bin/../lib/gcc/arm-none-eabi/7.3.1/../../../../arm-none-eabi/lib/thumb/v7e-m/fpv4-sp/hard\libc_nano.a(lib_a-init.o)
                0x080045bc                __libc_init_array
 .text.memset   0x08004604       0x10 c:/ac6/systemworkbench/plugins/fr.ac6.mcu.externaltools.arm-none.win32_1.17.0.201812190825/tools/compiler/bin/../lib/gcc/arm-none-eabi/7.3.1/../../../../arm-none-eabi/lib/thumb/v7e-m/fpv4-sp/hard\libc_nano.a(lib_a-memset.o)
                0x08004604                memset
 .text.__cvt    0x08004614       0xc2 c:/ac6/systemworkbench/plugins/fr.ac6.mcu.externaltools.arm-none.win32_1.17.0.201812190825/tools/compiler/bin/../lib/gcc/arm-none-eabi/7.3.1/../../../../arm-none-eabi/lib/thumb/v7e-m/fpv4-sp/hard\libc_nano.a(lib_a-nano-vfprintf_float.o)
                0x08004614                __cvt
 .text.__exponent
                0x080046d6       0x66 c:/ac6/systemworkbench/plugins/fr.ac6.mcu.externaltools.arm-none.win32_1.17.0.201812190825/tools/compiler/bin/../lib/gcc/arm-none-eabi/7.3.1/../../../../arm-none-eabi/lib/thumb/v7e-m/fpv4-sp/hard\libc_nano.a(lib_a-nano-vfprintf_float.o)
                0x080046d6                __exponent
 .text._printf_float
                0x0800473c      0x480 c:/ac6/systemworkbench/plugins/fr.ac6.mcu.externaltools.arm-none.win32_1.17.0.201812190825/tools/compiler/bin/../lib/gcc/arm-none-eabi/7.3.1/../../../../arm-none-eabi/lib/thumb/v7e-m/fpv4-sp/hard\libc_nano.a(lib_a-nano-vfprintf_float.o)
                0x0800473c                _printf_float
 .text._printf_common
                0x08004bbc       0xea c:/ac6/systemworkbench/plugins/fr.ac6.mcu.externaltools.arm-none.win32_1.17.0.201812190825/tools/compiler/bin/../lib/gcc/arm-none-eabi/7.3.1/../../../../arm-none-eabi/lib/thumb/v7e-m/fpv4-sp/hard\libc_nano.a(lib_a-nano-vfprintf_i.o)
                0x08004bbc                _printf_common
 *fill*         0x08004ca6        0x2 
 .text._printf_i
                0x08004ca8      0x224 c:/ac6/systemworkbench/plugins/fr.ac6.mcu.externaltools.arm-none.win32_1.17.0.201812190825/tools/compiler/bin/../lib/gcc/arm-none-eabi/7.3.1/../../../../arm-none-eabi/lib/thumb/v7e-m/fpv4-sp/hard\libc_nano.a(lib_a-nano-vfprintf_i.o)
                0x08004ca8                _printf_i
 .text.sprintf  0x08004ecc       0x40 c:/ac6/systemworkbench/plugins/fr.ac6.mcu.externaltools.arm-none.win32_1.17.0.201812190825/tools/compiler/bin/../lib/gcc/arm-none-eabi/7.3.1/../../../../arm-none-eabi/lib/thumb/v7e-m/fpv4-sp/hard\libc_nano.a(lib_a-sprintf.o)
                0x08004ecc                siprintf
                0x08004ecc                sprintf
 .text.quorem   0x08004f0c      0x118 c:/ac6/systemworkbench/plugins/fr.ac6.mcu.externaltools.arm-none.win32_1.17.0.201812190825/tools/compiler/bin/../lib/gcc/arm-none-eabi/7.3.1/../../../../arm-none-eabi/lib/thumb/v7e-m/fpv4-sp/hard\libc_nano.a(lib_a-dtoa.o)
 *fill*         0x08005024        0x4 
 .text._dtoa_r  0x08005028      0xb70 c:/ac6/systemworkbench/plugins/fr.ac6.mcu.externaltools.arm-none.win32_1.17.0.201812190825/tools/compiler/bin/../lib/gcc/arm-none-eabi/7.3.1/../../../../arm-none-eabi/lib/thumb/v7e-m/fpv4-sp/hard\libc_nano.a(lib_a-dtoa.o)
                0x08005028                _dtoa_r
 .text._localeconv_r
                0x08005b98       0x1c c:/ac6/systemworkbench/plugins/fr.ac6.mcu.externaltools.arm-none.win32_1.17.0.201812190825/tools/compiler/bin/../lib/gcc/arm-none-eabi/7.3.1/../../../../arm-none-eabi/lib/thumb/v7e-m/fpv4-sp/hard\libc_nano.a(lib_a-localeconv.o)
                0x08005b98                _localeconv_r
 .text.malloc   0x08005bb4       0x10 c:/ac6/systemworkbench/plugins/fr.ac6.mcu.externaltools.arm-none.win32_1.17.0.201812190825/tools/compiler/bin/../lib/gcc/arm-none-eabi/7.3.1/../../../../arm-none-eabi/lib/thumb/v7e-m/fpv4-sp/hard\libc_nano.a(lib_a-malloc.o)
                0x08005bb4                malloc
 .text.memcpy   0x08005bc4       0x16 c:/ac6/systemworkbench/plugins/fr.ac6.mcu.externaltools.arm-none.win32_1.17.0.201812190825/tools/compiler/bin/../lib/gcc/arm-none-eabi/7.3.1/../../../../arm-none-eabi/lib/thumb/v7e-m/fpv4-sp/hard\libc_nano.a(lib_a-memcpy-stub.o)
                0x08005bc4                memcpy
 .text._Balloc  0x08005bda       0x68 c:/ac6/systemworkbench/plugins/fr.ac6.mcu.externaltools.arm-none.win32_1.17.0.201812190825/tools/compiler/bin/../lib/gcc/arm-none-eabi/7.3.1/../../../../arm-none-eabi/lib/thumb/v7e-m/fpv4-sp/hard\libc_nano.a(lib_a-mprec.o)
                0x08005bda                _Balloc
 .text._Bfree   0x08005c42       0x2e c:/ac6/systemworkbench/plugins/fr.ac6.mcu.externaltools.arm-none.win32_1.17.0.201812190825/tools/compiler/bin/../lib/gcc/arm-none-eabi/7.3.1/../../../../arm-none-eabi/lib/thumb/v7e-m/fpv4-sp/hard\libc_nano.a(lib_a-mprec.o)
                0x08005c42                _Bfree
 .text.__multadd
                0x08005c70       0x76 c:/ac6/systemworkbench/plugins/fr.ac6.mcu.externaltools.arm-none.win32_1.17.0.201812190825/tools/compiler/bin/../lib/gcc/arm-none-eabi/7.3.1/../../../../arm-none-eabi/lib/thumb/v7e-m/fpv4-sp/hard\libc_nano.a(lib_a-mprec.o)
                0x08005c70                __multadd
 .text.__hi0bits
                0x08005ce6       0x3e c:/ac6/systemworkbench/plugins/fr.ac6.mcu.externaltools.arm-none.win32_1.17.0.201812190825/tools/compiler/bin/../lib/gcc/arm-none-eabi/7.3.1/../../../../arm-none-eabi/lib/thumb/v7e-m/fpv4-sp/hard\libc_nano.a(lib_a-mprec.o)
                0x08005ce6                __hi0bits
 .text.__lo0bits
                0x08005d24       0x5e c:/ac6/systemworkbench/plugins/fr.ac6.mcu.externaltools.arm-none.win32_1.17.0.201812190825/tools/compiler/bin/../lib/gcc/arm-none-eabi/7.3.1/../../../../arm-none-eabi/lib/thumb/v7e-m/fpv4-sp/hard\libc_nano.a(lib_a-mprec.o)
                0x08005d24                __lo0bits
 .text.__i2b    0x08005d82       0x12 c:/ac6/systemworkbench/plugins/fr.ac6.mcu.externaltools.arm-none.win32_1.17.0.201812190825/tools/compiler/bin/../lib/gcc/arm-none-eabi/7.3.1/../../../../arm-none-eabi/lib/thumb/v7e-m/fpv4-sp/hard\libc_nano.a(lib_a-mprec.o)
                0x08005d82                __i2b
 .text.__multiply
                0x08005d94      0x12c c:/ac6/systemworkbench/plugins/fr.ac6.mcu.externaltools.arm-none.win32_1.17.0.201812190825/tools/compiler/bin/../lib/gcc/arm-none-eabi/7.3.1/../../../../arm-none-eabi/lib/thumb/v7e-m/fpv4-sp/hard\libc_nano.a(lib_a-mprec.o)
                0x08005d94                __multiply
 .text.__pow5mult
                0x08005ec0       0x9c c:/ac6/systemworkbench/plugins/fr.ac6.mcu.externaltools.arm-none.win32_1.17.0.201812190825/tools/compiler/bin/../lib/gcc/arm-none-eabi/7.3.1/../../../../arm-none-eabi/lib/thumb/v7e-m/fpv4-sp/hard\libc_nano.a(lib_a-mprec.o)
                0x08005ec0                __pow5mult
 .text.__lshift
                0x08005f5c       0xa8 c:/ac6/systemworkbench/plugins/fr.ac6.mcu.externaltools.arm-none.win32_1.17.0.201812190825/tools/compiler/bin/../lib/gcc/arm-none-eabi/7.3.1/../../../../arm-none-eabi/lib/thumb/v7e-m/fpv4-sp/hard\libc_nano.a(lib_a-mprec.o)
                0x08005f5c                __lshift
 .text.__mcmp   0x08006004       0x34 c:/ac6/systemworkbench/plugins/fr.ac6.mcu.externaltools.arm-none.win32_1.17.0.201812190825/tools/compiler/bin/../lib/gcc/arm-none-eabi/7.3.1/../../../../arm-none-eabi/lib/thumb/v7e-m/fpv4-sp/hard\libc_nano.a(lib_a-mprec.o)
                0x08006004                __mcmp
 .text.__mdiff  0x08006038       0xba c:/ac6/systemworkbench/plugins/fr.ac6.mcu.externaltools.arm-none.win32_1.17.0.201812190825/tools/compiler/bin/../lib/gcc/arm-none-eabi/7.3.1/../../../../arm-none-eabi/lib/thumb/v7e-m/fpv4-sp/hard\libc_nano.a(lib_a-mprec.o)
                0x08006038                __mdiff
 .text.__d2b    0x080060f2       0x9e c:/ac6/systemworkbench/plugins/fr.ac6.mcu.externaltools.arm-none.win32_1.17.0.201812190825/tools/compiler/bin/../lib/gcc/arm-none-eabi/7.3.1/../../../../arm-none-eabi/lib/thumb/v7e-m/fpv4-sp/hard\libc_nano.a(lib_a-mprec.o)
                0x080060f2                __d2b
 .text._calloc_r
                0x08006190       0x1c c:/ac6/systemworkbench/plugins/fr.ac6.mcu.externaltools.arm-none.win32_1.17.0.201812190825/tools/compiler/bin/../lib/gcc/arm-none-eabi/7.3.1/../../../../arm-none-eabi/lib/thumb/v7e-m/fpv4-sp/hard\libc_nano.a(lib_a-nano-callocr.o)
                0x08006190                _calloc_r
 .text._free_r  0x080061ac       0x9c c:/ac6/systemworkbench/plugins/fr.ac6.mcu.externaltools.arm-none.win32_1.17.0.201812190825/tools/compiler/bin/../lib/gcc/arm-none-eabi/7.3.1/../../../../arm-none-eabi/lib/thumb/v7e-m/fpv4-sp/hard\libc_nano.a(lib_a-nano-freer.o)
                0x080061ac                _free_r
 .text._malloc_r
                0x08006248       0xb4 c:/ac6/systemworkbench/plugins/fr.ac6.mcu.externaltools.arm-none.win32_1.17.0.201812190825/tools/compiler/bin/../lib/gcc/arm-none-eabi/7.3.1/../../../../arm-none-eabi/lib/thumb/v7e-m/fpv4-sp/hard\libc_nano.a(lib_a-nano-mallocr.o)
                0x08006248                _malloc_r
 .text.__ssputs_r
                0x080062fc       0xb4 c:/ac6/systemworkbench/plugins/fr.ac6.mcu.externaltools.arm-none.win32_1.17.0.201812190825/tools/compiler/bin/../lib/gcc/arm-none-eabi/7.3.1/../../../../arm-none-eabi/lib/thumb/v7e-m/fpv4-sp/hard\libc_nano.a(lib_a-nano-svfprintf.o)
                0x080062fc                __ssputs_r
 .text._svfprintf_r
                0x080063b0      0x1f0 c:/ac6/systemworkbench/plugins/fr.ac6.mcu.externaltools.arm-none.win32_1.17.0.201812190825/tools/compiler/bin/../lib/gcc/arm-none-eabi/7.3.1/../../../../arm-none-eabi/lib/thumb/v7e-m/fpv4-sp/hard\libc_nano.a(lib_a-nano-svfprintf.o)
                0x080063b0                _svfiprintf_r
                0x080063b0                _svfprintf_r
 .text._sbrk_r  0x080065a0       0x20 c:/ac6/systemworkbench/plugins/fr.ac6.mcu.externaltools.arm-none.win32_1.17.0.201812190825/tools/compiler/bin/../lib/gcc/arm-none-eabi/7.3.1/../../../../arm-none-eabi/lib/thumb/v7e-m/fpv4-sp/hard\libc_nano.a(lib_a-sbrkr.o)
                0x080065a0                _sbrk_r
 .text.__ascii_mbtowc
                0x080065c0       0x24 c:/ac6/systemworkbench/plugins/fr.ac6.mcu.externaltools.arm-none.win32_1.17.0.201812190825/tools/compiler/bin/../lib/gcc/arm-none-eabi/7.3.1/../../../../arm-none-eabi/lib/thumb/v7e-m/fpv4-sp/hard\libc_nano.a(lib_a-mbtowc_r.o)
                0x080065c0                __ascii_mbtowc
 .text.memmove  0x080065e4       0x32 c:/ac6/systemworkbench/plugins/fr.ac6.mcu.externaltools.arm-none.win32_1.17.0.201812190825/tools/compiler/bin/../lib/gcc/arm-none-eabi/7.3.1/../../../../arm-none-eabi/lib/thumb/v7e-m/fpv4-sp/hard\libc_nano.a(lib_a-memmove.o)
                0x080065e4                memmove
 .text.__malloc_lock
                0x08006616        0x2 c:/ac6/systemworkbench/plugins/fr.ac6.mcu.externaltools.arm-none.win32_1.17.0.201812190825/tools/compiler/bin/../lib/gcc/arm-none-eabi/7.3.1/../../../../arm-none-eabi/lib/thumb/v7e-m/fpv4-sp/hard\libc_nano.a(lib_a-mlock.o)
                0x08006616                __malloc_lock
 .text.__malloc_unlock
                0x08006618        0x2 c:/ac6/systemworkbench/plugins/fr.ac6.mcu.externaltools.arm-none.win32_1.17.0.201812190825/tools/compiler/bin/../lib/gcc/arm-none-eabi/7.3.1/../../../../arm-none-eabi/lib/thumb/v7e-m/fpv4-sp/hard\libc_nano.a(lib_a-mlock.o)
                0x08006618                __malloc_unlock
 .text._realloc_r
                0x0800661a       0x4c c:/ac6/systemworkbench/plugins/fr.ac6.mcu.externaltools.arm-none.win32_1.17.0.201812190825/tools/compiler/bin/../lib/gcc/arm-none-eabi/7.3.1/../../../../arm-none-eabi/lib/thumb/v7e-m/fpv4-sp/hard\libc_nano.a(lib_a-nano-reallocr.o)
                0x0800661a                _realloc_r
 .text.__ascii_wctomb
                0x08006666       0x1a c:/ac6/systemworkbench/plugins/fr.ac6.mcu.externaltools.arm-none.win32_1.17.0.201812190825/tools/compiler/bin/../lib/gcc/arm-none-eabi/7.3.1/../../../../arm-none-eabi/lib/thumb/v7e-m/fpv4-sp/hard\libc_nano.a(lib_a-wctomb_r.o)
                0x08006666                __ascii_wctomb
 .text._malloc_usable_size_r
                0x08006680       0x10 c:/ac6/systemworkbench/plugins/fr.ac6.mcu.externaltools.arm-none.win32_1.17.0.201812190825/tools/compiler/bin/../lib/gcc/arm-none-eabi/7.3.1/../../../../arm-none-eabi/lib/thumb/v7e-m/fpv4-sp/hard\libc_nano.a(lib_a-nano-msizer.o)
                0x08006680                _malloc_usable_size_r
 *(.glue_7)
 .glue_7        0x08006690        0x0 linker stubs
 *(.glue_7t)
 .glue_7t       0x08006690        0x0 linker stubs
 *(.eh_frame)
 .eh_frame      0x08006690        0x0 c:/ac6/systemworkbench/plugins/fr.ac6.mcu.externaltools.arm-none.win32_1.17.0.201812190825/tools/compiler/bin/../lib/gcc/arm-none-eabi/7.3.1/thumb/v7e-m/fpv4-sp/hard/crtbegin.o
 *(.init)
 .init          0x08006690        0x4 c:/ac6/systemworkbench/plugins/fr.ac6.mcu.externaltools.arm-none.win32_1.17.0.201812190825/tools/compiler/bin/../lib/gcc/arm-none-eabi/7.3.1/thumb/v7e-m/fpv4-sp/hard/crti.o
                0x08006690                _init
 .init          0x08006694        0x8 c:/ac6/systemworkbench/plugins/fr.ac6.mcu.externaltools.arm-none.win32_1.17.0.201812190825/tools/compiler/bin/../lib/gcc/arm-none-eabi/7.3.1/thumb/v7e-m/fpv4-sp/hard/crtn.o
 *(.fini)
 .fini          0x0800669c        0x4 c:/ac6/systemworkbench/plugins/fr.ac6.mcu.externaltools.arm-none.win32_1.17.0.201812190825/tools/compiler/bin/../lib/gcc/arm-none-eabi/7.3.1/thumb/v7e-m/fpv4-sp/hard/crti.o
                0x0800669c                _fini
 .fini          0x080066a0        0x8 c:/ac6/systemworkbench/plugins/fr.ac6.mcu.externaltools.arm-none.win32_1.17.0.201812190825/tools/compiler/bin/../lib/gcc/arm-none-eabi/7.3.1/thumb/v7e-m/fpv4-sp/hard/crtn.o
                0x080066a8                . = ALIGN (0x8)
                0x080066a8                _etext = .

.vfp11_veneer   0x080066a8        0x0
 .vfp11_veneer  0x080066a8        0x0 linker stubs

.v4_bx          0x080066a8        0x0
 .v4_bx         0x080066a8        0x0 linker stubs

.iplt           0x080066a8        0x0
 .iplt          0x080066a8        0x0 c:/ac6/systemworkbench/plugins/fr.ac6.mcu.externaltools.arm-none.win32_1.17.0.201812190825/tools/compiler/bin/../lib/gcc/arm-none-eabi/7.3.1/thumb/v7e-m/fpv4-sp/hard/crtbegin.o

.rodata         0x080066a8      0x3c8
                0x080066a8                . = ALIGN (0x8)
 *(.rodata)
 .rodata        0x080066a8       0x48 Core/Src/system_stm32l4xx.o
                0x080066a8                MSIRangeTable
                0x080066d8                AHBPrescTable
                0x080066e8                APBPrescTable
 *(.rodata*)
 .rodata.str1.4
                0x080066f0      0x120 Core/Src/lsm303ctr_add.o
                                0x12b (size before relaxing)
 .rodata._printf_float.str1.1
                0x08006810       0x12 c:/ac6/systemworkbench/plugins/fr.ac6.mcu.externaltools.arm-none.win32_1.17.0.201812190825/tools/compiler/bin/../lib/gcc/arm-none-eabi/7.3.1/../../../../arm-none-eabi/lib/thumb/v7e-m/fpv4-sp/hard\libc_nano.a(lib_a-nano-vfprintf_float.o)
 .rodata._printf_i.str1.1
                0x08006822       0x22 c:/ac6/systemworkbench/plugins/fr.ac6.mcu.externaltools.arm-none.win32_1.17.0.201812190825/tools/compiler/bin/../lib/gcc/arm-none-eabi/7.3.1/../../../../arm-none-eabi/lib/thumb/v7e-m/fpv4-sp/hard\libc_nano.a(lib_a-nano-vfprintf_i.o)
 .rodata._dtoa_r.str1.1
                0x08006844        0xd c:/ac6/systemworkbench/plugins/fr.ac6.mcu.externaltools.arm-none.win32_1.17.0.201812190825/tools/compiler/bin/../lib/gcc/arm-none-eabi/7.3.1/../../../../arm-none-eabi/lib/thumb/v7e-m/fpv4-sp/hard\libc_nano.a(lib_a-dtoa.o)
                                  0xf (size before relaxing)
 *fill*         0x08006851        0x7 
 .rodata.__mprec_bigtens
                0x08006858       0x28 c:/ac6/systemworkbench/plugins/fr.ac6.mcu.externaltools.arm-none.win32_1.17.0.201812190825/tools/compiler/bin/../lib/gcc/arm-none-eabi/7.3.1/../../../../arm-none-eabi/lib/thumb/v7e-m/fpv4-sp/hard\libc_nano.a(lib_a-mprec.o)
                0x08006858                __mprec_bigtens
 .rodata.__mprec_tens
                0x08006880       0xc8 c:/ac6/systemworkbench/plugins/fr.ac6.mcu.externaltools.arm-none.win32_1.17.0.201812190825/tools/compiler/bin/../lib/gcc/arm-none-eabi/7.3.1/../../../../arm-none-eabi/lib/thumb/v7e-m/fpv4-sp/hard\libc_nano.a(lib_a-mprec.o)
                0x08006880                __mprec_tens
 .rodata.p05.7359
                0x08006948        0xc c:/ac6/systemworkbench/plugins/fr.ac6.mcu.externaltools.arm-none.win32_1.17.0.201812190825/tools/compiler/bin/../lib/gcc/arm-none-eabi/7.3.1/../../../../arm-none-eabi/lib/thumb/v7e-m/fpv4-sp/hard\libc_nano.a(lib_a-mprec.o)
 .rodata._svfprintf_r.str1.1
                0x08006954       0x11 c:/ac6/systemworkbench/plugins/fr.ac6.mcu.externaltools.arm-none.win32_1.17.0.201812190825/tools/compiler/bin/../lib/gcc/arm-none-eabi/7.3.1/../../../../arm-none-eabi/lib/thumb/v7e-m/fpv4-sp/hard\libc_nano.a(lib_a-nano-svfprintf.o)
 .rodata._setlocale_r.str1.1
                0x08006965        0x8 c:/ac6/systemworkbench/plugins/fr.ac6.mcu.externaltools.arm-none.win32_1.17.0.201812190825/tools/compiler/bin/../lib/gcc/arm-none-eabi/7.3.1/../../../../arm-none-eabi/lib/thumb/v7e-m/fpv4-sp/hard\libc_nano.a(lib_a-locale.o)
                                  0x9 (size before relaxing)
 .rodata.str1.1
                0x0800696d        0x2 c:/ac6/systemworkbench/plugins/fr.ac6.mcu.externaltools.arm-none.win32_1.17.0.201812190825/tools/compiler/bin/../lib/gcc/arm-none-eabi/7.3.1/../../../../arm-none-eabi/lib/thumb/v7e-m/fpv4-sp/hard\libc_nano.a(lib_a-locale.o)
 .rodata._ctype_
                0x0800696f      0x101 c:/ac6/systemworkbench/plugins/fr.ac6.mcu.externaltools.arm-none.win32_1.17.0.201812190825/tools/compiler/bin/../lib/gcc/arm-none-eabi/7.3.1/../../../../arm-none-eabi/lib/thumb/v7e-m/fpv4-sp/hard\libc_nano.a(lib_a-ctype_.o)
                0x0800696f                _ctype_
                0x08006a70                . = ALIGN (0x8)

.ARM.extab      0x08006a70        0x0
                0x08006a70                . = ALIGN (0x8)
 *(.ARM.extab* .gnu.linkonce.armextab.*)
                0x08006a70                . = ALIGN (0x8)

.ARM            0x08006a70        0x8
                0x08006a70                . = ALIGN (0x8)
                0x08006a70                __exidx_start = .
 *(.ARM.exidx*)
 .ARM.exidx     0x08006a70        0x8 c:/ac6/systemworkbench/plugins/fr.ac6.mcu.externaltools.arm-none.win32_1.17.0.201812190825/tools/compiler/bin/../lib/gcc/arm-none-eabi/7.3.1/thumb/v7e-m/fpv4-sp/hard\libgcc.a(_udivmoddi4.o)
                0x08006a78                __exidx_end = .
                0x08006a78                . = ALIGN (0x8)

.rel.dyn        0x08006a78        0x0
 .rel.iplt      0x08006a78        0x0 c:/ac6/systemworkbench/plugins/fr.ac6.mcu.externaltools.arm-none.win32_1.17.0.201812190825/tools/compiler/bin/../lib/gcc/arm-none-eabi/7.3.1/thumb/v7e-m/fpv4-sp/hard/crtbegin.o

.preinit_array  0x08006a78        0x0
                0x08006a78                . = ALIGN (0x8)
                0x08006a78                PROVIDE (__preinit_array_start = .)
 *(.preinit_array*)
                0x08006a78                PROVIDE (__preinit_array_end = .)
                0x08006a78                . = ALIGN (0x8)

.init_array     0x08006a78        0x8
                0x08006a78                . = ALIGN (0x8)
                0x08006a78                PROVIDE (__init_array_start = .)
 *(SORT_BY_NAME(.init_array.*))
 *(.init_array*)
 .init_array    0x08006a78        0x4 c:/ac6/systemworkbench/plugins/fr.ac6.mcu.externaltools.arm-none.win32_1.17.0.201812190825/tools/compiler/bin/../lib/gcc/arm-none-eabi/7.3.1/thumb/v7e-m/fpv4-sp/hard/crtbegin.o
                0x08006a7c                PROVIDE (__init_array_end = .)
                0x08006a80                . = ALIGN (0x8)
 *fill*         0x08006a7c        0x4 

.fini_array     0x08006a80        0x8
                0x08006a80                . = ALIGN (0x8)
                [!provide]                PROVIDE (__fini_array_start = .)
 *(SORT_BY_NAME(.fini_array.*))
 *(.fini_array*)
 .fini_array    0x08006a80        0x4 c:/ac6/systemworkbench/plugins/fr.ac6.mcu.externaltools.arm-none.win32_1.17.0.201812190825/tools/compiler/bin/../lib/gcc/arm-none-eabi/7.3.1/thumb/v7e-m/fpv4-sp/hard/crtbegin.o
                [!provide]                PROVIDE (__fini_array_end = .)
                0x08006a88                . = ALIGN (0x8)
 *fill*         0x08006a84        0x4 
                0x08006a88                _sidata = LOADADDR (.data)

.data           0x20000000      0x1e0 load address 0x08006a88
                0x20000000                . = ALIGN (0x8)
                0x20000000                _sdata = .
 *(.data)
 .data          0x20000000        0x4 Core/Src/system_stm32l4xx.o
                0x20000000                SystemCoreClock
 .data          0x20000004        0x8 Drivers/STM32L4xx_HAL_Driver/Src/stm32l4xx_hal.o
                0x20000004                uwTickFreq
                0x20000008                uwTickPrio
 *(.data*)
 .data._impure_ptr
                0x2000000c        0x4 c:/ac6/systemworkbench/plugins/fr.ac6.mcu.externaltools.arm-none.win32_1.17.0.201812190825/tools/compiler/bin/../lib/gcc/arm-none-eabi/7.3.1/../../../../arm-none-eabi/lib/thumb/v7e-m/fpv4-sp/hard\libc_nano.a(lib_a-impure.o)
                0x2000000c                _impure_ptr
 .data.impure_data
                0x20000010       0x60 c:/ac6/systemworkbench/plugins/fr.ac6.mcu.externaltools.arm-none.win32_1.17.0.201812190825/tools/compiler/bin/../lib/gcc/arm-none-eabi/7.3.1/../../../../arm-none-eabi/lib/thumb/v7e-m/fpv4-sp/hard\libc_nano.a(lib_a-impure.o)
 .data.__global_locale
                0x20000070      0x16c c:/ac6/systemworkbench/plugins/fr.ac6.mcu.externaltools.arm-none.win32_1.17.0.201812190825/tools/compiler/bin/../lib/gcc/arm-none-eabi/7.3.1/../../../../arm-none-eabi/lib/thumb/v7e-m/fpv4-sp/hard\libc_nano.a(lib_a-locale.o)
                0x20000070                __global_locale
                0x200001e0                . = ALIGN (0x8)
 *fill*         0x200001dc        0x4 
                0x200001e0                _edata = .

.igot.plt       0x200001e0        0x0 load address 0x08006c68
 .igot.plt      0x200001e0        0x0 c:/ac6/systemworkbench/plugins/fr.ac6.mcu.externaltools.arm-none.win32_1.17.0.201812190825/tools/compiler/bin/../lib/gcc/arm-none-eabi/7.3.1/thumb/v7e-m/fpv4-sp/hard/crtbegin.o
                0x200001e0                . = ALIGN (0x4)

.bss            0x200001e0      0x360 load address 0x08006c68
                0x200001e0                _sbss = .
                0x200001e0                __bss_start__ = _sbss
 *(.bss)
 .bss           0x200001e0       0x1c c:/ac6/systemworkbench/plugins/fr.ac6.mcu.externaltools.arm-none.win32_1.17.0.201812190825/tools/compiler/bin/../lib/gcc/arm-none-eabi/7.3.1/thumb/v7e-m/fpv4-sp/hard/crtbegin.o
 .bss           0x200001fc        0x8 Core/Src/syscalls.o
                0x20000200                __env
 *(.bss*)
 .bss.__malloc_free_list
                0x20000204        0x4 c:/ac6/systemworkbench/plugins/fr.ac6.mcu.externaltools.arm-none.win32_1.17.0.201812190825/tools/compiler/bin/../lib/gcc/arm-none-eabi/7.3.1/../../../../arm-none-eabi/lib/thumb/v7e-m/fpv4-sp/hard\libc_nano.a(lib_a-nano-mallocr.o)
                0x20000204                __malloc_free_list
 .bss.__malloc_sbrk_start
                0x20000208        0x4 c:/ac6/systemworkbench/plugins/fr.ac6.mcu.externaltools.arm-none.win32_1.17.0.201812190825/tools/compiler/bin/../lib/gcc/arm-none-eabi/7.3.1/../../../../arm-none-eabi/lib/thumb/v7e-m/fpv4-sp/hard\libc_nano.a(lib_a-nano-mallocr.o)
                0x20000208                __malloc_sbrk_start
 *(COMMON)
 COMMON         0x2000020c        0x1 Core/Src/dma.o
                0x2000020c                flag_UART_DMA_TxCompleted
 *fill*         0x2000020d        0x3 
 COMMON         0x20000210      0x290 Core/Src/lsm303ctr_add.o
                0x20000210                hdma_usart2_rx
                0x20000258                whoamI_a
                0x2000025c                reg
                0x20000260                temperature_degC
                0x20000264                dev_ctx_mg
                0x20000270                data_raw_magnetic
                0x20000276                whoamI_m
                0x20000278                magnetic_mG
                0x20000284                tx_buffer
                0x200003b0                hdma_usart2_tx
                0x200003f8                rst
                0x200003fc                data_raw_acceleration
                0x20000404                huart2
                0x20000484                data_raw_temperature
                0x20000488                dev_ctx_xl
                0x20000494                acceleration_mg
 COMMON         0x200004a0       0x32 Core/Src/main.o
                0x200004a0                UART_RxBuffer
 *fill*         0x200004d2        0x2 
 COMMON         0x200004d4       0x64 Core/Src/spi.o
                0x200004d4                hspi2
 COMMON         0x20000538        0x4 Drivers/STM32L4xx_HAL_Driver/Src/stm32l4xx_hal.o
                0x20000538                uwTick
 COMMON         0x2000053c        0x4 c:/ac6/systemworkbench/plugins/fr.ac6.mcu.externaltools.arm-none.win32_1.17.0.201812190825/tools/compiler/bin/../lib/gcc/arm-none-eabi/7.3.1/../../../../arm-none-eabi/lib/thumb/v7e-m/fpv4-sp/hard\libc_nano.a(lib_a-reent.o)
                0x2000053c                errno
                0x20000540                . = ALIGN (0x4)
                0x20000540                _ebss = .
                0x20000540                __bss_end__ = _ebss

._user_heap_stack
                0x20000540      0x600 load address 0x08006c68
                0x20000540                . = ALIGN (0x8)
                0x20000540                PROVIDE (end = .)
                [!provide]                PROVIDE (_end = .)
                0x20000740                . = (. + _Min_Heap_Size)
 *fill*         0x20000540      0x200 
                0x20000b40                . = (. + _Min_Stack_Size)
 *fill*         0x20000740      0x400 
                0x20000b40                . = ALIGN (0x8)

/DISCARD/
 libc.a(*)
 libm.a(*)
 libgcc.a(*)

.ARM.attributes
                0x00000000       0x30
 *(.ARM.attributes)
 .ARM.attributes
                0x00000000       0x22 c:/ac6/systemworkbench/plugins/fr.ac6.mcu.externaltools.arm-none.win32_1.17.0.201812190825/tools/compiler/bin/../lib/gcc/arm-none-eabi/7.3.1/thumb/v7e-m/fpv4-sp/hard/crti.o
 .ARM.attributes
                0x00000022       0x34 c:/ac6/systemworkbench/plugins/fr.ac6.mcu.externaltools.arm-none.win32_1.17.0.201812190825/tools/compiler/bin/../lib/gcc/arm-none-eabi/7.3.1/thumb/v7e-m/fpv4-sp/hard/crtbegin.o
 .ARM.attributes
                0x00000056       0x39 Core/Src/dma.o
 .ARM.attributes
                0x0000008f       0x39 Core/Src/gpio.o
 .ARM.attributes
                0x000000c8       0x39 Core/Src/lsm303ctr_add.o
 .ARM.attributes
                0x00000101       0x39 Core/Src/lsm303ctr_reg.o
 .ARM.attributes
                0x0000013a       0x39 Core/Src/main.o
 .ARM.attributes
                0x00000173       0x39 Core/Src/spi.o
 .ARM.attributes
                0x000001ac       0x39 Core/Src/stm32l4xx_hal_msp.o
 .ARM.attributes
                0x000001e5       0x39 Core/Src/stm32l4xx_it.o
 .ARM.attributes
                0x0000021e       0x39 Core/Src/syscalls.o
 .ARM.attributes
                0x00000257       0x39 Core/Src/system_stm32l4xx.o
 .ARM.attributes
                0x00000290       0x39 Core/Src/usart.o
 .ARM.attributes
                0x000002c9       0x39 Drivers/STM32L4xx_HAL_Driver/Src/stm32l4xx_hal.o
 .ARM.attributes
                0x00000302       0x39 Drivers/STM32L4xx_HAL_Driver/Src/stm32l4xx_hal_cortex.o
 .ARM.attributes
                0x0000033b       0x39 Drivers/STM32L4xx_HAL_Driver/Src/stm32l4xx_hal_dma.o
 .ARM.attributes
                0x00000374       0x39 Drivers/STM32L4xx_HAL_Driver/Src/stm32l4xx_hal_gpio.o
 .ARM.attributes
                0x000003ad       0x39 Drivers/STM32L4xx_HAL_Driver/Src/stm32l4xx_hal_pwr_ex.o
 .ARM.attributes
                0x000003e6       0x39 Drivers/STM32L4xx_HAL_Driver/Src/stm32l4xx_hal_rcc.o
 .ARM.attributes
                0x0000041f       0x39 Drivers/STM32L4xx_HAL_Driver/Src/stm32l4xx_hal_rcc_ex.o
 .ARM.attributes
                0x00000458       0x39 Drivers/STM32L4xx_HAL_Driver/Src/stm32l4xx_hal_spi.o
 .ARM.attributes
                0x00000491       0x39 Drivers/STM32L4xx_HAL_Driver/Src/stm32l4xx_hal_uart.o
 .ARM.attributes
                0x000004ca       0x39 Drivers/STM32L4xx_HAL_Driver/Src/stm32l4xx_hal_uart_ex.o
 .ARM.attributes
                0x00000503       0x21 startup/startup_stm32l476xx.o
 .ARM.attributes
                0x00000524       0x22 c:/ac6/systemworkbench/plugins/fr.ac6.mcu.externaltools.arm-none.win32_1.17.0.201812190825/tools/compiler/bin/../lib/gcc/arm-none-eabi/7.3.1/thumb/v7e-m/fpv4-sp/hard\libgcc.a(_arm_addsubdf3.o)
 .ARM.attributes
                0x00000546       0x22 c:/ac6/systemworkbench/plugins/fr.ac6.mcu.externaltools.arm-none.win32_1.17.0.201812190825/tools/compiler/bin/../lib/gcc/arm-none-eabi/7.3.1/thumb/v7e-m/fpv4-sp/hard\libgcc.a(_aeabi_uldivmod.o)
 .ARM.attributes
                0x00000568       0x34 c:/ac6/systemworkbench/plugins/fr.ac6.mcu.externaltools.arm-none.win32_1.17.0.201812190825/tools/compiler/bin/../lib/gcc/arm-none-eabi/7.3.1/thumb/v7e-m/fpv4-sp/hard\libgcc.a(_udivmoddi4.o)
 .ARM.attributes
                0x0000059c       0x22 c:/ac6/systemworkbench/plugins/fr.ac6.mcu.externaltools.arm-none.win32_1.17.0.201812190825/tools/compiler/bin/../lib/gcc/arm-none-eabi/7.3.1/thumb/v7e-m/fpv4-sp/hard\libgcc.a(_dvmd_tls.o)
 .ARM.attributes
                0x000005be       0x34 c:/ac6/systemworkbench/plugins/fr.ac6.mcu.externaltools.arm-none.win32_1.17.0.201812190825/tools/compiler/bin/../lib/gcc/arm-none-eabi/7.3.1/../../../../arm-none-eabi/lib/thumb/v7e-m/fpv4-sp/hard\libc_nano.a(lib_a-errno.o)
 .ARM.attributes
                0x000005f2       0x34 c:/ac6/systemworkbench/plugins/fr.ac6.mcu.externaltools.arm-none.win32_1.17.0.201812190825/tools/compiler/bin/../lib/gcc/arm-none-eabi/7.3.1/../../../../arm-none-eabi/lib/thumb/v7e-m/fpv4-sp/hard\libc_nano.a(lib_a-impure.o)
 .ARM.attributes
                0x00000626       0x34 c:/ac6/systemworkbench/plugins/fr.ac6.mcu.externaltools.arm-none.win32_1.17.0.201812190825/tools/compiler/bin/../lib/gcc/arm-none-eabi/7.3.1/../../../../arm-none-eabi/lib/thumb/v7e-m/fpv4-sp/hard\libc_nano.a(lib_a-init.o)
 .ARM.attributes
                0x0000065a       0x34 c:/ac6/systemworkbench/plugins/fr.ac6.mcu.externaltools.arm-none.win32_1.17.0.201812190825/tools/compiler/bin/../lib/gcc/arm-none-eabi/7.3.1/../../../../arm-none-eabi/lib/thumb/v7e-m/fpv4-sp/hard\libc_nano.a(lib_a-memset.o)
 .ARM.attributes
                0x0000068e       0x34 c:/ac6/systemworkbench/plugins/fr.ac6.mcu.externaltools.arm-none.win32_1.17.0.201812190825/tools/compiler/bin/../lib/gcc/arm-none-eabi/7.3.1/../../../../arm-none-eabi/lib/thumb/v7e-m/fpv4-sp/hard\libc_nano.a(lib_a-nano-vfprintf_float.o)
 .ARM.attributes
                0x000006c2       0x34 c:/ac6/systemworkbench/plugins/fr.ac6.mcu.externaltools.arm-none.win32_1.17.0.201812190825/tools/compiler/bin/../lib/gcc/arm-none-eabi/7.3.1/../../../../arm-none-eabi/lib/thumb/v7e-m/fpv4-sp/hard\libc_nano.a(lib_a-nano-vfprintf_i.o)
 .ARM.attributes
                0x000006f6       0x34 c:/ac6/systemworkbench/plugins/fr.ac6.mcu.externaltools.arm-none.win32_1.17.0.201812190825/tools/compiler/bin/../lib/gcc/arm-none-eabi/7.3.1/../../../../arm-none-eabi/lib/thumb/v7e-m/fpv4-sp/hard\libc_nano.a(lib_a-sprintf.o)
 .ARM.attributes
                0x0000072a       0x1b c:/ac6/systemworkbench/plugins/fr.ac6.mcu.externaltools.arm-none.win32_1.17.0.201812190825/tools/compiler/bin/../lib/gcc/arm-none-eabi/7.3.1/../../../../arm-none-eabi/lib/thumb/v7e-m/fpv4-sp/hard\libc_nano.a(lib_a-strlen.o)
 .ARM.attributes
                0x00000745       0x34 c:/ac6/systemworkbench/plugins/fr.ac6.mcu.externaltools.arm-none.win32_1.17.0.201812190825/tools/compiler/bin/../lib/gcc/arm-none-eabi/7.3.1/../../../../arm-none-eabi/lib/thumb/v7e-m/fpv4-sp/hard\libc_nano.a(lib_a-dtoa.o)
 .ARM.attributes
                0x00000779       0x34 c:/ac6/systemworkbench/plugins/fr.ac6.mcu.externaltools.arm-none.win32_1.17.0.201812190825/tools/compiler/bin/../lib/gcc/arm-none-eabi/7.3.1/../../../../arm-none-eabi/lib/thumb/v7e-m/fpv4-sp/hard\libc_nano.a(lib_a-localeconv.o)
 .ARM.attributes
                0x000007ad       0x34 c:/ac6/systemworkbench/plugins/fr.ac6.mcu.externaltools.arm-none.win32_1.17.0.201812190825/tools/compiler/bin/../lib/gcc/arm-none-eabi/7.3.1/../../../../arm-none-eabi/lib/thumb/v7e-m/fpv4-sp/hard\libc_nano.a(lib_a-malloc.o)
 .ARM.attributes
                0x000007e1       0x20 c:/ac6/systemworkbench/plugins/fr.ac6.mcu.externaltools.arm-none.win32_1.17.0.201812190825/tools/compiler/bin/../lib/gcc/arm-none-eabi/7.3.1/../../../../arm-none-eabi/lib/thumb/v7e-m/fpv4-sp/hard\libc_nano.a(lib_a-memchr.o)
 .ARM.attributes
                0x00000801       0x34 c:/ac6/systemworkbench/plugins/fr.ac6.mcu.externaltools.arm-none.win32_1.17.0.201812190825/tools/compiler/bin/../lib/gcc/arm-none-eabi/7.3.1/../../../../arm-none-eabi/lib/thumb/v7e-m/fpv4-sp/hard\libc_nano.a(lib_a-memcpy-stub.o)
 .ARM.attributes
                0x00000835       0x34 c:/ac6/systemworkbench/plugins/fr.ac6.mcu.externaltools.arm-none.win32_1.17.0.201812190825/tools/compiler/bin/../lib/gcc/arm-none-eabi/7.3.1/../../../../arm-none-eabi/lib/thumb/v7e-m/fpv4-sp/hard\libc_nano.a(lib_a-mprec.o)
 .ARM.attributes
                0x00000869       0x34 c:/ac6/systemworkbench/plugins/fr.ac6.mcu.externaltools.arm-none.win32_1.17.0.201812190825/tools/compiler/bin/../lib/gcc/arm-none-eabi/7.3.1/../../../../arm-none-eabi/lib/thumb/v7e-m/fpv4-sp/hard\libc_nano.a(lib_a-nano-callocr.o)
 .ARM.attributes
                0x0000089d       0x34 c:/ac6/systemworkbench/plugins/fr.ac6.mcu.externaltools.arm-none.win32_1.17.0.201812190825/tools/compiler/bin/../lib/gcc/arm-none-eabi/7.3.1/../../../../arm-none-eabi/lib/thumb/v7e-m/fpv4-sp/hard\libc_nano.a(lib_a-nano-freer.o)
 .ARM.attributes
                0x000008d1       0x34 c:/ac6/systemworkbench/plugins/fr.ac6.mcu.externaltools.arm-none.win32_1.17.0.201812190825/tools/compiler/bin/../lib/gcc/arm-none-eabi/7.3.1/../../../../arm-none-eabi/lib/thumb/v7e-m/fpv4-sp/hard\libc_nano.a(lib_a-nano-mallocr.o)
 .ARM.attributes
                0x00000905       0x34 c:/ac6/systemworkbench/plugins/fr.ac6.mcu.externaltools.arm-none.win32_1.17.0.201812190825/tools/compiler/bin/../lib/gcc/arm-none-eabi/7.3.1/../../../../arm-none-eabi/lib/thumb/v7e-m/fpv4-sp/hard\libc_nano.a(lib_a-nano-svfprintf.o)
 .ARM.attributes
                0x00000939       0x34 c:/ac6/systemworkbench/plugins/fr.ac6.mcu.externaltools.arm-none.win32_1.17.0.201812190825/tools/compiler/bin/../lib/gcc/arm-none-eabi/7.3.1/../../../../arm-none-eabi/lib/thumb/v7e-m/fpv4-sp/hard\libc_nano.a(lib_a-sbrkr.o)
 .ARM.attributes
                0x0000096d       0x34 c:/ac6/systemworkbench/plugins/fr.ac6.mcu.externaltools.arm-none.win32_1.17.0.201812190825/tools/compiler/bin/../lib/gcc/arm-none-eabi/7.3.1/../../../../arm-none-eabi/lib/thumb/v7e-m/fpv4-sp/hard\libc_nano.a(lib_a-locale.o)
 .ARM.attributes
                0x000009a1       0x34 c:/ac6/systemworkbench/plugins/fr.ac6.mcu.externaltools.arm-none.win32_1.17.0.201812190825/tools/compiler/bin/../lib/gcc/arm-none-eabi/7.3.1/../../../../arm-none-eabi/lib/thumb/v7e-m/fpv4-sp/hard\libc_nano.a(lib_a-mbtowc_r.o)
 .ARM.attributes
                0x000009d5       0x34 c:/ac6/systemworkbench/plugins/fr.ac6.mcu.externaltools.arm-none.win32_1.17.0.201812190825/tools/compiler/bin/../lib/gcc/arm-none-eabi/7.3.1/../../../../arm-none-eabi/lib/thumb/v7e-m/fpv4-sp/hard\libc_nano.a(lib_a-memmove.o)
 .ARM.attributes
                0x00000a09       0x34 c:/ac6/systemworkbench/plugins/fr.ac6.mcu.externaltools.arm-none.win32_1.17.0.201812190825/tools/compiler/bin/../lib/gcc/arm-none-eabi/7.3.1/../../../../arm-none-eabi/lib/thumb/v7e-m/fpv4-sp/hard\libc_nano.a(lib_a-mlock.o)
 .ARM.attributes
                0x00000a3d       0x34 c:/ac6/systemworkbench/plugins/fr.ac6.mcu.externaltools.arm-none.win32_1.17.0.201812190825/tools/compiler/bin/../lib/gcc/arm-none-eabi/7.3.1/../../../../arm-none-eabi/lib/thumb/v7e-m/fpv4-sp/hard\libc_nano.a(lib_a-nano-reallocr.o)
 .ARM.attributes
                0x00000a71       0x34 c:/ac6/systemworkbench/plugins/fr.ac6.mcu.externaltools.arm-none.win32_1.17.0.201812190825/tools/compiler/bin/../lib/gcc/arm-none-eabi/7.3.1/../../../../arm-none-eabi/lib/thumb/v7e-m/fpv4-sp/hard\libc_nano.a(lib_a-reent.o)
 .ARM.attributes
                0x00000aa5       0x34 c:/ac6/systemworkbench/plugins/fr.ac6.mcu.externaltools.arm-none.win32_1.17.0.201812190825/tools/compiler/bin/../lib/gcc/arm-none-eabi/7.3.1/../../../../arm-none-eabi/lib/thumb/v7e-m/fpv4-sp/hard\libc_nano.a(lib_a-wctomb_r.o)
 .ARM.attributes
                0x00000ad9       0x34 c:/ac6/systemworkbench/plugins/fr.ac6.mcu.externaltools.arm-none.win32_1.17.0.201812190825/tools/compiler/bin/../lib/gcc/arm-none-eabi/7.3.1/../../../../arm-none-eabi/lib/thumb/v7e-m/fpv4-sp/hard\libc_nano.a(lib_a-ctype_.o)
 .ARM.attributes
                0x00000b0d       0x34 c:/ac6/systemworkbench/plugins/fr.ac6.mcu.externaltools.arm-none.win32_1.17.0.201812190825/tools/compiler/bin/../lib/gcc/arm-none-eabi/7.3.1/../../../../arm-none-eabi/lib/thumb/v7e-m/fpv4-sp/hard\libc_nano.a(lib_a-nano-msizer.o)
 .ARM.attributes
                0x00000b41       0x22 c:/ac6/systemworkbench/plugins/fr.ac6.mcu.externaltools.arm-none.win32_1.17.0.201812190825/tools/compiler/bin/../lib/gcc/arm-none-eabi/7.3.1/thumb/v7e-m/fpv4-sp/hard\libgcc.a(_arm_muldivdf3.o)
 .ARM.attributes
                0x00000b63       0x22 c:/ac6/systemworkbench/plugins/fr.ac6.mcu.externaltools.arm-none.win32_1.17.0.201812190825/tools/compiler/bin/../lib/gcc/arm-none-eabi/7.3.1/thumb/v7e-m/fpv4-sp/hard\libgcc.a(_arm_cmpdf2.o)
 .ARM.attributes
                0x00000b85       0x22 c:/ac6/systemworkbench/plugins/fr.ac6.mcu.externaltools.arm-none.win32_1.17.0.201812190825/tools/compiler/bin/../lib/gcc/arm-none-eabi/7.3.1/thumb/v7e-m/fpv4-sp/hard\libgcc.a(_arm_unorddf2.o)
 .ARM.attributes
                0x00000ba7       0x22 c:/ac6/systemworkbench/plugins/fr.ac6.mcu.externaltools.arm-none.win32_1.17.0.201812190825/tools/compiler/bin/../lib/gcc/arm-none-eabi/7.3.1/thumb/v7e-m/fpv4-sp/hard\libgcc.a(_arm_fixdfsi.o)
 .ARM.attributes
                0x00000bc9       0x22 c:/ac6/systemworkbench/plugins/fr.ac6.mcu.externaltools.arm-none.win32_1.17.0.201812190825/tools/compiler/bin/../lib/gcc/arm-none-eabi/7.3.1/thumb/v7e-m/fpv4-sp/hard/crtn.o
OUTPUT(AccelometerDiscovery.elf elf32-littlearm)

.debug_info     0x00000000    0x1a8b3
 .debug_info    0x00000000      0x794 Core/Src/dma.o
 .debug_info    0x00000794      0xa1b Core/Src/gpio.o
 .debug_info    0x000011af     0x2ea2 Core/Src/lsm303ctr_add.o
 .debug_info    0x00004051     0x5054 Core/Src/lsm303ctr_reg.o
 .debug_info    0x000090a5     0x2a2a Core/Src/main.o
 .debug_info    0x0000bacf      0xe46 Core/Src/spi.o
 .debug_info    0x0000c915      0x50a Core/Src/stm32l4xx_hal_msp.o
 .debug_info    0x0000ce1f      0xbe3 Core/Src/stm32l4xx_it.o
 .debug_info    0x0000da02      0xfd3 Core/Src/syscalls.o
 .debug_info    0x0000e9d5      0x72d Core/Src/system_stm32l4xx.o
 .debug_info    0x0000f102      0xf65 Core/Src/usart.o
 .debug_info    0x00010067      0xce3 Drivers/STM32L4xx_HAL_Driver/Src/stm32l4xx_hal.o
 .debug_info    0x00010d4a     0x10d1 Drivers/STM32L4xx_HAL_Driver/Src/stm32l4xx_hal_cortex.o
 .debug_info    0x00011e1b      0x987 Drivers/STM32L4xx_HAL_Driver/Src/stm32l4xx_hal_dma.o
 .debug_info    0x000127a2      0x9ca Drivers/STM32L4xx_HAL_Driver/Src/stm32l4xx_hal_gpio.o
 .debug_info    0x0001316c      0xbad Drivers/STM32L4xx_HAL_Driver/Src/stm32l4xx_hal_pwr_ex.o
 .debug_info    0x00013d19      0xf6d Drivers/STM32L4xx_HAL_Driver/Src/stm32l4xx_hal_rcc.o
 .debug_info    0x00014c86     0x12d4 Drivers/STM32L4xx_HAL_Driver/Src/stm32l4xx_hal_rcc_ex.o
 .debug_info    0x00015f5a     0x1feb Drivers/STM32L4xx_HAL_Driver/Src/stm32l4xx_hal_spi.o
 .debug_info    0x00017f45     0x1e24 Drivers/STM32L4xx_HAL_Driver/Src/stm32l4xx_hal_uart.o
 .debug_info    0x00019d69      0xb28 Drivers/STM32L4xx_HAL_Driver/Src/stm32l4xx_hal_uart_ex.o
 .debug_info    0x0001a891       0x22 startup/startup_stm32l476xx.o

.debug_abbrev   0x00000000     0x2db6
 .debug_abbrev  0x00000000      0x16d Core/Src/dma.o
 .debug_abbrev  0x0000016d      0x17c Core/Src/gpio.o
 .debug_abbrev  0x000002e9      0x35c Core/Src/lsm303ctr_add.o
 .debug_abbrev  0x00000645      0x323 Core/Src/lsm303ctr_reg.o
 .debug_abbrev  0x00000968      0x333 Core/Src/main.o
 .debug_abbrev  0x00000c9b      0x1e3 Core/Src/spi.o
 .debug_abbrev  0x00000e7e      0x136 Core/Src/stm32l4xx_hal_msp.o
 .debug_abbrev  0x00000fb4      0x1b8 Core/Src/stm32l4xx_it.o
 .debug_abbrev  0x0000116c      0x2d4 Core/Src/syscalls.o
 .debug_abbrev  0x00001440      0x150 Core/Src/system_stm32l4xx.o
 .debug_abbrev  0x00001590      0x1d6 Core/Src/usart.o
 .debug_abbrev  0x00001766      0x209 Drivers/STM32L4xx_HAL_Driver/Src/stm32l4xx_hal.o
 .debug_abbrev  0x0000196f      0x328 Drivers/STM32L4xx_HAL_Driver/Src/stm32l4xx_hal_cortex.o
 .debug_abbrev  0x00001c97      0x233 Drivers/STM32L4xx_HAL_Driver/Src/stm32l4xx_hal_dma.o
 .debug_abbrev  0x00001eca      0x1de Drivers/STM32L4xx_HAL_Driver/Src/stm32l4xx_hal_gpio.o
 .debug_abbrev  0x000020a8      0x1f5 Drivers/STM32L4xx_HAL_Driver/Src/stm32l4xx_hal_pwr_ex.o
 .debug_abbrev  0x0000229d      0x21f Drivers/STM32L4xx_HAL_Driver/Src/stm32l4xx_hal_rcc.o
 .debug_abbrev  0x000024bc      0x24c Drivers/STM32L4xx_HAL_Driver/Src/stm32l4xx_hal_rcc_ex.o
 .debug_abbrev  0x00002708      0x238 Drivers/STM32L4xx_HAL_Driver/Src/stm32l4xx_hal_spi.o
 .debug_abbrev  0x00002940      0x24d Drivers/STM32L4xx_HAL_Driver/Src/stm32l4xx_hal_uart.o
 .debug_abbrev  0x00002b8d      0x217 Drivers/STM32L4xx_HAL_Driver/Src/stm32l4xx_hal_uart_ex.o
 .debug_abbrev  0x00002da4       0x12 startup/startup_stm32l476xx.o

.debug_aranges  0x00000000     0x1050
 .debug_aranges
                0x00000000       0x20 Core/Src/dma.o
 .debug_aranges
                0x00000020       0x20 Core/Src/gpio.o
 .debug_aranges
                0x00000040       0x70 Core/Src/lsm303ctr_add.o
 .debug_aranges
                0x000000b0      0x3c8 Core/Src/lsm303ctr_reg.o
 .debug_aranges
                0x00000478       0x40 Core/Src/main.o
 .debug_aranges
                0x000004b8       0x30 Core/Src/spi.o
 .debug_aranges
                0x000004e8       0x20 Core/Src/stm32l4xx_hal_msp.o
 .debug_aranges
                0x00000508       0x88 Core/Src/stm32l4xx_it.o
 .debug_aranges
                0x00000590       0xb0 Core/Src/syscalls.o
 .debug_aranges
                0x00000640       0x28 Core/Src/system_stm32l4xx.o
 .debug_aranges
                0x00000668       0x30 Core/Src/usart.o
 .debug_aranges
                0x00000698      0x130 Drivers/STM32L4xx_HAL_Driver/Src/stm32l4xx_hal.o
 .debug_aranges
                0x000007c8       0xa8 Drivers/STM32L4xx_HAL_Driver/Src/stm32l4xx_hal_cortex.o
 .debug_aranges
                0x00000870       0x80 Drivers/STM32L4xx_HAL_Driver/Src/stm32l4xx_hal_dma.o
 .debug_aranges
                0x000008f0       0x58 Drivers/STM32L4xx_HAL_Driver/Src/stm32l4xx_hal_gpio.o
 .debug_aranges
                0x00000948      0x150 Drivers/STM32L4xx_HAL_Driver/Src/stm32l4xx_hal_pwr_ex.o
 .debug_aranges
                0x00000a98       0x88 Drivers/STM32L4xx_HAL_Driver/Src/stm32l4xx_hal_rcc.o
 .debug_aranges
                0x00000b20       0xc0 Drivers/STM32L4xx_HAL_Driver/Src/stm32l4xx_hal_rcc_ex.o
 .debug_aranges
                0x00000be0      0x1d8 Drivers/STM32L4xx_HAL_Driver/Src/stm32l4xx_hal_spi.o
 .debug_aranges
                0x00000db8      0x210 Drivers/STM32L4xx_HAL_Driver/Src/stm32l4xx_hal_uart.o
 .debug_aranges
                0x00000fc8       0x60 Drivers/STM32L4xx_HAL_Driver/Src/stm32l4xx_hal_uart_ex.o
 .debug_aranges
                0x00001028       0x28 startup/startup_stm32l476xx.o

.debug_ranges   0x00000000      0xf90
 .debug_ranges  0x00000000       0x10 Core/Src/dma.o
 .debug_ranges  0x00000010       0x10 Core/Src/gpio.o
 .debug_ranges  0x00000020       0x60 Core/Src/lsm303ctr_add.o
 .debug_ranges  0x00000080      0x3b8 Core/Src/lsm303ctr_reg.o
 .debug_ranges  0x00000438       0x30 Core/Src/main.o
 .debug_ranges  0x00000468       0x20 Core/Src/spi.o
 .debug_ranges  0x00000488       0x10 Core/Src/stm32l4xx_hal_msp.o
 .debug_ranges  0x00000498       0x78 Core/Src/stm32l4xx_it.o
 .debug_ranges  0x00000510       0xa0 Core/Src/syscalls.o
 .debug_ranges  0x000005b0       0x18 Core/Src/system_stm32l4xx.o
 .debug_ranges  0x000005c8       0x20 Core/Src/usart.o
 .debug_ranges  0x000005e8      0x120 Drivers/STM32L4xx_HAL_Driver/Src/stm32l4xx_hal.o
 .debug_ranges  0x00000708       0xf8 Drivers/STM32L4xx_HAL_Driver/Src/stm32l4xx_hal_cortex.o
 .debug_ranges  0x00000800       0x70 Drivers/STM32L4xx_HAL_Driver/Src/stm32l4xx_hal_dma.o
 .debug_ranges  0x00000870       0x48 Drivers/STM32L4xx_HAL_Driver/Src/stm32l4xx_hal_gpio.o
 .debug_ranges  0x000008b8      0x140 Drivers/STM32L4xx_HAL_Driver/Src/stm32l4xx_hal_pwr_ex.o
 .debug_ranges  0x000009f8       0x90 Drivers/STM32L4xx_HAL_Driver/Src/stm32l4xx_hal_rcc.o
 .debug_ranges  0x00000a88       0xd0 Drivers/STM32L4xx_HAL_Driver/Src/stm32l4xx_hal_rcc_ex.o
 .debug_ranges  0x00000b58      0x1c8 Drivers/STM32L4xx_HAL_Driver/Src/stm32l4xx_hal_spi.o
 .debug_ranges  0x00000d20      0x200 Drivers/STM32L4xx_HAL_Driver/Src/stm32l4xx_hal_uart.o
 .debug_ranges  0x00000f20       0x50 Drivers/STM32L4xx_HAL_Driver/Src/stm32l4xx_hal_uart_ex.o
 .debug_ranges  0x00000f70       0x20 startup/startup_stm32l476xx.o

.debug_macro    0x00000000    0x2836a
 .debug_macro   0x00000000      0x1f3 Core/Src/dma.o
 .debug_macro   0x000001f3      0xa54 Core/Src/dma.o
 .debug_macro   0x00000c47      0x1ad Core/Src/dma.o
 .debug_macro   0x00000df4       0x2e Core/Src/dma.o
 .debug_macro   0x00000e22       0x28 Core/Src/dma.o
 .debug_macro   0x00000e4a       0x22 Core/Src/dma.o
 .debug_macro   0x00000e6c       0x8e Core/Src/dma.o
 .debug_macro   0x00000efa       0x51 Core/Src/dma.o
 .debug_macro   0x00000f4b       0xef Core/Src/dma.o
 .debug_macro   0x0000103a       0x6a Core/Src/dma.o
 .debug_macro   0x000010a4      0x1df Core/Src/dma.o
 .debug_macro   0x00001283       0x1c Core/Src/dma.o
 .debug_macro   0x0000129f       0x22 Core/Src/dma.o
 .debug_macro   0x000012c1      0x101 Core/Src/dma.o
 .debug_macro   0x000013c2     0x1011 Core/Src/dma.o
 .debug_macro   0x000023d3      0x11f Core/Src/dma.o
 .debug_macro   0x000024f2    0x1a13d Core/Src/dma.o
 .debug_macro   0x0001c62f       0x43 Core/Src/dma.o
 .debug_macro   0x0001c672     0x3890 Core/Src/dma.o
 .debug_macro   0x0001ff02      0x174 Core/Src/dma.o
 .debug_macro   0x00020076       0x5c Core/Src/dma.o
 .debug_macro   0x000200d2     0x155f Core/Src/dma.o
 .debug_macro   0x00021631      0x59e Core/Src/dma.o
 .debug_macro   0x00021bcf      0x13d Core/Src/dma.o
 .debug_macro   0x00021d0c      0x18b Core/Src/dma.o
 .debug_macro   0x00021e97      0x26b Core/Src/dma.o
 .debug_macro   0x00022102      0x23d Core/Src/dma.o
 .debug_macro   0x0002233f      0x241 Core/Src/dma.o
 .debug_macro   0x00022580      0x37c Core/Src/dma.o
 .debug_macro   0x000228fc       0xd6 Core/Src/dma.o
 .debug_macro   0x000229d2      0x22c Core/Src/dma.o
 .debug_macro   0x00022bfe       0x61 Core/Src/dma.o
 .debug_macro   0x00022c5f       0xa5 Core/Src/dma.o
 .debug_macro   0x00022d04      0x122 Core/Src/dma.o
 .debug_macro   0x00022e26      0x3e9 Core/Src/dma.o
 .debug_macro   0x0002320f      0x2fe Core/Src/dma.o
 .debug_macro   0x0002350d      0x59e Core/Src/dma.o
 .debug_macro   0x00023aab       0x44 Core/Src/dma.o
 .debug_macro   0x00023aef      0x331 Core/Src/dma.o
 .debug_macro   0x00023e20       0x46 Core/Src/dma.o
 .debug_macro   0x00023e66      0x1f3 Core/Src/gpio.o
 .debug_macro   0x00024059      0x3bd Core/Src/lsm303ctr_add.o
 .debug_macro   0x00024416       0x58 Core/Src/lsm303ctr_add.o
 .debug_macro   0x0002446e       0x18 Core/Src/lsm303ctr_add.o
 .debug_macro   0x00024486       0x94 Core/Src/lsm303ctr_add.o
 .debug_macro   0x0002451a       0x35 Core/Src/lsm303ctr_add.o
 .debug_macro   0x0002454f       0x34 Core/Src/lsm303ctr_add.o
 .debug_macro   0x00024583       0x57 Core/Src/lsm303ctr_add.o
 .debug_macro   0x000245da       0x58 Core/Src/lsm303ctr_add.o
 .debug_macro   0x00024632       0x1f Core/Src/lsm303ctr_add.o
 .debug_macro   0x00024651       0x43 Core/Src/lsm303ctr_add.o
 .debug_macro   0x00024694       0x20 Core/Src/lsm303ctr_add.o
 .debug_macro   0x000246b4      0x18e Core/Src/lsm303ctr_add.o
 .debug_macro   0x00024842      0x330 Core/Src/lsm303ctr_add.o
 .debug_macro   0x00024b72       0x10 Core/Src/lsm303ctr_add.o
 .debug_macro   0x00024b82       0x35 Core/Src/lsm303ctr_add.o
 .debug_macro   0x00024bb7       0x1c Core/Src/lsm303ctr_add.o
 .debug_macro   0x00024bd3       0x10 Core/Src/lsm303ctr_add.o
 .debug_macro   0x00024be3       0x10 Core/Src/lsm303ctr_add.o
 .debug_macro   0x00024bf3       0x1c Core/Src/lsm303ctr_add.o
 .debug_macro   0x00024c0f       0x52 Core/Src/lsm303ctr_add.o
 .debug_macro   0x00024c61       0x40 Core/Src/lsm303ctr_add.o
 .debug_macro   0x00024ca1       0x10 Core/Src/lsm303ctr_add.o
 .debug_macro   0x00024cb1       0x40 Core/Src/lsm303ctr_add.o
 .debug_macro   0x00024cf1       0xd7 Core/Src/lsm303ctr_add.o
 .debug_macro   0x00024dc8       0x1c Core/Src/lsm303ctr_add.o
 .debug_macro   0x00024de4       0x3d Core/Src/lsm303ctr_add.o
 .debug_macro   0x00024e21       0x16 Core/Src/lsm303ctr_add.o
 .debug_macro   0x00024e37      0x16f Core/Src/lsm303ctr_add.o
 .debug_macro   0x00024fa6      0x1e1 Core/Src/lsm303ctr_add.o
 .debug_macro   0x00025187      0x1a9 Core/Src/lsm303ctr_add.o
 .debug_macro   0x00025330       0xfb Core/Src/lsm303ctr_add.o
 .debug_macro   0x0002542b       0x56 Core/Src/lsm303ctr_add.o
 .debug_macro   0x00025481       0x46 Core/Src/lsm303ctr_add.o
 .debug_macro   0x000254c7      0x115 Core/Src/lsm303ctr_reg.o
 .debug_macro   0x000255dc       0x5e Core/Src/lsm303ctr_reg.o
 .debug_macro   0x0002563a      0x3dd Core/Src/main.o
 .debug_macro   0x00025a17      0x32a Core/Src/main.o
 .debug_macro   0x00025d41      0x1f3 Core/Src/spi.o
 .debug_macro   0x00025f34      0x1e9 Core/Src/stm32l4xx_hal_msp.o
 .debug_macro   0x0002611d      0x1f3 Core/Src/stm32l4xx_it.o
 .debug_macro   0x00026310      0x243 Core/Src/syscalls.o
 .debug_macro   0x00026553       0x10 Core/Src/syscalls.o
 .debug_macro   0x00026563       0x10 Core/Src/syscalls.o
 .debug_macro   0x00026573       0x10 Core/Src/syscalls.o
 .debug_macro   0x00026583       0x35 Core/Src/syscalls.o
 .debug_macro   0x000265b8      0x122 Core/Src/syscalls.o
 .debug_macro   0x000266da       0x16 Core/Src/syscalls.o
 .debug_macro   0x000266f0       0x16 Core/Src/syscalls.o
 .debug_macro   0x00026706       0x29 Core/Src/syscalls.o
 .debug_macro   0x0002672f       0x10 Core/Src/syscalls.o
 .debug_macro   0x0002673f      0x241 Core/Src/syscalls.o
 .debug_macro   0x00026980       0x10 Core/Src/syscalls.o
 .debug_macro   0x00026990      0x189 Core/Src/syscalls.o
 .debug_macro   0x00026b19       0x16 Core/Src/syscalls.o
 .debug_macro   0x00026b2f       0x88 Core/Src/syscalls.o
 .debug_macro   0x00026bb7      0x1e0 Core/Src/system_stm32l4xx.o
 .debug_macro   0x00026d97      0x1f3 Core/Src/usart.o
 .debug_macro   0x00026f8a      0x228 Drivers/STM32L4xx_HAL_Driver/Src/stm32l4xx_hal.o
 .debug_macro   0x000271b2      0x1da Drivers/STM32L4xx_HAL_Driver/Src/stm32l4xx_hal_cortex.o
 .debug_macro   0x0002738c      0x1da Drivers/STM32L4xx_HAL_Driver/Src/stm32l4xx_hal_dma.o
 .debug_macro   0x00027566      0x219 Drivers/STM32L4xx_HAL_Driver/Src/stm32l4xx_hal_gpio.o
 .debug_macro   0x0002777f      0x1fe Drivers/STM32L4xx_HAL_Driver/Src/stm32l4xx_hal_pwr_ex.o
 .debug_macro   0x0002797d      0x21c Drivers/STM32L4xx_HAL_Driver/Src/stm32l4xx_hal_rcc.o
 .debug_macro   0x00027b99      0x210 Drivers/STM32L4xx_HAL_Driver/Src/stm32l4xx_hal_rcc_ex.o
 .debug_macro   0x00027da9      0x1e2 Drivers/STM32L4xx_HAL_Driver/Src/stm32l4xx_hal_spi.o
 .debug_macro   0x00027f8b      0x205 Drivers/STM32L4xx_HAL_Driver/Src/stm32l4xx_hal_uart.o
 .debug_macro   0x00028190      0x1da Drivers/STM32L4xx_HAL_Driver/Src/stm32l4xx_hal_uart_ex.o

.debug_line     0x00000000     0xce09
 .debug_line    0x00000000      0x6e8 Core/Src/dma.o
 .debug_line    0x000006e8      0x704 Core/Src/gpio.o
 .debug_line    0x00000dec      0x9a1 Core/Src/lsm303ctr_add.o
 .debug_line    0x0000178d      0xdb4 Core/Src/lsm303ctr_reg.o
 .debug_line    0x00002541      0x90f Core/Src/main.o
 .debug_line    0x00002e50      0x72e Core/Src/spi.o
 .debug_line    0x0000357e      0x6eb Core/Src/stm32l4xx_hal_msp.o
 .debug_line    0x00003c69      0x7d4 Core/Src/stm32l4xx_it.o
 .debug_line    0x0000443d      0x5d6 Core/Src/syscalls.o
 .debug_line    0x00004a13      0x723 Core/Src/system_stm32l4xx.o
 .debug_line    0x00005136      0x748 Core/Src/usart.o
 .debug_line    0x0000587e      0x98c Drivers/STM32L4xx_HAL_Driver/Src/stm32l4xx_hal.o
 .debug_line    0x0000620a      0x93b Drivers/STM32L4xx_HAL_Driver/Src/stm32l4xx_hal_cortex.o
 .debug_line    0x00006b45      0x961 Drivers/STM32L4xx_HAL_Driver/Src/stm32l4xx_hal_dma.o
 .debug_line    0x000074a6      0x864 Drivers/STM32L4xx_HAL_Driver/Src/stm32l4xx_hal_gpio.o
 .debug_line    0x00007d0a      0xb5f Drivers/STM32L4xx_HAL_Driver/Src/stm32l4xx_hal_pwr_ex.o
 .debug_line    0x00008869      0xa95 Drivers/STM32L4xx_HAL_Driver/Src/stm32l4xx_hal_rcc.o
 .debug_line    0x000092fe      0xd06 Drivers/STM32L4xx_HAL_Driver/Src/stm32l4xx_hal_rcc_ex.o
 .debug_line    0x0000a004     0x1253 Drivers/STM32L4xx_HAL_Driver/Src/stm32l4xx_hal_spi.o
 .debug_line    0x0000b257     0x12df Drivers/STM32L4xx_HAL_Driver/Src/stm32l4xx_hal_uart.o
 .debug_line    0x0000c536      0x853 Drivers/STM32L4xx_HAL_Driver/Src/stm32l4xx_hal_uart_ex.o
 .debug_line    0x0000cd89       0x80 startup/startup_stm32l476xx.o

.debug_str      0x00000000    0xef3c7
 .debug_str     0x00000000    0xe40da Core/Src/dma.o
                              0xe4449 (size before relaxing)
 .debug_str     0x000e40da       0xe0 Core/Src/gpio.o
                              0xe450e (size before relaxing)
 .debug_str     0x000e41ba     0x5e46 Core/Src/lsm303ctr_add.o
                              0xe9e37 (size before relaxing)
 .debug_str     0x000ea000     0x11ae Core/Src/lsm303ctr_reg.o
                               0x9496 (size before relaxing)
 .debug_str     0x000eb1ae      0x4fa Core/Src/main.o
                              0xe9f72 (size before relaxing)
 .debug_str     0x000eb6a8       0x6f Core/Src/spi.o
                              0xe4901 (size before relaxing)
 .debug_str     0x000eb717       0x2c Core/Src/stm32l4xx_hal_msp.o
                              0xe3f43 (size before relaxing)
 .debug_str     0x000eb743      0x181 Core/Src/stm32l4xx_it.o
                              0xe44be (size before relaxing)
 .debug_str     0x000eb8c4     0x121c Core/Src/syscalls.o
                               0x859c (size before relaxing)
 .debug_str     0x000ecae0       0xcd Core/Src/system_stm32l4xx.o
                              0xe3eb0 (size before relaxing)
 .debug_str     0x000ecbad       0x6d Core/Src/usart.o
                              0xe493e (size before relaxing)
 .debug_str     0x000ecc1a      0x5c2 Drivers/STM32L4xx_HAL_Driver/Src/stm32l4xx_hal.o
                              0xe49d9 (size before relaxing)
 .debug_str     0x000ed1dc      0x31d Drivers/STM32L4xx_HAL_Driver/Src/stm32l4xx_hal_cortex.o
                              0xe4704 (size before relaxing)
 .debug_str     0x000ed4f9      0x229 Drivers/STM32L4xx_HAL_Driver/Src/stm32l4xx_hal_dma.o
                              0xe4114 (size before relaxing)
 .debug_str     0x000ed722      0x1ed Drivers/STM32L4xx_HAL_Driver/Src/stm32l4xx_hal_gpio.o
                              0xe412f (size before relaxing)
 .debug_str     0x000ed90f      0x4a8 Drivers/STM32L4xx_HAL_Driver/Src/stm32l4xx_hal_pwr_ex.o
                              0xe43df (size before relaxing)
 .debug_str     0x000eddb7      0x38f Drivers/STM32L4xx_HAL_Driver/Src/stm32l4xx_hal_rcc.o
                              0xe44b3 (size before relaxing)
 .debug_str     0x000ee146      0x3bf Drivers/STM32L4xx_HAL_Driver/Src/stm32l4xx_hal_rcc_ex.o
                              0xe4692 (size before relaxing)
 .debug_str     0x000ee505      0x550 Drivers/STM32L4xx_HAL_Driver/Src/stm32l4xx_hal_spi.o
                              0xe4698 (size before relaxing)
 .debug_str     0x000eea55      0x7be Drivers/STM32L4xx_HAL_Driver/Src/stm32l4xx_hal_uart.o
                              0xe4b10 (size before relaxing)
 .debug_str     0x000ef213      0x185 Drivers/STM32L4xx_HAL_Driver/Src/stm32l4xx_hal_uart_ex.o
                              0xe42c8 (size before relaxing)
 .debug_str     0x000ef398       0x2f startup/startup_stm32l476xx.o
                                 0x5c (size before relaxing)

.comment        0x00000000       0x7f
 .comment       0x00000000       0x7f Core/Src/dma.o
                                 0x80 (size before relaxing)
 .comment       0x0000007f       0x80 Core/Src/gpio.o
 .comment       0x0000007f       0x80 Core/Src/lsm303ctr_add.o
 .comment       0x0000007f       0x80 Core/Src/lsm303ctr_reg.o
 .comment       0x0000007f       0x80 Core/Src/main.o
 .comment       0x0000007f       0x80 Core/Src/spi.o
 .comment       0x0000007f       0x80 Core/Src/stm32l4xx_hal_msp.o
 .comment       0x0000007f       0x80 Core/Src/stm32l4xx_it.o
 .comment       0x0000007f       0x80 Core/Src/syscalls.o
 .comment       0x0000007f       0x80 Core/Src/system_stm32l4xx.o
 .comment       0x0000007f       0x80 Core/Src/usart.o
 .comment       0x0000007f       0x80 Drivers/STM32L4xx_HAL_Driver/Src/stm32l4xx_hal.o
 .comment       0x0000007f       0x80 Drivers/STM32L4xx_HAL_Driver/Src/stm32l4xx_hal_cortex.o
 .comment       0x0000007f       0x80 Drivers/STM32L4xx_HAL_Driver/Src/stm32l4xx_hal_dma.o
 .comment       0x0000007f       0x80 Drivers/STM32L4xx_HAL_Driver/Src/stm32l4xx_hal_gpio.o
 .comment       0x0000007f       0x80 Drivers/STM32L4xx_HAL_Driver/Src/stm32l4xx_hal_pwr_ex.o
 .comment       0x0000007f       0x80 Drivers/STM32L4xx_HAL_Driver/Src/stm32l4xx_hal_rcc.o
 .comment       0x0000007f       0x80 Drivers/STM32L4xx_HAL_Driver/Src/stm32l4xx_hal_rcc_ex.o
 .comment       0x0000007f       0x80 Drivers/STM32L4xx_HAL_Driver/Src/stm32l4xx_hal_spi.o
 .comment       0x0000007f       0x80 Drivers/STM32L4xx_HAL_Driver/Src/stm32l4xx_hal_uart.o
 .comment       0x0000007f       0x80 Drivers/STM32L4xx_HAL_Driver/Src/stm32l4xx_hal_uart_ex.o

.debug_frame    0x00000000     0x375c
 .debug_frame   0x00000000       0x2c Core/Src/dma.o
 .debug_frame   0x0000002c       0x38 Core/Src/gpio.o
 .debug_frame   0x00000064      0x198 Core/Src/lsm303ctr_add.o
 .debug_frame   0x000001fc      0xdb4 Core/Src/lsm303ctr_reg.o
 .debug_frame   0x00000fb0       0x88 Core/Src/main.o
 .debug_frame   0x00001038       0x60 Core/Src/spi.o
 .debug_frame   0x00001098       0x28 Core/Src/stm32l4xx_hal_msp.o
 .debug_frame   0x000010c0      0x120 Core/Src/stm32l4xx_it.o
 .debug_frame   0x000011e0      0x1a8 Core/Src/syscalls.o
 .debug_frame   0x00001388       0x30 Core/Src/system_stm32l4xx.o
 .debug_frame   0x000013b8       0x64 Core/Src/usart.o
 .debug_frame   0x0000141c      0x274 Drivers/STM32L4xx_HAL_Driver/Src/stm32l4xx_hal.o
 .debug_frame   0x00001690      0x15c Drivers/STM32L4xx_HAL_Driver/Src/stm32l4xx_hal_cortex.o
 .debug_frame   0x000017ec      0x16c Drivers/STM32L4xx_HAL_Driver/Src/stm32l4xx_hal_dma.o
 .debug_frame   0x00001958       0xd0 Drivers/STM32L4xx_HAL_Driver/Src/stm32l4xx_hal_gpio.o
 .debug_frame   0x00001a28      0x298 Drivers/STM32L4xx_HAL_Driver/Src/stm32l4xx_hal_pwr_ex.o
 .debug_frame   0x00001cc0      0x18c Drivers/STM32L4xx_HAL_Driver/Src/stm32l4xx_hal_rcc.o
 .debug_frame   0x00001e4c      0x204 Drivers/STM32L4xx_HAL_Driver/Src/stm32l4xx_hal_rcc_ex.o
 .debug_frame   0x00002050      0x5c8 Drivers/STM32L4xx_HAL_Driver/Src/stm32l4xx_hal_spi.o
 .debug_frame   0x00002618      0x5ac Drivers/STM32L4xx_HAL_Driver/Src/stm32l4xx_hal_uart.o
 .debug_frame   0x00002bc4       0xdc Drivers/STM32L4xx_HAL_Driver/Src/stm32l4xx_hal_uart_ex.o
 .debug_frame   0x00002ca0       0xac c:/ac6/systemworkbench/plugins/fr.ac6.mcu.externaltools.arm-none.win32_1.17.0.201812190825/tools/compiler/bin/../lib/gcc/arm-none-eabi/7.3.1/thumb/v7e-m/fpv4-sp/hard\libgcc.a(_arm_addsubdf3.o)
 .debug_frame   0x00002d4c       0x2c c:/ac6/systemworkbench/plugins/fr.ac6.mcu.externaltools.arm-none.win32_1.17.0.201812190825/tools/compiler/bin/../lib/gcc/arm-none-eabi/7.3.1/thumb/v7e-m/fpv4-sp/hard\libgcc.a(_aeabi_uldivmod.o)
 .debug_frame   0x00002d78       0x34 c:/ac6/systemworkbench/plugins/fr.ac6.mcu.externaltools.arm-none.win32_1.17.0.201812190825/tools/compiler/bin/../lib/gcc/arm-none-eabi/7.3.1/thumb/v7e-m/fpv4-sp/hard\libgcc.a(_udivmoddi4.o)