Archive member included to satisfy reference by file (symbol)

g:/stm32/ac6/plugins/fr.ac6.mcu.externaltools.arm-none.win32_1.17.0.201812190825/tools/compiler/bin/../lib/gcc/arm-none-eabi/7.3.1/thumb/v7e-m/fpv4-sp/hard\libgcc.a(_arm_addsubdf3.o)
                              Core/Src/lsm303ctr_add.o (__aeabi_f2d)
g:/stm32/ac6/plugins/fr.ac6.mcu.externaltools.arm-none.win32_1.17.0.201812190825/tools/compiler/bin/../lib/gcc/arm-none-eabi/7.3.1/thumb/v7e-m/fpv4-sp/hard\libgcc.a(_aeabi_uldivmod.o)
                              Drivers/STM32L4xx_HAL_Driver/Src/stm32l4xx_hal_uart.o (__aeabi_uldivmod)
g:/stm32/ac6/plugins/fr.ac6.mcu.externaltools.arm-none.win32_1.17.0.201812190825/tools/compiler/bin/../lib/gcc/arm-none-eabi/7.3.1/thumb/v7e-m/fpv4-sp/hard\libgcc.a(_udivmoddi4.o)
                              g:/stm32/ac6/plugins/fr.ac6.mcu.externaltools.arm-none.win32_1.17.0.201812190825/tools/compiler/bin/../lib/gcc/arm-none-eabi/7.3.1/thumb/v7e-m/fpv4-sp/hard\libgcc.a(_aeabi_uldivmod.o) (__udivmoddi4)
g:/stm32/ac6/plugins/fr.ac6.mcu.externaltools.arm-none.win32_1.17.0.201812190825/tools/compiler/bin/../lib/gcc/arm-none-eabi/7.3.1/thumb/v7e-m/fpv4-sp/hard\libgcc.a(_dvmd_tls.o)
                              g:/stm32/ac6/plugins/fr.ac6.mcu.externaltools.arm-none.win32_1.17.0.201812190825/tools/compiler/bin/../lib/gcc/arm-none-eabi/7.3.1/thumb/v7e-m/fpv4-sp/hard\libgcc.a(_aeabi_uldivmod.o) (__aeabi_ldiv0)
g:/stm32/ac6/plugins/fr.ac6.mcu.externaltools.arm-none.win32_1.17.0.201812190825/tools/compiler/bin/../lib/gcc/arm-none-eabi/7.3.1/../../../../arm-none-eabi/lib/thumb/v7e-m/fpv4-sp/hard\libc_nano.a(lib_a-atoi.o)
                              Core/Src/main.o (atoi)
g:/stm32/ac6/plugins/fr.ac6.mcu.externaltools.arm-none.win32_1.17.0.201812190825/tools/compiler/bin/../lib/gcc/arm-none-eabi/7.3.1/../../../../arm-none-eabi/lib/thumb/v7e-m/fpv4-sp/hard\libc_nano.a(lib_a-errno.o)
                              Core/Src/syscalls.o (__errno)
g:/stm32/ac6/plugins/fr.ac6.mcu.externaltools.arm-none.win32_1.17.0.201812190825/tools/compiler/bin/../lib/gcc/arm-none-eabi/7.3.1/../../../../arm-none-eabi/lib/thumb/v7e-m/fpv4-sp/hard\libc_nano.a(lib_a-exit.o)
                              g:/stm32/ac6/plugins/fr.ac6.mcu.externaltools.arm-none.win32_1.17.0.201812190825/tools/compiler/bin/../lib/gcc/arm-none-eabi/7.3.1/../../../../arm-none-eabi/lib/thumb/v7e-m/fpv4-sp/hard/crt0.o (exit)
g:/stm32/ac6/plugins/fr.ac6.mcu.externaltools.arm-none.win32_1.17.0.201812190825/tools/compiler/bin/../lib/gcc/arm-none-eabi/7.3.1/../../../../arm-none-eabi/lib/thumb/v7e-m/fpv4-sp/hard\libc_nano.a(lib_a-impure.o)
                              g:/stm32/ac6/plugins/fr.ac6.mcu.externaltools.arm-none.win32_1.17.0.201812190825/tools/compiler/bin/../lib/gcc/arm-none-eabi/7.3.1/../../../../arm-none-eabi/lib/thumb/v7e-m/fpv4-sp/hard\libc_nano.a(lib_a-exit.o) (_global_impure_ptr)
g:/stm32/ac6/plugins/fr.ac6.mcu.externaltools.arm-none.win32_1.17.0.201812190825/tools/compiler/bin/../lib/gcc/arm-none-eabi/7.3.1/../../../../arm-none-eabi/lib/thumb/v7e-m/fpv4-sp/hard\libc_nano.a(lib_a-init.o)
                              g:/stm32/ac6/plugins/fr.ac6.mcu.externaltools.arm-none.win32_1.17.0.201812190825/tools/compiler/bin/../lib/gcc/arm-none-eabi/7.3.1/../../../../arm-none-eabi/lib/thumb/v7e-m/fpv4-sp/hard/crt0.o (__libc_init_array)
g:/stm32/ac6/plugins/fr.ac6.mcu.externaltools.arm-none.win32_1.17.0.201812190825/tools/compiler/bin/../lib/gcc/arm-none-eabi/7.3.1/../../../../arm-none-eabi/lib/thumb/v7e-m/fpv4-sp/hard\libc_nano.a(lib_a-memset.o)
                              g:/stm32/ac6/plugins/fr.ac6.mcu.externaltools.arm-none.win32_1.17.0.201812190825/tools/compiler/bin/../lib/gcc/arm-none-eabi/7.3.1/../../../../arm-none-eabi/lib/thumb/v7e-m/fpv4-sp/hard/crt0.o (memset)
g:/stm32/ac6/plugins/fr.ac6.mcu.externaltools.arm-none.win32_1.17.0.201812190825/tools/compiler/bin/../lib/gcc/arm-none-eabi/7.3.1/../../../../arm-none-eabi/lib/thumb/v7e-m/fpv4-sp/hard\libc_nano.a(lib_a-nano-vfprintf_float.o)
                              (_printf_float)
g:/stm32/ac6/plugins/fr.ac6.mcu.externaltools.arm-none.win32_1.17.0.201812190825/tools/compiler/bin/../lib/gcc/arm-none-eabi/7.3.1/../../../../arm-none-eabi/lib/thumb/v7e-m/fpv4-sp/hard\libc_nano.a(lib_a-nano-vfprintf_i.o)
                              g:/stm32/ac6/plugins/fr.ac6.mcu.externaltools.arm-none.win32_1.17.0.201812190825/tools/compiler/bin/../lib/gcc/arm-none-eabi/7.3.1/../../../../arm-none-eabi/lib/thumb/v7e-m/fpv4-sp/hard\libc_nano.a(lib_a-nano-vfprintf_float.o) (_printf_common)
g:/stm32/ac6/plugins/fr.ac6.mcu.externaltools.arm-none.win32_1.17.0.201812190825/tools/compiler/bin/../lib/gcc/arm-none-eabi/7.3.1/../../../../arm-none-eabi/lib/thumb/v7e-m/fpv4-sp/hard\libc_nano.a(lib_a-sprintf.o)
                              Core/Src/lsm303ctr_add.o (sprintf)
[...]
Memory Configuration

Name             Origin             Length             Attributes
RAM              0x20000000         0x00018000         xrw
RAM2             0x10000000         0x00008000         xrw
FLASH            0x08000000         0x00100000         xr
*default*        0x00000000         0xffffffff

Linker script and memory map

LOAD g:/stm32/ac6/plugins/fr.ac6.mcu.externaltools.arm-none.win32_1.17.0.201812190825/tools/compiler/bin/../lib/gcc/arm-none-eabi/7.3.1/thumb/v7e-m/fpv4-sp/hard/crti.o
LOAD g:/stm32/ac6/plugins/fr.ac6.mcu.externaltools.arm-none.win32_1.17.0.201812190825/tools/compiler/bin/../lib/gcc/arm-none-eabi/7.3.1/thumb/v7e-m/fpv4-sp/hard/crtbegin.o
LOAD g:/stm32/ac6/plugins/fr.ac6.mcu.externaltools.arm-none.win32_1.17.0.201812190825/tools/compiler/bin/../lib/gcc/arm-none-eabi/7.3.1/../../../../arm-none-eabi/lib/thumb/v7e-m/fpv4-sp/hard/crt0.o
LOAD Core/Src/dma.o
LOAD Core/Src/gpio.o
LOAD Core/Src/lsm303ctr_add.o
LOAD Core/Src/lsm303ctr_reg.o
LOAD Core/Src/main.o
LOAD Core/Src/spi.o
LOAD Core/Src/stm32l4xx_hal_msp.o
LOAD Core/Src/stm32l4xx_it.o
LOAD Core/Src/syscalls.o
LOAD Core/Src/system_stm32l4xx.o
LOAD Core/Src/usart.o
LOAD Drivers/STM32L4xx_HAL_Driver/Src/stm32l4xx_hal.o
LOAD Drivers/STM32L4xx_HAL_Driver/Src/stm32l4xx_hal_cortex.o
LOAD Drivers/STM32L4xx_HAL_Driver/Src/stm32l4xx_hal_dma.o
LOAD Drivers/STM32L4xx_HAL_Driver/Src/stm32l4xx_hal_dma_ex.o
LOAD Drivers/STM32L4xx_HAL_Driver/Src/stm32l4xx_hal_exti.o
LOAD Drivers/STM32L4xx_HAL_Driver/Src/stm32l4xx_hal_flash.o
LOAD Drivers/STM32L4xx_HAL_Driver/Src/stm32l4xx_hal_flash_ex.o
LOAD Drivers/STM32L4xx_HAL_Driver/Src/stm32l4xx_hal_flash_ramfunc.o
LOAD Drivers/STM32L4xx_HAL_Driver/Src/stm32l4xx_hal_gpio.o
LOAD Drivers/STM32L4xx_HAL_Driver/Src/stm32l4xx_hal_i2c.o
LOAD Drivers/STM32L4xx_HAL_Driver/Src/stm32l4xx_hal_i2c_ex.o
LOAD Drivers/STM32L4xx_HAL_Driver/Src/stm32l4xx_hal_pwr.o
LOAD Drivers/STM32L4xx_HAL_Driver/Src/stm32l4xx_hal_pwr_ex.o
LOAD Drivers/STM32L4xx_HAL_Driver/Src/stm32l4xx_hal_rcc.o
LOAD Drivers/STM32L4xx_HAL_Driver/Src/stm32l4xx_hal_rcc_ex.o
LOAD Drivers/STM32L4xx_HAL_Driver/Src/stm32l4xx_hal_spi.o
LOAD Drivers/STM32L4xx_HAL_Driver/Src/stm32l4xx_hal_spi_ex.o
LOAD Drivers/STM32L4xx_HAL_Driver/Src/stm32l4xx_hal_tim.o
LOAD Drivers/STM32L4xx_HAL_Driver/Src/stm32l4xx_hal_tim_ex.o
LOAD Drivers/STM32L4xx_HAL_Driver/Src/stm32l4xx_hal_uart.o
LOAD Drivers/STM32L4xx_HAL_Driver/Src/stm32l4xx_hal_uart_ex.o
LOAD startup/startup_stm32l476xx.o
LOAD g:/stm32/ac6/plugins/fr.ac6.mcu.externaltools.arm-none.win32_1.17.0.201812190825/tools/compiler/bin/../lib/gcc/arm-none-eabi/7.3.1/../../../../arm-none-eabi/lib/thumb/v7e-m/fpv4-sp/hard\libm.a
START GROUP
LOAD g:/stm32/ac6/plugins/fr.ac6.mcu.externaltools.arm-none.win32_1.17.0.201812190825/tools/compiler/bin/../lib/gcc/arm-none-eabi/7.3.1/thumb/v7e-m/fpv4-sp/hard\libgcc.a
LOAD g:/stm32/ac6/plugins/fr.ac6.mcu.externaltools.arm-none.win32_1.17.0.201812190825/tools/compiler/bin/../lib/gcc/arm-none-eabi/7.3.1/../../../../arm-none-eabi/lib/thumb/v7e-m/fpv4-sp/hard\libc_nano.a
END GROUP
START GROUP
LOAD g:/stm32/ac6/plugins/fr.ac6.mcu.externaltools.arm-none.win32_1.17.0.201812190825/tools/compiler/bin/../lib/gcc/arm-none-eabi/7.3.1/thumb/v7e-m/fpv4-sp/hard\libgcc.a
LOAD g:/stm32/ac6/plugins/fr.ac6.mcu.externaltools.arm-none.win32_1.17.0.201812190825/tools/compiler/bin/../lib/gcc/arm-none-eabi/7.3.1/../../../../arm-none-eabi/lib/thumb/v7e-m/fpv4-sp/hard\libc_nano.a
LOAD g:/stm32/ac6/plugins/fr.ac6.mcu.externaltools.arm-none.win32_1.17.0.201812190825/tools/compiler/bin/../lib/gcc/arm-none-eabi/7.3.1/../../../../arm-none-eabi/lib/thumb/v7e-m/fpv4-sp/hard\libnosys.a
END GROUP
START GROUP
LOAD g:/stm32/ac6/plugins/fr.ac6.mcu.externaltools.arm-none.win32_1.17.0.201812190825/tools/compiler/bin/../lib/gcc/arm-none-eabi/7.3.1/thumb/v7e-m/fpv4-sp/hard\libgcc.a
LOAD g:/stm32/ac6/plugins/fr.ac6.mcu.externaltools.arm-none.win32_1.17.0.201812190825/tools/compiler/bin/../lib/gcc/arm-none-eabi/7.3.1/../../../../arm-none-eabi/lib/thumb/v7e-m/fpv4-sp/hard\libc_nano.a
LOAD g:/stm32/ac6/plugins/fr.ac6.mcu.externaltools.arm-none.win32_1.17.0.201812190825/tools/compiler/bin/../lib/gcc/arm-none-eabi/7.3.1/../../../../arm-none-eabi/lib/thumb/v7e-m/fpv4-sp/hard\libnosys.a
END GROUP
LOAD g:/stm32/ac6/plugins/fr.ac6.mcu.externaltools.arm-none.win32_1.17.0.201812190825/tools/compiler/bin/../lib/gcc/arm-none-eabi/7.3.1/thumb/v7e-m/fpv4-sp/hard/crtend.o
LOAD g:/stm32/ac6/plugins/fr.ac6.mcu.externaltools.arm-none.win32_1.17.0.201812190825/tools/compiler/bin/../lib/gcc/arm-none-eabi/7.3.1/thumb/v7e-m/fpv4-sp/hard/crtn.o
                0x20018000                _estack = 0x20018000
                0x00000200                _Min_Heap_Size = 0x200
                0x00000400                _Min_Stack_Size = 0x400

.isr_vector     0x08000000      0x188
                0x08000000                . = ALIGN (0x8)
 *(.isr_vector)
 .isr_vector    0x08000000      0x188 startup/startup_stm32l476xx.o
                0x08000000                g_pfnVectors
                0x08000188                . = ALIGN (0x8)

.text           0x08000190     0x6670
                0x08000190                . = ALIGN (0x8)
 *(.text)
 .text          0x08000190       0x40 g:/stm32/ac6/plugins/fr.ac6.mcu.externaltools.arm-none.win32_1.17.0.201812190825/tools/compiler/bin/../lib/gcc/arm-none-eabi/7.3.1/thumb/v7e-m/fpv4-sp/hard/crtbegin.o
 .text          0x080001d0      0x378 g:/stm32/ac6/plugins/fr.ac6.mcu.externaltools.arm-none.win32_1.17.0.201812190825/tools/compiler/bin/../lib/gcc/arm-none-eabi/7.3.1/thumb/v7e-m/fpv4-sp/hard\libgcc.a(_arm_addsubdf3.o)
                0x080001d0                __aeabi_drsub
                0x080001d8                __aeabi_dsub
                0x080001d8                __subdf3
                0x080001dc                __aeabi_dadd
                0x080001dc                __adddf3
                0x08000454                __floatunsidf
                0x08000454                __aeabi_ui2d
                0x08000474                __floatsidf
                0x08000474                __aeabi_i2d
                0x08000498                __aeabi_f2d
                0x08000498                __extendsfdf2
                0x080004dc                __floatundidf
                0x080004dc                __aeabi_ul2d
                0x080004ec                __floatdidf
                0x080004ec                __aeabi_l2d
 .text          0x08000548       0x30 g:/stm32/ac6/plugins/fr.ac6.mcu.externaltools.arm-none.win32_1.17.0.201812190825/tools/compiler/bin/../lib/gcc/arm-none-eabi/7.3.1/thumb/v7e-m/fpv4-sp/hard\libgcc.a(_aeabi_uldivmod.o)
                0x08000548                __aeabi_uldivmod
 .text          0x08000578      0x2cc g:/stm32/ac6/plugins/fr.ac6.mcu.externaltools.arm-none.win32_1.17.0.201812190825/tools/compiler/bin/../lib/gcc/arm-none-eabi/7.3.1/thumb/v7e-m/fpv4-sp/hard\libgcc.a(_udivmoddi4.o)
                0x08000578                __udivmoddi4
 .text          0x08000844        0x4 g:/stm32/ac6/plugins/fr.ac6.mcu.externaltools.arm-none.win32_1.17.0.201812190825/tools/compiler/bin/../lib/gcc/arm-none-eabi/7.3.1/thumb/v7e-m/fpv4-sp/hard\libgcc.a(_dvmd_tls.o)
                0x08000844                __aeabi_idiv0
                0x08000844                __aeabi_ldiv0
 .text          0x08000848       0x10 g:/stm32/ac6/plugins/fr.ac6.mcu.externaltools.arm-none.win32_1.17.0.201812190825/tools/compiler/bin/../lib/gcc/arm-none-eabi/7.3.1/../../../../arm-none-eabi/lib/thumb/v7e-m/fpv4-sp/hard\libc_nano.a(lib_a-strlen.o)
                0x08000848                strlen
 *fill*         0x08000858        0x8 
 .text          0x08000860       0xa0 g:/stm32/ac6/plugins/fr.ac6.mcu.externaltools.arm-none.win32_1.17.0.201812190825/tools/compiler/bin/../lib/gcc/arm-none-eabi/7.3.1/../../../../arm-none-eabi/lib/thumb/v7e-m/fpv4-sp/hard\libc_nano.a(lib_a-memchr.o)
                0x08000860                memchr
 .text          0x08000900      0x424 g:/stm32/ac6/plugins/fr.ac6.mcu.externaltools.arm-none.win32_1.17.0.201812190825/tools/compiler/bin/../lib/gcc/arm-none-eabi/7.3.1/thumb/v7e-m/fpv4-sp/hard\libgcc.a(_arm_muldivdf3.o)
                0x08000900                __aeabi_dmul
                0x08000900                __muldf3
                0x08000b54                __divdf3
                0x08000b54                __aeabi_ddiv
 .text          0x08000d24      0x110 g:/stm32/ac6/plugins/fr.ac6.mcu.externaltools.arm-none.win32_1.17.0.201812190825/tools/compiler/bin/../lib/gcc/arm-none-eabi/7.3.1/thumb/v7e-m/fpv4-sp/hard\libgcc.a(_arm_cmpdf2.o)
                0x08000d24                __gtdf2
                0x08000d24                __gedf2
                0x08000d2c                __ltdf2
                0x08000d2c                __ledf2
                0x08000d34                __nedf2
                0x08000d34                __eqdf2
                0x08000d34                __cmpdf2
                0x08000db0                __aeabi_cdrcmple
                0x08000dc0                __aeabi_cdcmpeq
                0x08000dc0                __aeabi_cdcmple
                0x08000dd0                __aeabi_dcmpeq
                0x08000de4                __aeabi_dcmplt
                0x08000df8                __aeabi_dcmple
                0x08000e0c                __aeabi_dcmpge
                0x08000e20                __aeabi_dcmpgt
 .text          0x08000e34       0x2c g:/stm32/ac6/plugins/fr.ac6.mcu.externaltools.arm-none.win32_1.17.0.201812190825/tools/compiler/bin/../lib/gcc/arm-none-eabi/7.3.1/thumb/v7e-m/fpv4-sp/hard\libgcc.a(_arm_unorddf2.o)
                0x08000e34                __unorddf2
                0x08000e34                __aeabi_dcmpun
 .text          0x08000e60       0x50 g:/stm32/ac6/plugins/fr.ac6.mcu.externaltools.arm-none.win32_1.17.0.201812190825/tools/compiler/bin/../lib/gcc/arm-none-eabi/7.3.1/thumb/v7e-m/fpv4-sp/hard\libgcc.a(_arm_fixdfsi.o)
                0x08000e60                __aeabi_d2iz
                0x08000e60                __fixdfsi
 *(.text*)
 .text.MX_DMA_Init
                0x08000eb0       0x44 Core/Src/dma.o
                0x08000eb0                MX_DMA_Init
 .text.MX_GPIO_Init
                0x08000ef4      0x114 Core/Src/gpio.o
                0x08000ef4                MX_GPIO_Init
 .text.lsm303ctr_write_a
                0x08001008       0x54 Core/Src/lsm303ctr_add.o
                0x08001008                lsm303ctr_write_a
 .text.lsm303ctr_write_m
                0x0800105c       0x50 Core/Src/lsm303ctr_add.o
                0x0800105c                lsm303ctr_write_m
 .text.lsm303ctr_read_a
                0x080010ac       0x54 Core/Src/lsm303ctr_add.o
                0x080010ac                lsm303ctr_read_a
 .text.lsm303ctr_read_m
                0x08001100       0x54 Core/Src/lsm303ctr_add.o
                0x08001100                lsm303ctr_read_m
 .text.lsm303ctr_AccelerationRead
                0x08001154       0x6c Core/Src/lsm303ctr_add.o
                0x08001154                lsm303ctr_AccelerationRead
 .text.transfer_data
                0x080011c0       0x1c Core/Src/lsm303ctr_add.o
                0x080011c0                transfer_data
 .text.error_shouter
                0x080011dc       0x24 Core/Src/lsm303ctr_add.o
                0x080011dc                error_shouter
 .text.lsm303ctr_init
                0x08001200       0xf4 Core/Src/lsm303ctr_add.o
                0x08001200                lsm303ctr_init
 .text.lsm303ctr_sendAccel
                0x080012f4      0x114 Core/Src/lsm303ctr_add.o
                0x080012f4                lsm303ctr_sendAccel
 .text.lsm303ctr_read_reg
                0x08001408        0xa Core/Src/lsm303ctr_reg.o
                0x08001408                lsm303ctr_read_reg
 .text.lsm303ctr_write_reg
                0x08001412        0xa Core/Src/lsm303ctr_reg.o
                0x08001412                lsm303ctr_write_reg
 .text.lsm303ctr_from_fs_2g_hr_to_mg
                0x0800141c       0x24 Core/Src/lsm303ctr_reg.o
                0x0800141c                lsm303ctr_from_fs_2g_hr_to_mg
 .text.lsm303ctr_temperature_meas_set
                0x08001440       0x38 Core/Src/lsm303ctr_reg.o
                0x08001440                lsm303ctr_temperature_meas_set
 .text.lsm303ctr_xl_data_rate_set
                0x08001478       0x38 Core/Src/lsm303ctr_reg.o
                0x08001478                lsm303ctr_xl_data_rate_set
 .text.lsm303ctr_xl_full_scale_set
                0x080014b0       0x38 Core/Src/lsm303ctr_reg.o
                0x080014b0                lsm303ctr_xl_full_scale_set
 .text.lsm303ctr_xl_block_data_update_set
                0x080014e8       0x38 Core/Src/lsm303ctr_reg.o
                0x080014e8                lsm303ctr_xl_block_data_update_set
 .text.lsm303ctr_acceleration_raw_get
                0x08001520       0x3e Core/Src/lsm303ctr_reg.o
                0x08001520                lsm303ctr_acceleration_raw_get
 .text.lsm303ctr_xl_device_id_get
                0x0800155e        0xe Core/Src/lsm303ctr_reg.o
                0x0800155e                lsm303ctr_xl_device_id_get
 .text.lsm303ctr_xl_status_get
                0x0800156c        0xe Core/Src/lsm303ctr_reg.o
                0x0800156c                lsm303ctr_xl_status_get
 .text.lsm303ctr_mag_reset_set
                0x0800157a       0x38 Core/Src/lsm303ctr_reg.o
                0x0800157a                lsm303ctr_mag_reset_set
 .text.lsm303ctr_mag_reset_get
                0x080015b2       0x1e Core/Src/lsm303ctr_reg.o
                0x080015b2                lsm303ctr_mag_reset_get
 .text.waiterForEOFTx
                0x080015d0       0x24 Core/Src/main.o
                0x080015d0                waiterForEOFTx
 .text.HAL_UART_TxCpltCallback
                0x080015f4       0x1c Core/Src/main.o
                0x080015f4                HAL_UART_TxCpltCallback
 .text.HAL_UART_RxCpltCallback
                0x08001610       0x38 Core/Src/main.o
                0x08001610                HAL_UART_RxCpltCallback
 .text.Error_Handler
                0x08001648        0x4 Core/Src/main.o
                0x08001648                Error_Handler
 .text.SystemClock_Config
                0x0800164c       0x94 Core/Src/main.o
                0x0800164c                SystemClock_Config
 .text.main     0x080016e0       0x48 Core/Src/main.o
                0x080016e0                main
 .text.MX_SPI2_Init
                0x08001728       0x50 Core/Src/spi.o
                0x08001728                MX_SPI2_Init
 .text.HAL_SPI_MspInit
                0x08001778       0x78 Core/Src/spi.o
                0x08001778                HAL_SPI_MspInit
 .text.HAL_MspInit
                0x080017f0       0x30 Core/Src/stm32l4xx_hal_msp.o
                0x080017f0                HAL_MspInit
 .text.NMI_Handler
                0x08001820        0x2 Core/Src/stm32l4xx_it.o
                0x08001820                NMI_Handler
 .text.HardFault_Handler
                0x08001822        0x2 Core/Src/stm32l4xx_it.o
                0x08001822                HardFault_Handler
 .text.MemManage_Handler
                0x08001824        0x2 Core/Src/stm32l4xx_it.o
                0x08001824                MemManage_Handler
 .text.BusFault_Handler
                0x08001826        0x2 Core/Src/stm32l4xx_it.o
                0x08001826                BusFault_Handler
 .text.UsageFault_Handler
                0x08001828        0x2 Core/Src/stm32l4xx_it.o
                0x08001828                UsageFault_Handler
 .text.SVC_Handler
                0x0800182a        0x2 Core/Src/stm32l4xx_it.o
                0x0800182a                SVC_Handler
 .text.DebugMon_Handler
                0x0800182c        0x2 Core/Src/stm32l4xx_it.o
                0x0800182c                DebugMon_Handler
 .text.PendSV_Handler
                0x0800182e        0x2 Core/Src/stm32l4xx_it.o
                0x0800182e                PendSV_Handler
 .text.SysTick_Handler
                0x08001830        0x8 Core/Src/stm32l4xx_it.o
                0x08001830                SysTick_Handler
 .text.EXTI0_IRQHandler
                0x08001838        0xa Core/Src/stm32l4xx_it.o
                0x08001838                EXTI0_IRQHandler
 *fill*         0x08001842        0x2 
 .text.DMA1_Channel6_IRQHandler
                0x08001844       0x10 Core/Src/stm32l4xx_it.o
                0x08001844                DMA1_Channel6_IRQHandler
 .text.DMA1_Channel7_IRQHandler
                0x08001854       0x10 Core/Src/stm32l4xx_it.o
                0x08001854                DMA1_Channel7_IRQHandler
 .text.SPI2_IRQHandler
                0x08001864       0x10 Core/Src/stm32l4xx_it.o
                0x08001864                SPI2_IRQHandler
 .text.USART2_IRQHandler
                0x08001874       0x10 Core/Src/stm32l4xx_it.o
                0x08001874                USART2_IRQHandler
 .text._sbrk    0x08001884       0x3c Core/Src/syscalls.o
                0x08001884                _sbrk
 .text.SystemInit
                0x080018c0       0x48 Core/Src/system_stm32l4xx.o
                0x080018c0                SystemInit
 .text.MX_USART2_UART_Init
                0x08001908       0x38 Core/Src/usart.o
                0x08001908                MX_USART2_UART_Init
 .text.HAL_UART_MspInit
                0x08001940       0xe4 Core/Src/usart.o
                0x08001940                HAL_UART_MspInit
 .text.HAL_InitTick
                0x08001a24       0x4c Drivers/STM32L4xx_HAL_Driver/Src/stm32l4xx_hal.o
                0x08001a24                HAL_InitTick
 .text.HAL_Init
                0x08001a70       0x1e Drivers/STM32L4xx_HAL_Driver/Src/stm32l4xx_hal.o
                0x08001a70                HAL_Init
 *fill*         0x08001a8e        0x2 
 .text.HAL_IncTick
                0x08001a90       0x18 Drivers/STM32L4xx_HAL_Driver/Src/stm32l4xx_hal.o
                0x08001a90                HAL_IncTick
 .text.HAL_GetTick
                0x08001aa8        0xc Drivers/STM32L4xx_HAL_Driver/Src/stm32l4xx_hal.o
                0x08001aa8                HAL_GetTick
 .text.HAL_Delay
                0x08001ab4       0x28 Drivers/STM32L4xx_HAL_Driver/Src/stm32l4xx_hal.o
                0x08001ab4                HAL_Delay
 .text.HAL_NVIC_SetPriorityGrouping
                0x08001adc       0x24 Drivers/STM32L4xx_HAL_Driver/Src/stm32l4xx_hal_cortex.o
                0x08001adc                HAL_NVIC_SetPriorityGrouping
 .text.HAL_NVIC_SetPriority
                0x08001b00       0x68 Drivers/STM32L4xx_HAL_Driver/Src/stm32l4xx_hal_cortex.o
                0x08001b00                HAL_NVIC_SetPriority
 .text.HAL_NVIC_EnableIRQ
                0x08001b68       0x1c Drivers/STM32L4xx_HAL_Driver/Src/stm32l4xx_hal_cortex.o
                0x08001b68                HAL_NVIC_EnableIRQ
 .text.HAL_SYSTICK_Config
                0x08001b84       0x2c Drivers/STM32L4xx_HAL_Driver/Src/stm32l4xx_hal_cortex.o
                0x08001b84                HAL_SYSTICK_Config
 .text.DMA_SetConfig
                0x08001bb0       0x30 Drivers/STM32L4xx_HAL_Driver/Src/stm32l4xx_hal_dma.o
 .text.HAL_DMA_Init
                0x08001be0       0xf8 Drivers/STM32L4xx_HAL_Driver/Src/stm32l4xx_hal_dma.o
                0x08001be0                HAL_DMA_Init
 .text.HAL_DMA_Start_IT
                0x08001cd8       0x76 Drivers/STM32L4xx_HAL_Driver/Src/stm32l4xx_hal_dma.o
                0x08001cd8                HAL_DMA_Start_IT
 .text.HAL_DMA_Abort_IT
                0x08001d4e       0x50 Drivers/STM32L4xx_HAL_Driver/Src/stm32l4xx_hal_dma.o
                0x08001d4e                HAL_DMA_Abort_IT
 .text.HAL_DMA_IRQHandler
                0x08001d9e       0xc4 Drivers/STM32L4xx_HAL_Driver/Src/stm32l4xx_hal_dma.o
                0x08001d9e                HAL_DMA_IRQHandler
 *fill*         0x08001e62        0x2 
 .text.HAL_GPIO_Init
                0x08001e64      0x1c8 Drivers/STM32L4xx_HAL_Driver/Src/stm32l4xx_hal_gpio.o
                0x08001e64                HAL_GPIO_Init
 .text.HAL_GPIO_WritePin
                0x0800202c        0xa Drivers/STM32L4xx_HAL_Driver/Src/stm32l4xx_hal_gpio.o
                0x0800202c                HAL_GPIO_WritePin
 .text.HAL_GPIO_EXTI_Callback
                0x08002036        0x2 Drivers/STM32L4xx_HAL_Driver/Src/stm32l4xx_hal_gpio.o
                0x08002036                HAL_GPIO_EXTI_Callback
 .text.HAL_GPIO_EXTI_IRQHandler
                0x08002038       0x1c Drivers/STM32L4xx_HAL_Driver/Src/stm32l4xx_hal_gpio.o
                0x08002038                HAL_GPIO_EXTI_IRQHandler
 .text.HAL_PWREx_GetVoltageRange
                0x08002054       0x10 Drivers/STM32L4xx_HAL_Driver/Src/stm32l4xx_hal_pwr_ex.o
                0x08002054                HAL_PWREx_GetVoltageRange
 .text.HAL_PWREx_ControlVoltageScaling
                0x08002064       0x90 Drivers/STM32L4xx_HAL_Driver/Src/stm32l4xx_hal_pwr_ex.o
                0x08002064                HAL_PWREx_ControlVoltageScaling
 .text.RCC_SetFlashLatencyFromMSIRange
                0x080020f4       0x90 Drivers/STM32L4xx_HAL_Driver/Src/stm32l4xx_hal_rcc.o
 .text.HAL_RCC_GetSysClockFreq
                0x08002184       0xb4 Drivers/STM32L4xx_HAL_Driver/Src/stm32l4xx_hal_rcc.o
                0x08002184                HAL_RCC_GetSysClockFreq
 .text.HAL_RCC_OscConfig
                0x08002238      0x638 Drivers/STM32L4xx_HAL_Driver/Src/stm32l4xx_hal_rcc.o
                0x08002238                HAL_RCC_OscConfig
 .text.HAL_RCC_ClockConfig
                0x08002870      0x158 Drivers/STM32L4xx_HAL_Driver/Src/stm32l4xx_hal_rcc.o
                0x08002870                HAL_RCC_ClockConfig
 .text.HAL_RCC_GetHCLKFreq
                0x080029c8        0xc Drivers/STM32L4xx_HAL_Driver/Src/stm32l4xx_hal_rcc.o
                0x080029c8                HAL_RCC_GetHCLKFreq
 .text.HAL_RCC_GetPCLK1Freq
                0x080029d4       0x24 Drivers/STM32L4xx_HAL_Driver/Src/stm32l4xx_hal_rcc.o
                0x080029d4                HAL_RCC_GetPCLK1Freq
 .text.HAL_RCC_GetPCLK2Freq
                0x080029f8       0x24 Drivers/STM32L4xx_HAL_Driver/Src/stm32l4xx_hal_rcc.o
                0x080029f8                HAL_RCC_GetPCLK2Freq
 .text.RCCEx_PLLSAI1_Config
                0x08002a1c      0x170 Drivers/STM32L4xx_HAL_Driver/Src/stm32l4xx_hal_rcc_ex.o
 .text.RCCEx_PLLSAI2_Config
                0x08002b8c      0x14c Drivers/STM32L4xx_HAL_Driver/Src/stm32l4xx_hal_rcc_ex.o
 .text.HAL_RCCEx_PeriphCLKConfig
                0x08002cd8      0x450 Drivers/STM32L4xx_HAL_Driver/Src/stm32l4xx_hal_rcc_ex.o
                0x08002cd8                HAL_RCCEx_PeriphCLKConfig
 .text.SPI_WaitFlagStateUntilTimeout
                0x08003128       0xd0 Drivers/STM32L4xx_HAL_Driver/Src/stm32l4xx_hal_spi.o
 .text.SPI_WaitFifoStateUntilTimeout
                0x080031f8       0xdc Drivers/STM32L4xx_HAL_Driver/Src/stm32l4xx_hal_spi.o
 .text.SPI_EndRxTxTransaction
                0x080032d4       0x66 Drivers/STM32L4xx_HAL_Driver/Src/stm32l4xx_hal_spi.o
 .text.SPI_EndRxTransaction
                0x0800333a       0x88 Drivers/STM32L4xx_HAL_Driver/Src/stm32l4xx_hal_spi.o
 .text.HAL_SPI_Init
                0x080033c2       0xde Drivers/STM32L4xx_HAL_Driver/Src/stm32l4xx_hal_spi.o
                0x080033c2                HAL_SPI_Init
 .text.HAL_SPI_Transmit
                0x080034a0      0x1e6 Drivers/STM32L4xx_HAL_Driver/Src/stm32l4xx_hal_spi.o
                0x080034a0                HAL_SPI_Transmit
 .text.HAL_SPI_TransmitReceive
                0x08003686      0x2ce Drivers/STM32L4xx_HAL_Driver/Src/stm32l4xx_hal_spi.o
                0x08003686                HAL_SPI_TransmitReceive
 .text.HAL_SPI_Receive
                0x08003954      0x19e Drivers/STM32L4xx_HAL_Driver/Src/stm32l4xx_hal_spi.o
                0x08003954                HAL_SPI_Receive
 .text.HAL_SPI_ErrorCallback
                0x08003af2        0x2 Drivers/STM32L4xx_HAL_Driver/Src/stm32l4xx_hal_spi.o
                0x08003af2                HAL_SPI_ErrorCallback
 .text.HAL_SPI_IRQHandler
                0x08003af4      0x120 Drivers/STM32L4xx_HAL_Driver/Src/stm32l4xx_hal_spi.o
                0x08003af4                HAL_SPI_IRQHandler
 .text.SPI_DMAAbortOnError
                0x08003c14       0x12 Drivers/STM32L4xx_HAL_Driver/Src/stm32l4xx_hal_spi.o
 .text.UART_EndTxTransfer
                0x08003c26       0x10 Drivers/STM32L4xx_HAL_Driver/Src/stm32l4xx_hal_uart.o
 .text.UART_EndRxTransfer
                0x08003c36       0x1e Drivers/STM32L4xx_HAL_Driver/Src/stm32l4xx_hal_uart.o
 .text.HAL_UART_Transmit_DMA
                0x08003c54       0xa4 Drivers/STM32L4xx_HAL_Driver/Src/stm32l4xx_hal_uart.o
                0x08003c54                HAL_UART_Transmit_DMA
 .text.HAL_UART_Receive_DMA
                0x08003cf8       0xac Drivers/STM32L4xx_HAL_Driver/Src/stm32l4xx_hal_uart.o
                0x08003cf8                HAL_UART_Receive_DMA
 .text.UART_DMATransmitCplt
                0x08003da4       0x32 Drivers/STM32L4xx_HAL_Driver/Src/stm32l4xx_hal_uart.o
 .text.UART_EndTransmit_IT
                0x08003dd6       0x1a Drivers/STM32L4xx_HAL_Driver/Src/stm32l4xx_hal_uart.o
 .text.HAL_UART_TxHalfCpltCallback
                0x08003df0        0x2 Drivers/STM32L4xx_HAL_Driver/Src/stm32l4xx_hal_uart.o
                0x08003df0                HAL_UART_TxHalfCpltCallback
 .text.UART_DMATxHalfCplt
                0x08003df2        0xa Drivers/STM32L4xx_HAL_Driver/Src/stm32l4xx_hal_uart.o
 .text.UART_DMAReceiveCplt
                0x08003dfc       0x3e Drivers/STM32L4xx_HAL_Driver/Src/stm32l4xx_hal_uart.o
 .text.HAL_UART_RxHalfCpltCallback
                0x08003e3a        0x2 Drivers/STM32L4xx_HAL_Driver/Src/stm32l4xx_hal_uart.o
                0x08003e3a                HAL_UART_RxHalfCpltCallback
 .text.UART_DMARxHalfCplt
                0x08003e3c        0xa Drivers/STM32L4xx_HAL_Driver/Src/stm32l4xx_hal_uart.o
 .text.HAL_UART_ErrorCallback
                0x08003e46        0x2 Drivers/STM32L4xx_HAL_Driver/Src/stm32l4xx_hal_uart.o
                0x08003e46                HAL_UART_ErrorCallback
 .text.UART_DMAError
                0x08003e48       0x50 Drivers/STM32L4xx_HAL_Driver/Src/stm32l4xx_hal_uart.o
 .text.HAL_UART_IRQHandler
                0x08003e98      0x17c Drivers/STM32L4xx_HAL_Driver/Src/stm32l4xx_hal_uart.o
                0x08003e98                HAL_UART_IRQHandler
 .text.UART_DMAAbortOnError
                0x08004014       0x14 Drivers/STM32L4xx_HAL_Driver/Src/stm32l4xx_hal_uart.o
 .text.UART_SetConfig
                0x08004028      0x324 Drivers/STM32L4xx_HAL_Driver/Src/stm32l4xx_hal_uart.o
                0x08004028                UART_SetConfig
 .text.UART_AdvFeatureConfig
                0x0800434c       0xca Drivers/STM32L4xx_HAL_Driver/Src/stm32l4xx_hal_uart.o
                0x0800434c                UART_AdvFeatureConfig
 .text.UART_WaitOnFlagUntilTimeout
                0x08004416       0x9c Drivers/STM32L4xx_HAL_Driver/Src/stm32l4xx_hal_uart.o
                0x08004416                UART_WaitOnFlagUntilTimeout
 .text.UART_CheckIdleState
                0x080044b2       0x6c Drivers/STM32L4xx_HAL_Driver/Src/stm32l4xx_hal_uart.o
                0x080044b2                UART_CheckIdleState
 .text.HAL_UART_Init
                0x0800451e       0x62 Drivers/STM32L4xx_HAL_Driver/Src/stm32l4xx_hal_uart.o
                0x0800451e                HAL_UART_Init
 .text.HAL_UARTEx_WakeupCallback
                0x08004580        0x2 Drivers/STM32L4xx_HAL_Driver/Src/stm32l4xx_hal_uart_ex.o
                0x08004580                HAL_UARTEx_WakeupCallback
 *fill*         0x08004582        0x2 
 .text.Reset_Handler
                0x08004584       0x50 startup/startup_stm32l476xx.o
                0x08004584                Reset_Handler
 .text.Default_Handler
                0x080045d4        0x2 startup/startup_stm32l476xx.o
                0x080045d4                RTC_Alarm_IRQHandler
                0x080045d4                EXTI2_IRQHandler
                0x080045d4                TIM8_TRG_COM_IRQHandler
                0x080045d4                TIM8_CC_IRQHandler
                0x080045d4                TIM1_CC_IRQHandler
                0x080045d4                TSC_IRQHandler
                0x080045d4                TAMP_STAMP_IRQHandler
                0x080045d4                EXTI3_IRQHandler
                0x080045d4                LPTIM2_IRQHandler
                0x080045d4                DFSDM1_FLT1_IRQHandler
                0x080045d4                I2C3_ER_IRQHandler
                0x080045d4                DFSDM1_FLT2_IRQHandler
                0x080045d4                I2C2_EV_IRQHandler
                0x080045d4                CAN1_RX0_IRQHandler
                0x080045d4                FPU_IRQHandler
                0x080045d4                TIM1_UP_TIM16_IRQHandler
                0x080045d4                ADC1_2_IRQHandler
                0x080045d4                SPI1_IRQHandler
                0x080045d4                TIM6_DAC_IRQHandler
                0x080045d4                TIM8_UP_IRQHandler
                0x080045d4                DMA2_Channel2_IRQHandler
                0x080045d4                DMA1_Channel4_IRQHandler
                0x080045d4                SAI2_IRQHandler
                0x080045d4                DFSDM1_FLT3_IRQHandler
                0x080045d4                USART3_IRQHandler
                0x080045d4                CAN1_RX1_IRQHandler
                0x080045d4                LCD_IRQHandler
                0x080045d4                UART5_IRQHandler
                0x080045d4                ADC3_IRQHandler
                0x080045d4                TIM4_IRQHandler
                0x080045d4                DMA2_Channel1_IRQHandler
                0x080045d4                QUADSPI_IRQHandler
                0x080045d4                I2C1_EV_IRQHandler
                0x080045d4                UART4_IRQHandler
                0x080045d4                DMA2_Channel4_IRQHandler
                0x080045d4                TIM3_IRQHandler
                0x080045d4                RCC_IRQHandler
                0x080045d4                DMA1_Channel1_IRQHandler
                0x080045d4                Default_Handler
                0x080045d4                DMA2_Channel7_IRQHandler
                0x080045d4                EXTI15_10_IRQHandler
                0x080045d4                TIM7_IRQHandler
                0x080045d4                SDMMC1_IRQHandler
                0x080045d4                TIM5_IRQHandler
                0x080045d4                I2C3_EV_IRQHandler
                0x080045d4                EXTI9_5_IRQHandler
                0x080045d4                RTC_WKUP_IRQHandler
                0x080045d4                PVD_PVM_IRQHandler
                0x080045d4                CAN1_TX_IRQHandler
                0x080045d4                DMA2_Channel5_IRQHandler
                0x080045d4                DMA1_Channel5_IRQHandler
                0x080045d4                EXTI4_IRQHandler
                0x080045d4                RNG_IRQHandler
                0x080045d4                TIM1_TRG_COM_TIM17_IRQHandler
                0x080045d4                DMA1_Channel3_IRQHandler
                0x080045d4                COMP_IRQHandler
                0x080045d4                WWDG_IRQHandler
                0x080045d4                LPUART1_IRQHandler
                0x080045d4                DMA2_Channel6_IRQHandler
                0x080045d4                TIM2_IRQHandler
                0x080045d4                EXTI1_IRQHandler
                0x080045d4                DFSDM1_FLT0_IRQHandler
                0x080045d4                I2C2_ER_IRQHandler
                0x080045d4                DMA1_Channel2_IRQHandler
                0x080045d4                TIM8_BRK_IRQHandler
                0x080045d4                CAN1_SCE_IRQHandler
                0x080045d4                FLASH_IRQHandler
                0x080045d4                USART1_IRQHandler
                0x080045d4                OTG_FS_IRQHandler
                0x080045d4                SPI3_IRQHandler
                0x080045d4                I2C1_ER_IRQHandler
                0x080045d4                FMC_IRQHandler
                0x080045d4                SWPMI1_IRQHandler
                0x080045d4                LPTIM1_IRQHandler
                0x080045d4                SAI1_IRQHandler
                0x080045d4                DMA2_Channel3_IRQHandler
                0x080045d4                TIM1_BRK_TIM15_IRQHandler
 .text.atoi     0x080045d6        0x8 g:/stm32/ac6/plugins/fr.ac6.mcu.externaltools.arm-none.win32_1.17.0.201812190825/tools/compiler/bin/../lib/gcc/arm-none-eabi/7.3.1/../../../../arm-none-eabi/lib/thumb/v7e-m/fpv4-sp/hard\libc_nano.a(lib_a-atoi.o)
                0x080045d6                atoi
 *fill*         0x080045de        0x2 
 .text.__errno  0x080045e0        0xc g:/stm32/ac6/plugins/fr.ac6.mcu.externaltools.arm-none.win32_1.17.0.201812190825/tools/compiler/bin/../lib/gcc/arm-none-eabi/7.3.1/../../../../arm-none-eabi/lib/thumb/v7e-m/fpv4-sp/hard\libc_nano.a(lib_a-errno.o)
                0x080045e0                __errno
 .text.__libc_init_array
                0x080045ec       0x48 g:/stm32/ac6/plugins/fr.ac6.mcu.externaltools.arm-none.win32_1.17.0.201812190825/tools/compiler/bin/../lib/gcc/arm-none-eabi/7.3.1/../../../../arm-none-eabi/lib/thumb/v7e-m/fpv4-sp/hard\libc_nano.a(lib_a-init.o)
                0x080045ec                __libc_init_array
 .text.memset   0x08004634       0x10 g:/stm32/ac6/plugins/fr.ac6.mcu.externaltools.arm-none.win32_1.17.0.201812190825/tools/compiler/bin/../lib/gcc/arm-none-eabi/7.3.1/../../../../arm-none-eabi/lib/thumb/v7e-m/fpv4-sp/hard\libc_nano.a(lib_a-memset.o)
                0x08004634                memset
 .text.__cvt    0x08004644       0xc2 g:/stm32/ac6/plugins/fr.ac6.mcu.externaltools.arm-none.win32_1.17.0.201812190825/tools/compiler/bin/../lib/gcc/arm-none-eabi/7.3.1/../../../../arm-none-eabi/lib/thumb/v7e-m/fpv4-sp/hard\libc_nano.a(lib_a-nano-vfprintf_float.o)
                0x08004644                __cvt
 .text.__exponent
                0x08004706       0x66 g:/stm32/ac6/plugins/fr.ac6.mcu.externaltools.arm-none.win32_1.17.0.201812190825/tools/compiler/bin/../lib/gcc/arm-none-eabi/7.3.1/../../../../arm-none-eabi/lib/thumb/v7e-m/fpv4-sp/hard\libc_nano.a(lib_a-nano-vfprintf_float.o)
                0x08004706                __exponent
 .text._printf_float
                0x0800476c      0x480 g:/stm32/ac6/plugins/fr.ac6.mcu.externaltools.arm-none.win32_1.17.0.201812190825/tools/compiler/bin/../lib/gcc/arm-none-eabi/7.3.1/../../../../arm-none-eabi/lib/thumb/v7e-m/fpv4-sp/hard\libc_nano.a(lib_a-nano-vfprintf_float.o)
                0x0800476c                _printf_float
 .text._printf_common
                0x08004bec       0xea g:/stm32/ac6/plugins/fr.ac6.mcu.externaltools.arm-none.win32_1.17.0.201812190825/tools/compiler/bin/../lib/gcc/arm-none-eabi/7.3.1/../../../../arm-none-eabi/lib/thumb/v7e-m/fpv4-sp/hard\libc_nano.a(lib_a-nano-vfprintf_i.o)
                0x08004bec                _printf_common
 *fill*         0x08004cd6        0x2 
 .text._printf_i
                0x08004cd8      0x224 g:/stm32/ac6/plugins/fr.ac6.mcu.externaltools.arm-none.win32_1.17.0.201812190825/tools/compiler/bin/../lib/gcc/arm-none-eabi/7.3.1/../../../../arm-none-eabi/lib/thumb/v7e-m/fpv4-sp/hard\libc_nano.a(lib_a-nano-vfprintf_i.o)
                0x08004cd8                _printf_i
 .text.sprintf  0x08004efc       0x40 g:/stm32/ac6/plugins/fr.ac6.mcu.externaltools.arm-none.win32_1.17.0.201812190825/tools/compiler/bin/../lib/gcc/arm-none-eabi/7.3.1/../../../../arm-none-eabi/lib/thumb/v7e-m/fpv4-sp/hard\libc_nano.a(lib_a-sprintf.o)
                0x08004efc                siprintf
                0x08004efc                sprintf
 .text._strtol_l.isra.0
                0x08004f3c       0xf6 g:/stm32/ac6/plugins/fr.ac6.mcu.externaltools.arm-none.win32_1.17.0.201812190825/tools/compiler/bin/../lib/gcc/arm-none-eabi/7.3.1/../../../../arm-none-eabi/lib/thumb/v7e-m/fpv4-sp/hard\libc_nano.a(lib_a-strtol.o)
 *fill*         0x08005032        0x2 
 .text.strtol   0x08005034       0x2c g:/stm32/ac6/plugins/fr.ac6.mcu.externaltools.arm-none.win32_1.17.0.201812190825/tools/compiler/bin/../lib/gcc/arm-none-eabi/7.3.1/../../../../arm-none-eabi/lib/thumb/v7e-m/fpv4-sp/hard\libc_nano.a(lib_a-strtol.o)
                0x08005034                strtol
 .text.quorem   0x08005060      0x118 g:/stm32/ac6/plugins/fr.ac6.mcu.externaltools.arm-none.win32_1.17.0.201812190825/tools/compiler/bin/../lib/gcc/arm-none-eabi/7.3.1/../../../../arm-none-eabi/lib/thumb/v7e-m/fpv4-sp/hard\libc_nano.a(lib_a-dtoa.o)
 .text._dtoa_r  0x08005178      0xb70 g:/stm32/ac6/plugins/fr.ac6.mcu.externaltools.arm-none.win32_1.17.0.201812190825/tools/compiler/bin/../lib/gcc/arm-none-eabi/7.3.1/../../../../arm-none-eabi/lib/thumb/v7e-m/fpv4-sp/hard\libc_nano.a(lib_a-dtoa.o)
                0x08005178                _dtoa_r
 .text.__locale_ctype_ptr_l
                0x08005ce8        0x6 g:/stm32/ac6/plugins/fr.ac6.mcu.externaltools.arm-none.win32_1.17.0.201812190825/tools/compiler/bin/../lib/gcc/arm-none-eabi/7.3.1/../../../../arm-none-eabi/lib/thumb/v7e-m/fpv4-sp/hard\libc_nano.a(lib_a-locale.o)
                0x08005ce8                __locale_ctype_ptr_l
 *fill*         0x08005cee        0x2 
 .text._localeconv_r
                0x08005cf0       0x1c g:/stm32/ac6/plugins/fr.ac6.mcu.externaltools.arm-none.win32_1.17.0.201812190825/tools/compiler/bin/../lib/gcc/arm-none-eabi/7.3.1/../../../../arm-none-eabi/lib/thumb/v7e-m/fpv4-sp/hard\libc_nano.a(lib_a-localeconv.o)
                0x08005cf0                _localeconv_r
 .text.malloc   0x08005d0c       0x10 g:/stm32/ac6/plugins/fr.ac6.mcu.externaltools.arm-none.win32_1.17.0.201812190825/tools/compiler/bin/../lib/gcc/arm-none-eabi/7.3.1/../../../../arm-none-eabi/lib/thumb/v7e-m/fpv4-sp/hard\libc_nano.a(lib_a-malloc.o)
                0x08005d0c                malloc
 .text.__ascii_mbtowc
                0x08005d1c       0x24 g:/stm32/ac6/plugins/fr.ac6.mcu.externaltools.arm-none.win32_1.17.0.201812190825/tools/compiler/bin/../lib/gcc/arm-none-eabi/7.3.1/../../../../arm-none-eabi/lib/thumb/v7e-m/fpv4-sp/hard\libc_nano.a(lib_a-mbtowc_r.o)
                0x08005d1c                __ascii_mbtowc
 .text.memcpy   0x08005d40       0x16 g:/stm32/ac6/plugins/fr.ac6.mcu.externaltools.arm-none.win32_1.17.0.201812190825/tools/compiler/bin/../lib/gcc/arm-none-eabi/7.3.1/../../../../arm-none-eabi/lib/thumb/v7e-m/fpv4-sp/hard\libc_nano.a(lib_a-memcpy-stub.o)
                0x08005d40                memcpy
 .text._Balloc  0x08005d56       0x68 g:/stm32/ac6/plugins/fr.ac6.mcu.externaltools.arm-none.win32_1.17.0.201812190825/tools/compiler/bin/../lib/gcc/arm-none-eabi/7.3.1/../../../../arm-none-eabi/lib/thumb/v7e-m/fpv4-sp/hard\libc_nano.a(lib_a-mprec.o)
                0x08005d56                _Balloc
 .text._Bfree   0x08005dbe       0x2e g:/stm32/ac6/plugins/fr.ac6.mcu.externaltools.arm-none.win32_1.17.0.201812190825/tools/compiler/bin/../lib/gcc/arm-none-eabi/7.3.1/../../../../arm-none-eabi/lib/thumb/v7e-m/fpv4-sp/hard\libc_nano.a(lib_a-mprec.o)
                0x08005dbe                _Bfree
 .text.__multadd
                0x08005dec       0x76 g:/stm32/ac6/plugins/fr.ac6.mcu.externaltools.arm-none.win32_1.17.0.201812190825/tools/compiler/bin/../lib/gcc/arm-none-eabi/7.3.1/../../../../arm-none-eabi/lib/thumb/v7e-m/fpv4-sp/hard\libc_nano.a(lib_a-mprec.o)
                0x08005dec                __multadd
 .text.__hi0bits
                0x08005e62       0x3e g:/stm32/ac6/plugins/fr.ac6.mcu.externaltools.arm-none.win32_1.17.0.201812190825/tools/compiler/bin/../lib/gcc/arm-none-eabi/7.3.1/../../../../arm-none-eabi/lib/thumb/v7e-m/fpv4-sp/hard\libc_nano.a(lib_a-mprec.o)
                0x08005e62                __hi0bits
 .text.__lo0bits
                0x08005ea0       0x5e g:/stm32/ac6/plugins/fr.ac6.mcu.externaltools.arm-none.win32_1.17.0.201812190825/tools/compiler/bin/../lib/gcc/arm-none-eabi/7.3.1/../../../../arm-none-eabi/lib/thumb/v7e-m/fpv4-sp/hard\libc_nano.a(lib_a-mprec.o)
                0x08005ea0                __lo0bits
 .text.__i2b    0x08005efe       0x12 g:/stm32/ac6/plugins/fr.ac6.mcu.externaltools.arm-none.win32_1.17.0.201812190825/tools/compiler/bin/../lib/gcc/arm-none-eabi/7.3.1/../../../../arm-none-eabi/lib/thumb/v7e-m/fpv4-sp/hard\libc_nano.a(lib_a-mprec.o)
                0x08005efe                __i2b
 .text.__multiply
                0x08005f10      0x12c g:/stm32/ac6/plugins/fr.ac6.mcu.externaltools.arm-none.win32_1.17.0.201812190825/tools/compiler/bin/../lib/gcc/arm-none-eabi/7.3.1/../../../../arm-none-eabi/lib/thumb/v7e-m/fpv4-sp/hard\libc_nano.a(lib_a-mprec.o)
                0x08005f10                __multiply
 .text.__pow5mult
                0x0800603c       0x9c g:/stm32/ac6/plugins/fr.ac6.mcu.externaltools.arm-none.win32_1.17.0.201812190825/tools/compiler/bin/../lib/gcc/arm-none-eabi/7.3.1/../../../../arm-none-eabi/lib/thumb/v7e-m/fpv4-sp/hard\libc_nano.a(lib_a-mprec.o)
                0x0800603c                __pow5mult
 .text.__lshift
                0x080060d8       0xa8 g:/stm32/ac6/plugins/fr.ac6.mcu.externaltools.arm-none.win32_1.17.0.201812190825/tools/compiler/bin/../lib/gcc/arm-none-eabi/7.3.1/../../../../arm-none-eabi/lib/thumb/v7e-m/fpv4-sp/hard\libc_nano.a(lib_a-mprec.o)
                0x080060d8                __lshift
 .text.__mcmp   0x08006180       0x34 g:/stm32/ac6/plugins/fr.ac6.mcu.externaltools.arm-none.win32_1.17.0.201812190825/tools/compiler/bin/../lib/gcc/arm-none-eabi/7.3.1/../../../../arm-none-eabi/lib/thumb/v7e-m/fpv4-sp/hard\libc_nano.a(lib_a-mprec.o)
                0x08006180                __mcmp
 .text.__mdiff  0x080061b4       0xba g:/stm32/ac6/plugins/fr.ac6.mcu.externaltools.arm-none.win32_1.17.0.201812190825/tools/compiler/bin/../lib/gcc/arm-none-eabi/7.3.1/../../../../arm-none-eabi/lib/thumb/v7e-m/fpv4-sp/hard\libc_nano.a(lib_a-mprec.o)
                0x080061b4                __mdiff
 .text.__d2b    0x0800626e       0x9e g:/stm32/ac6/plugins/fr.ac6.mcu.externaltools.arm-none.win32_1.17.0.201812190825/tools/compiler/bin/../lib/gcc/arm-none-eabi/7.3.1/../../../../arm-none-eabi/lib/thumb/v7e-m/fpv4-sp/hard\libc_nano.a(lib_a-mprec.o)
                0x0800626e                __d2b
 .text._calloc_r
                0x0800630c       0x1c g:/stm32/ac6/plugins/fr.ac6.mcu.externaltools.arm-none.win32_1.17.0.201812190825/tools/compiler/bin/../lib/gcc/arm-none-eabi/7.3.1/../../../../arm-none-eabi/lib/thumb/v7e-m/fpv4-sp/hard\libc_nano.a(lib_a-nano-callocr.o)
                0x0800630c                _calloc_r
 .text._free_r  0x08006328       0x9c g:/stm32/ac6/plugins/fr.ac6.mcu.externaltools.arm-none.win32_1.17.0.201812190825/tools/compiler/bin/../lib/gcc/arm-none-eabi/7.3.1/../../../../arm-none-eabi/lib/thumb/v7e-m/fpv4-sp/hard\libc_nano.a(lib_a-nano-freer.o)
                0x08006328                _free_r
 .text._malloc_r
                0x080063c4       0xb4 g:/stm32/ac6/plugins/fr.ac6.mcu.externaltools.arm-none.win32_1.17.0.201812190825/tools/compiler/bin/../lib/gcc/arm-none-eabi/7.3.1/../../../../arm-none-eabi/lib/thumb/v7e-m/fpv4-sp/hard\libc_nano.a(lib_a-nano-mallocr.o)
                0x080063c4                _malloc_r
 .text.__ssputs_r
                0x08006478       0xb4 g:/stm32/ac6/plugins/fr.ac6.mcu.externaltools.arm-none.win32_1.17.0.201812190825/tools/compiler/bin/../lib/gcc/arm-none-eabi/7.3.1/../../../../arm-none-eabi/lib/thumb/v7e-m/fpv4-sp/hard\libc_nano.a(lib_a-nano-svfprintf.o)
                0x08006478                __ssputs_r
 .text._svfprintf_r
                0x0800652c      0x1f0 g:/stm32/ac6/plugins/fr.ac6.mcu.externaltools.arm-none.win32_1.17.0.201812190825/tools/compiler/bin/../lib/gcc/arm-none-eabi/7.3.1/../../../../arm-none-eabi/lib/thumb/v7e-m/fpv4-sp/hard\libc_nano.a(lib_a-nano-svfprintf.o)
                0x0800652c                _svfiprintf_r
                0x0800652c                _svfprintf_r
 .text._sbrk_r  0x0800671c       0x20 g:/stm32/ac6/plugins/fr.ac6.mcu.externaltools.arm-none.win32_1.17.0.201812190825/tools/compiler/bin/../lib/gcc/arm-none-eabi/7.3.1/../../../../arm-none-eabi/lib/thumb/v7e-m/fpv4-sp/hard\libc_nano.a(lib_a-sbrkr.o)
                0x0800671c                _sbrk_r
 .text.__ascii_wctomb
                0x0800673c       0x1a g:/stm32/ac6/plugins/fr.ac6.mcu.externaltools.arm-none.win32_1.17.0.201812190825/tools/compiler/bin/../lib/gcc/arm-none-eabi/7.3.1/../../../../arm-none-eabi/lib/thumb/v7e-m/fpv4-sp/hard\libc_nano.a(lib_a-wctomb_r.o)
                0x0800673c                __ascii_wctomb
 .text.memmove  0x08006756       0x32 g:/stm32/ac6/plugins/fr.ac6.mcu.externaltools.arm-none.win32_1.17.0.201812190825/tools/compiler/bin/../lib/gcc/arm-none-eabi/7.3.1/../../../../arm-none-eabi/lib/thumb/v7e-m/fpv4-sp/hard\libc_nano.a(lib_a-memmove.o)
                0x08006756                memmove
 .text.__malloc_lock
                0x08006788        0x2 g:/stm32/ac6/plugins/fr.ac6.mcu.externaltools.arm-none.win32_1.17.0.201812190825/tools/compiler/bin/../lib/gcc/arm-none-eabi/7.3.1/../../../../arm-none-eabi/lib/thumb/v7e-m/fpv4-sp/hard\libc_nano.a(lib_a-mlock.o)
                0x08006788                __malloc_lock
 .text.__malloc_unlock
                0x0800678a        0x2 g:/stm32/ac6/plugins/fr.ac6.mcu.externaltools.arm-none.win32_1.17.0.201812190825/tools/compiler/bin/../lib/gcc/arm-none-eabi/7.3.1/../../../../arm-none-eabi/lib/thumb/v7e-m/fpv4-sp/hard\libc_nano.a(lib_a-mlock.o)
                0x0800678a                __malloc_unlock
 .text._realloc_r
                0x0800678c       0x4c g:/stm32/ac6/plugins/fr.ac6.mcu.externaltools.arm-none.win32_1.17.0.201812190825/tools/compiler/bin/../lib/gcc/arm-none-eabi/7.3.1/../../../../arm-none-eabi/lib/thumb/v7e-m/fpv4-sp/hard\libc_nano.a(lib_a-nano-reallocr.o)
                0x0800678c                _realloc_r
 .text._malloc_usable_size_r
                0x080067d8       0x10 g:/stm32/ac6/plugins/fr.ac6.mcu.externaltools.arm-none.win32_1.17.0.201812190825/tools/compiler/bin/../lib/gcc/arm-none-eabi/7.3.1/../../../../arm-none-eabi/lib/thumb/v7e-m/fpv4-sp/hard\libc_nano.a(lib_a-nano-msizer.o)
                0x080067d8                _malloc_usable_size_r
 *(.glue_7)
 .glue_7        0x080067e8        0x0 linker stubs
 *(.glue_7t)
 .glue_7t       0x080067e8        0x0 linker stubs
 *(.eh_frame)
 .eh_frame      0x080067e8        0x0 g:/stm32/ac6/plugins/fr.ac6.mcu.externaltools.arm-none.win32_1.17.0.201812190825/tools/compiler/bin/../lib/gcc/arm-none-eabi/7.3.1/thumb/v7e-m/fpv4-sp/hard/crtbegin.o
 *(.init)
 .init          0x080067e8        0x4 g:/stm32/ac6/plugins/fr.ac6.mcu.externaltools.arm-none.win32_1.17.0.201812190825/tools/compiler/bin/../lib/gcc/arm-none-eabi/7.3.1/thumb/v7e-m/fpv4-sp/hard/crti.o
                0x080067e8                _init
 .init          0x080067ec        0x8 g:/stm32/ac6/plugins/fr.ac6.mcu.externaltools.arm-none.win32_1.17.0.201812190825/tools/compiler/bin/../lib/gcc/arm-none-eabi/7.3.1/thumb/v7e-m/fpv4-sp/hard/crtn.o
 *(.fini)
 .fini          0x080067f4        0x4 g:/stm32/ac6/plugins/fr.ac6.mcu.externaltools.arm-none.win32_1.17.0.201812190825/tools/compiler/bin/../lib/gcc/arm-none-eabi/7.3.1/thumb/v7e-m/fpv4-sp/hard/crti.o
                0x080067f4                _fini
 .fini          0x080067f8        0x8 g:/stm32/ac6/plugins/fr.ac6.mcu.externaltools.arm-none.win32_1.17.0.201812190825/tools/compiler/bin/../lib/gcc/arm-none-eabi/7.3.1/thumb/v7e-m/fpv4-sp/hard/crtn.o
                0x08006800                . = ALIGN (0x8)
                0x08006800                _etext = .

.vfp11_veneer   0x08006800        0x0
 .vfp11_veneer  0x08006800        0x0 linker stubs

.v4_bx          0x08006800        0x0
 .v4_bx         0x08006800        0x0 linker stubs

.iplt           0x08006800        0x0
 .iplt          0x08006800        0x0 g:/stm32/ac6/plugins/fr.ac6.mcu.externaltools.arm-none.win32_1.17.0.201812190825/tools/compiler/bin/../lib/gcc/arm-none-eabi/7.3.1/thumb/v7e-m/fpv4-sp/hard/crtbegin.o

.rodata         0x08006800      0x3c8
                0x08006800                . = ALIGN (0x8)
 *(.rodata)
 .rodata        0x08006800       0x48 Core/Src/system_stm32l4xx.o
                0x08006800                MSIRangeTable
                0x08006830                AHBPrescTable
                0x08006840                APBPrescTable
 *(.rodata*)
 .rodata.str1.4
                0x08006848      0x120 Core/Src/lsm303ctr_add.o
                                0x12b (size before relaxing)
 .rodata._printf_float.str1.1
                0x08006968       0x12 g:/stm32/ac6/plugins/fr.ac6.mcu.externaltools.arm-none.win32_1.17.0.201812190825/tools/compiler/bin/../lib/gcc/arm-none-eabi/7.3.1/../../../../arm-none-eabi/lib/thumb/v7e-m/fpv4-sp/hard\libc_nano.a(lib_a-nano-vfprintf_float.o)
 .rodata._printf_i.str1.1
                0x0800697a       0x22 g:/stm32/ac6/plugins/fr.ac6.mcu.externaltools.arm-none.win32_1.17.0.201812190825/tools/compiler/bin/../lib/gcc/arm-none-eabi/7.3.1/../../../../arm-none-eabi/lib/thumb/v7e-m/fpv4-sp/hard\libc_nano.a(lib_a-nano-vfprintf_i.o)
 .rodata._dtoa_r.str1.1
                0x0800699c        0xd g:/stm32/ac6/plugins/fr.ac6.mcu.externaltools.arm-none.win32_1.17.0.201812190825/tools/compiler/bin/../lib/gcc/arm-none-eabi/7.3.1/../../../../arm-none-eabi/lib/thumb/v7e-m/fpv4-sp/hard\libc_nano.a(lib_a-dtoa.o)
                                  0xf (size before relaxing)
 .rodata._setlocale_r.str1.1
                0x080069a9        0x8 g:/stm32/ac6/plugins/fr.ac6.mcu.externaltools.arm-none.win32_1.17.0.201812190825/tools/compiler/bin/../lib/gcc/arm-none-eabi/7.3.1/../../../../arm-none-eabi/lib/thumb/v7e-m/fpv4-sp/hard\libc_nano.a(lib_a-locale.o)
                                  0x9 (size before relaxing)
 .rodata.str1.1
                0x080069b1        0x2 g:/stm32/ac6/plugins/fr.ac6.mcu.externaltools.arm-none.win32_1.17.0.201812190825/tools/compiler/bin/../lib/gcc/arm-none-eabi/7.3.1/../../../../arm-none-eabi/lib/thumb/v7e-m/fpv4-sp/hard\libc_nano.a(lib_a-locale.o)
 *fill*         0x080069b3        0x5 
 .rodata.__mprec_bigtens
                0x080069b8       0x28 g:/stm32/ac6/plugins/fr.ac6.mcu.externaltools.arm-none.win32_1.17.0.201812190825/tools/compiler/bin/../lib/gcc/arm-none-eabi/7.3.1/../../../../arm-none-eabi/lib/thumb/v7e-m/fpv4-sp/hard\libc_nano.a(lib_a-mprec.o)
                0x080069b8                __mprec_bigtens
 .rodata.__mprec_tens
                0x080069e0       0xc8 g:/stm32/ac6/plugins/fr.ac6.mcu.externaltools.arm-none.win32_1.17.0.201812190825/tools/compiler/bin/../lib/gcc/arm-none-eabi/7.3.1/../../../../arm-none-eabi/lib/thumb/v7e-m/fpv4-sp/hard\libc_nano.a(lib_a-mprec.o)
                0x080069e0                __mprec_tens
 .rodata.p05.7359
                0x08006aa8        0xc g:/stm32/ac6/plugins/fr.ac6.mcu.externaltools.arm-none.win32_1.17.0.201812190825/tools/compiler/bin/../lib/gcc/arm-none-eabi/7.3.1/../../../../arm-none-eabi/lib/thumb/v7e-m/fpv4-sp/hard\libc_nano.a(lib_a-mprec.o)
 .rodata._svfprintf_r.str1.1
                0x08006ab4       0x11 g:/stm32/ac6/plugins/fr.ac6.mcu.externaltools.arm-none.win32_1.17.0.201812190825/tools/compiler/bin/../lib/gcc/arm-none-eabi/7.3.1/../../../../arm-none-eabi/lib/thumb/v7e-m/fpv4-sp/hard\libc_nano.a(lib_a-nano-svfprintf.o)
 .rodata._ctype_
                0x08006ac5      0x101 g:/stm32/ac6/plugins/fr.ac6.mcu.externaltools.arm-none.win32_1.17.0.201812190825/tools/compiler/bin/../lib/gcc/arm-none-eabi/7.3.1/../../../../arm-none-eabi/lib/thumb/v7e-m/fpv4-sp/hard\libc_nano.a(lib_a-ctype_.o)
                0x08006ac5                _ctype_
                0x08006bc8                . = ALIGN (0x8)
 *fill*         0x08006bc6        0x2 

.ARM.extab      0x08006bc8        0x0
                0x08006bc8                . = ALIGN (0x8)
 *(.ARM.extab* .gnu.linkonce.armextab.*)
                0x08006bc8                . = ALIGN (0x8)

.ARM            0x08006bc8        0x8
                0x08006bc8                . = ALIGN (0x8)
                0x08006bc8                __exidx_start = .
 *(.ARM.exidx*)
 .ARM.exidx     0x08006bc8        0x8 g:/stm32/ac6/plugins/fr.ac6.mcu.externaltools.arm-none.win32_1.17.0.201812190825/tools/compiler/bin/../lib/gcc/arm-none-eabi/7.3.1/thumb/v7e-m/fpv4-sp/hard\libgcc.a(_udivmoddi4.o)
                0x08006bd0                __exidx_end = .
                0x08006bd0                . = ALIGN (0x8)

.rel.dyn        0x08006bd0        0x0
 .rel.iplt      0x08006bd0        0x0 g:/stm32/ac6/plugins/fr.ac6.mcu.externaltools.arm-none.win32_1.17.0.201812190825/tools/compiler/bin/../lib/gcc/arm-none-eabi/7.3.1/thumb/v7e-m/fpv4-sp/hard/crtbegin.o

.preinit_array  0x08006bd0        0x0
                0x08006bd0                . = ALIGN (0x8)
                0x08006bd0                PROVIDE (__preinit_array_start = .)
 *(.preinit_array*)
                0x08006bd0                PROVIDE (__preinit_array_end = .)
                0x08006bd0                . = ALIGN (0x8)

.init_array     0x08006bd0        0x8
                0x08006bd0                . = ALIGN (0x8)
                0x08006bd0                PROVIDE (__init_array_start = .)
 *(SORT_BY_NAME(.init_array.*))
 *(.init_array*)
 .init_array    0x08006bd0        0x4 g:/stm32/ac6/plugins/fr.ac6.mcu.externaltools.arm-none.win32_1.17.0.201812190825/tools/compiler/bin/../lib/gcc/arm-none-eabi/7.3.1/thumb/v7e-m/fpv4-sp/hard/crtbegin.o
                0x08006bd4                PROVIDE (__init_array_end = .)
                0x08006bd8                . = ALIGN (0x8)
 *fill*         0x08006bd4        0x4 

.fini_array     0x08006bd8        0x8
                0x08006bd8                . = ALIGN (0x8)
                [!provide]                PROVIDE (__fini_array_start = .)
 *(SORT_BY_NAME(.fini_array.*))
 *(.fini_array*)
 .fini_array    0x08006bd8        0x4 g:/stm32/ac6/plugins/fr.ac6.mcu.externaltools.arm-none.win32_1.17.0.201812190825/tools/compiler/bin/../lib/gcc/arm-none-eabi/7.3.1/thumb/v7e-m/fpv4-sp/hard/crtbegin.o
                [!provide]                PROVIDE (__fini_array_end = .)
                0x08006be0                . = ALIGN (0x8)
 *fill*         0x08006bdc        0x4 
                0x08006be0                _sidata = LOADADDR (.data)

.data           0x20000000      0x1e0 load address 0x08006be0
                0x20000000                . = ALIGN (0x8)
                0x20000000                _sdata = .
 *(.data)
 .data          0x20000000        0x4 Core/Src/system_stm32l4xx.o
                0x20000000                SystemCoreClock
 .data          0x20000004        0x8 Drivers/STM32L4xx_HAL_Driver/Src/stm32l4xx_hal.o
                0x20000004                uwTickFreq
                0x20000008                uwTickPrio
 *(.data*)
 .data._impure_ptr
                0x2000000c        0x4 g:/stm32/ac6/plugins/fr.ac6.mcu.externaltools.arm-none.win32_1.17.0.201812190825/tools/compiler/bin/../lib/gcc/arm-none-eabi/7.3.1/../../../../arm-none-eabi/lib/thumb/v7e-m/fpv4-sp/hard\libc_nano.a(lib_a-impure.o)
                0x2000000c                _impure_ptr
 .data.impure_data
                0x20000010       0x60 g:/stm32/ac6/plugins/fr.ac6.mcu.externaltools.arm-none.win32_1.17.0.201812190825/tools/compiler/bin/../lib/gcc/arm-none-eabi/7.3.1/../../../../arm-none-eabi/lib/thumb/v7e-m/fpv4-sp/hard\libc_nano.a(lib_a-impure.o)
 .data.__global_locale
                0x20000070      0x16c g:/stm32/ac6/plugins/fr.ac6.mcu.externaltools.arm-none.win32_1.17.0.201812190825/tools/compiler/bin/../lib/gcc/arm-none-eabi/7.3.1/../../../../arm-none-eabi/lib/thumb/v7e-m/fpv4-sp/hard\libc_nano.a(lib_a-locale.o)
                0x20000070                __global_locale
                0x200001e0                . = ALIGN (0x8)
 *fill*         0x200001dc        0x4 
                0x200001e0                _edata = .

.igot.plt       0x200001e0        0x0 load address 0x08006dc0
 .igot.plt      0x200001e0        0x0 g:/stm32/ac6/plugins/fr.ac6.mcu.externaltools.arm-none.win32_1.17.0.201812190825/tools/compiler/bin/../lib/gcc/arm-none-eabi/7.3.1/thumb/v7e-m/fpv4-sp/hard/crtbegin.o
                0x200001e0                . = ALIGN (0x4)

.bss            0x200001e0      0x360 load address 0x08006dc0
                0x200001e0                _sbss = .
                0x200001e0                __bss_start__ = _sbss
 *(.bss)
 .bss           0x200001e0       0x1c g:/stm32/ac6/plugins/fr.ac6.mcu.externaltools.arm-none.win32_1.17.0.201812190825/tools/compiler/bin/../lib/gcc/arm-none-eabi/7.3.1/thumb/v7e-m/fpv4-sp/hard/crtbegin.o
 .bss           0x200001fc        0x8 Core/Src/syscalls.o
                0x20000200                __env
 *(.bss*)
 .bss.__malloc_free_list
                0x20000204        0x4 g:/stm32/ac6/plugins/fr.ac6.mcu.externaltools.arm-none.win32_1.17.0.201812190825/tools/compiler/bin/../lib/gcc/arm-none-eabi/7.3.1/../../../../arm-none-eabi/lib/thumb/v7e-m/fpv4-sp/hard\libc_nano.a(lib_a-nano-mallocr.o)
                0x20000204                __malloc_free_list
 .bss.__malloc_sbrk_start
                0x20000208        0x4 g:/stm32/ac6/plugins/fr.ac6.mcu.externaltools.arm-none.win32_1.17.0.201812190825/tools/compiler/bin/../lib/gcc/arm-none-eabi/7.3.1/../../../../arm-none-eabi/lib/thumb/v7e-m/fpv4-sp/hard\libc_nano.a(lib_a-nano-mallocr.o)
                0x20000208                __malloc_sbrk_start
 *(COMMON)
 COMMON         0x2000020c        0x1 Core/Src/dma.o
                0x2000020c                flag_UART_DMA_TxCompleted
 *fill*         0x2000020d        0x3 
 COMMON         0x20000210      0x290 Core/Src/lsm303ctr_add.o
                0x20000210                hdma_usart2_rx
                0x20000258                whoamI_a
                0x2000025c                reg
                0x20000260                temperature_degC
                0x20000264                dev_ctx_mg
                0x20000270                data_raw_magnetic
                0x20000276                whoamI_m
                0x20000278                magnetic_mG
                0x20000284                tx_buffer
                0x200003b0                hdma_usart2_tx
                0x200003f8                rst
                0x200003fc                data_raw_acceleration
                0x20000404                huart2
                0x20000484                data_raw_temperature
                0x20000488                dev_ctx_xl
                0x20000494                acceleration_mg
 COMMON         0x200004a0       0x32 Core/Src/main.o
                0x200004a0                UART_RxBuffer
 *fill*         0x200004d2        0x2 
 COMMON         0x200004d4       0x64 Core/Src/spi.o
                0x200004d4                hspi2
 COMMON         0x20000538        0x4 Drivers/STM32L4xx_HAL_Driver/Src/stm32l4xx_hal.o
                0x20000538                uwTick
 COMMON         0x2000053c        0x4 g:/stm32/ac6/plugins/fr.ac6.mcu.externaltools.arm-none.win32_1.17.0.201812190825/tools/compiler/bin/../lib/gcc/arm-none-eabi/7.3.1/../../../../arm-none-eabi/lib/thumb/v7e-m/fpv4-sp/hard\libc_nano.a(lib_a-reent.o)
                0x2000053c                errno
                0x20000540                . = ALIGN (0x4)
                0x20000540                _ebss = .
                0x20000540                __bss_end__ = _ebss

._user_heap_stack
                0x20000540      0x600 load address 0x08006dc0
                0x20000540                . = ALIGN (0x8)
                0x20000540                PROVIDE (end = .)
                [!provide]                PROVIDE (_end = .)
                0x20000740                . = (. + _Min_Heap_Size)
 *fill*         0x20000540      0x200 
                0x20000b40                . = (. + _Min_Stack_Size)
 *fill*         0x20000740      0x400 
                0x20000b40                . = ALIGN (0x8)

/DISCARD/
 libc.a(*)
 libm.a(*)
 libgcc.a(*)

.ARM.attributes
                0x00000000       0x30
 *(.ARM.attributes)
 .ARM.attributes
                0x00000000       0x22 g:/stm32/ac6/plugins/fr.ac6.mcu.externaltools.arm-none.win32_1.17.0.201812190825/tools/compiler/bin/../lib/gcc/arm-none-eabi/7.3.1/thumb/v7e-m/fpv4-sp/hard/crti.o
 .ARM.attributes
                0x00000022       0x34 g:/stm32/ac6/plugins/fr.ac6.mcu.externaltools.arm-none.win32_1.17.0.201812190825/tools/compiler/bin/../lib/gcc/arm-none-eabi/7.3.1/thumb/v7e-m/fpv4-sp/hard/crtbegin.o
 .ARM.attributes
                0x00000056       0x39 Core/Src/dma.o
 .ARM.attributes
                0x0000008f       0x39 Core/Src/gpio.o
 .ARM.attributes
                0x000000c8       0x39 Core/Src/lsm303ctr_add.o
 .ARM.attributes
                0x00000101       0x39 Core/Src/lsm303ctr_reg.o
 .ARM.attributes
                0x0000013a       0x39 Core/Src/main.o
 .ARM.attributes
                0x00000173       0x39 Core/Src/spi.o
 .ARM.attributes
                0x000001ac       0x39 Core/Src/stm32l4xx_hal_msp.o
 .ARM.attributes
                0x000001e5       0x39 Core/Src/stm32l4xx_it.o
 .ARM.attributes
                0x0000021e       0x39 Core/Src/syscalls.o
 .ARM.attributes
                0x00000257       0x39 Core/Src/system_stm32l4xx.o
 .ARM.attributes
                0x00000290       0x39 Core/Src/usart.o
 .ARM.attributes
                0x000002c9       0x39 Drivers/STM32L4xx_HAL_Driver/Src/stm32l4xx_hal.o
 .ARM.attributes
                0x00000302       0x39 Drivers/STM32L4xx_HAL_Driver/Src/stm32l4xx_hal_cortex.o
 .ARM.attributes
                0x0000033b       0x39 Drivers/STM32L4xx_HAL_Driver/Src/stm32l4xx_hal_dma.o
 .ARM.attributes
                0x00000374       0x39 Drivers/STM32L4xx_HAL_Driver/Src/stm32l4xx_hal_gpio.o
 .ARM.attributes
                0x000003ad       0x39 Drivers/STM32L4xx_HAL_Driver/Src/stm32l4xx_hal_pwr_ex.o
 .ARM.attributes
                0x000003e6       0x39 Drivers/STM32L4xx_HAL_Driver/Src/stm32l4xx_hal_rcc.o
 .ARM.attributes
                0x0000041f       0x39 Drivers/STM32L4xx_HAL_Driver/Src/stm32l4xx_hal_rcc_ex.o
 .ARM.attributes
                0x00000458       0x39 Drivers/STM32L4xx_HAL_Driver/Src/stm32l4xx_hal_spi.o
 .ARM.attributes
                0x00000491       0x39 Drivers/STM32L4xx_HAL_Driver/Src/stm32l4xx_hal_uart.o
 .ARM.attributes
                0x000004ca       0x39 Drivers/STM32L4xx_HAL_Driver/Src/stm32l4xx_hal_uart_ex.o
 .ARM.attributes
                0x00000503       0x21 startup/startup_stm32l476xx.o
 .ARM.attributes
                0x00000524       0x22 g:/stm32/ac6/plugins/fr.ac6.mcu.externaltools.arm-none.win32_1.17.0.201812190825/tools/compiler/bin/../lib/gcc/arm-none-eabi/7.3.1/thumb/v7e-m/fpv4-sp/hard\libgcc.a(_arm_addsubdf3.o)
 .ARM.attributes
                0x00000546       0x22 g:/stm32/ac6/plugins/fr.ac6.mcu.externaltools.arm-none.win32_1.17.0.201812190825/tools/compiler/bin/../lib/gcc/arm-none-eabi/7.3.1/thumb/v7e-m/fpv4-sp/hard\libgcc.a(_aeabi_uldivmod.o)
 .ARM.attributes
                0x00000568       0x34 g:/stm32/ac6/plugins/fr.ac6.mcu.externaltools.arm-none.win32_1.17.0.201812190825/tools/compiler/bin/../lib/gcc/arm-none-eabi/7.3.1/thumb/v7e-m/fpv4-sp/hard\libgcc.a(_udivmoddi4.o)
 .ARM.attributes
                0x0000059c       0x22 g:/stm32/ac6/plugins/fr.ac6.mcu.externaltools.arm-none.win32_1.17.0.201812190825/tools/compiler/bin/../lib/gcc/arm-none-eabi/7.3.1/thumb/v7e-m/fpv4-sp/hard\libgcc.a(_dvmd_tls.o)
 .ARM.attributes
                0x000005be       0x34 g:/stm32/ac6/plugins/fr.ac6.mcu.externaltools.arm-none.win32_1.17.0.201812190825/tools/compiler/bin/../lib/gcc/arm-none-eabi/7.3.1/../../../../arm-none-eabi/lib/thumb/v7e-m/fpv4-sp/hard\libc_nano.a(lib_a-atoi.o)
 .ARM.attributes
                0x000005f2       0x34 g:/stm32/ac6/plugins/fr.ac6.mcu.externaltools.arm-none.win32_1.17.0.201812190825/tools/compiler/bin/../lib/gcc/arm-none-eabi/7.3.1/../../../../arm-none-eabi/lib/thumb/v7e-m/fpv4-sp/hard\libc_nano.a(lib_a-errno.o)
 .ARM.attributes
                0x00000626       0x34 g:/stm32/ac6/plugins/fr.ac6.mcu.externaltools.arm-none.win32_1.17.0.201812190825/tools/compiler/bin/../lib/gcc/arm-none-eabi/7.3.1/../../../../arm-none-eabi/lib/thumb/v7e-m/fpv4-sp/hard\libc_nano.a(lib_a-impure.o)
 .ARM.attributes
                0x0000065a       0x34 g:/stm32/ac6/plugins/fr.ac6.mcu.externaltools.arm-none.win32_1.17.0.201812190825/tools/compiler/bin/../lib/gcc/arm-none-eabi/7.3.1/../../../../arm-none-eabi/lib/thumb/v7e-m/fpv4-sp/hard\libc_nano.a(lib_a-init.o)
 .ARM.attributes
                0x0000068e       0x34 g:/stm32/ac6/plugins/fr.ac6.mcu.externaltools.arm-none.win32_1.17.0.201812190825/tools/compiler/bin/../lib/gcc/arm-none-eabi/7.3.1/../../../../arm-none-eabi/lib/thumb/v7e-m/fpv4-sp/hard\libc_nano.a(lib_a-memset.o)
 .ARM.attributes
                0x000006c2       0x34 g:/stm32/ac6/plugins/fr.ac6.mcu.externaltools.arm-none.win32_1.17.0.201812190825/tools/compiler/bin/../lib/gcc/arm-none-eabi/7.3.1/../../../../arm-none-eabi/lib/thumb/v7e-m/fpv4-sp/hard\libc_nano.a(lib_a-nano-vfprintf_float.o)
 .ARM.attributes
                0x000006f6       0x34 g:/stm32/ac6/plugins/fr.ac6.mcu.externaltools.arm-none.win32_1.17.0.201812190825/tools/compiler/bin/../lib/gcc/arm-none-eabi/7.3.1/../../../../arm-none-eabi/lib/thumb/v7e-m/fpv4-sp/hard\libc_nano.a(lib_a-nano-vfprintf_i.o)
 .ARM.attributes
                0x0000072a       0x34 g:/stm32/ac6/plugins/fr.ac6.mcu.externaltools.arm-none.win32_1.17.0.201812190825/tools/compiler/bin/../lib/gcc/arm-none-eabi/7.3.1/../../../../arm-none-eabi/lib/thumb/v7e-m/fpv4-sp/hard\libc_nano.a(lib_a-sprintf.o)
 .ARM.attributes
                0x0000075e       0x1b g:/stm32/ac6/plugins/fr.ac6.mcu.externaltools.arm-none.win32_1.17.0.201812190825/tools/compiler/bin/../lib/gcc/arm-none-eabi/7.3.1/../../../../arm-none-eabi/lib/thumb/v7e-m/fpv4-sp/hard\libc_nano.a(lib_a-strlen.o)
 .ARM.attributes
                0x00000779       0x34 g:/stm32/ac6/plugins/fr.ac6.mcu.externaltools.arm-none.win32_1.17.0.201812190825/tools/compiler/bin/../lib/gcc/arm-none-eabi/7.3.1/../../../../arm-none-eabi/lib/thumb/v7e-m/fpv4-sp/hard\libc_nano.a(lib_a-strtol.o)
 .ARM.attributes
                0x000007ad       0x34 g:/stm32/ac6/plugins/fr.ac6.mcu.externaltools.arm-none.win32_1.17.0.201812190825/tools/compiler/bin/../lib/gcc/arm-none-eabi/7.3.1/../../../../arm-none-eabi/lib/thumb/v7e-m/fpv4-sp/hard\libc_nano.a(lib_a-dtoa.o)
 .ARM.attributes
                0x000007e1       0x34 g:/stm32/ac6/plugins/fr.ac6.mcu.externaltools.arm-none.win32_1.17.0.201812190825/tools/compiler/bin/../lib/gcc/arm-none-eabi/7.3.1/../../../../arm-none-eabi/lib/thumb/v7e-m/fpv4-sp/hard\libc_nano.a(lib_a-locale.o)
 .ARM.attributes
                0x00000815       0x34 g:/stm32/ac6/plugins/fr.ac6.mcu.externaltools.arm-none.win32_1.17.0.201812190825/tools/compiler/bin/../lib/gcc/arm-none-eabi/7.3.1/../../../../arm-none-eabi/lib/thumb/v7e-m/fpv4-sp/hard\libc_nano.a(lib_a-localeconv.o)
 .ARM.attributes
                0x00000849       0x34 g:/stm32/ac6/plugins/fr.ac6.mcu.externaltools.arm-none.win32_1.17.0.201812190825/tools/compiler/bin/../lib/gcc/arm-none-eabi/7.3.1/../../../../arm-none-eabi/lib/thumb/v7e-m/fpv4-sp/hard\libc_nano.a(lib_a-malloc.o)
 .ARM.attributes
                0x0000087d       0x34 g:/stm32/ac6/plugins/fr.ac6.mcu.externaltools.arm-none.win32_1.17.0.201812190825/tools/compiler/bin/../lib/gcc/arm-none-eabi/7.3.1/../../../../arm-none-eabi/lib/thumb/v7e-m/fpv4-sp/hard\libc_nano.a(lib_a-mbtowc_r.o)
 .ARM.attributes
                0x000008b1       0x20 g:/stm32/ac6/plugins/fr.ac6.mcu.externaltools.arm-none.win32_1.17.0.201812190825/tools/compiler/bin/../lib/gcc/arm-none-eabi/7.3.1/../../../../arm-none-eabi/lib/thumb/v7e-m/fpv4-sp/hard\libc_nano.a(lib_a-memchr.o)
 .ARM.attributes
                0x000008d1       0x34 g:/stm32/ac6/plugins/fr.ac6.mcu.externaltools.arm-none.win32_1.17.0.201812190825/tools/compiler/bin/../lib/gcc/arm-none-eabi/7.3.1/../../../../arm-none-eabi/lib/thumb/v7e-m/fpv4-sp/hard\libc_nano.a(lib_a-memcpy-stub.o)
 .ARM.attributes
                0x00000905       0x34 g:/stm32/ac6/plugins/fr.ac6.mcu.externaltools.arm-none.win32_1.17.0.201812190825/tools/compiler/bin/../lib/gcc/arm-none-eabi/7.3.1/../../../../arm-none-eabi/lib/thumb/v7e-m/fpv4-sp/hard\libc_nano.a(lib_a-mprec.o)
 .ARM.attributes
                0x00000939       0x34 g:/stm32/ac6/plugins/fr.ac6.mcu.externaltools.arm-none.win32_1.17.0.201812190825/tools/compiler/bin/../lib/gcc/arm-none-eabi/7.3.1/../../../../arm-none-eabi/lib/thumb/v7e-m/fpv4-sp/hard\libc_nano.a(lib_a-nano-callocr.o)
 .ARM.attributes
                0x0000096d       0x34 g:/stm32/ac6/plugins/fr.ac6.mcu.externaltools.arm-none.win32_1.17.0.201812190825/tools/compiler/bin/../lib/gcc/arm-none-eabi/7.3.1/../../../../arm-none-eabi/lib/thumb/v7e-m/fpv4-sp/hard\libc_nano.a(lib_a-nano-freer.o)
 .ARM.attributes
                0x000009a1       0x34 g:/stm32/ac6/plugins/fr.ac6.mcu.externaltools.arm-none.win32_1.17.0.201812190825/tools/compiler/bin/../lib/gcc/arm-none-eabi/7.3.1/../../../../arm-none-eabi/lib/thumb/v7e-m/fpv4-sp/hard\libc_nano.a(lib_a-nano-mallocr.o)
 .ARM.attributes
                0x000009d5       0x34 g:/stm32/ac6/plugins/fr.ac6.mcu.externaltools.arm-none.win32_1.17.0.201812190825/tools/compiler/bin/../lib/gcc/arm-none-eabi/7.3.1/../../../../arm-none-eabi/lib/thumb/v7e-m/fpv4-sp/hard\libc_nano.a(lib_a-nano-svfprintf.o)
 .ARM.attributes
                0x00000a09       0x34 g:/stm32/ac6/plugins/fr.ac6.mcu.externaltools.arm-none.win32_1.17.0.201812190825/tools/compiler/bin/../lib/gcc/arm-none-eabi/7.3.1/../../../../arm-none-eabi/lib/thumb/v7e-m/fpv4-sp/hard\libc_nano.a(lib_a-sbrkr.o)
 .ARM.attributes
                0x00000a3d       0x34 g:/stm32/ac6/plugins/fr.ac6.mcu.externaltools.arm-none.win32_1.17.0.201812190825/tools/compiler/bin/../lib/gcc/arm-none-eabi/7.3.1/../../../../arm-none-eabi/lib/thumb/v7e-m/fpv4-sp/hard\libc_nano.a(lib_a-wctomb_r.o)
 .ARM.attributes
                0x00000a71       0x34 g:/stm32/ac6/plugins/fr.ac6.mcu.externaltools.arm-none.win32_1.17.0.201812190825/tools/compiler/bin/../lib/gcc/arm-none-eabi/7.3.1/../../../../arm-none-eabi/lib/thumb/v7e-m/fpv4-sp/hard\libc_nano.a(lib_a-ctype_.o)
 .ARM.attributes
                0x00000aa5       0x34 g:/stm32/ac6/plugins/fr.ac6.mcu.externaltools.arm-none.win32_1.17.0.201812190825/tools/compiler/bin/../lib/gcc/arm-none-eabi/7.3.1/../../../../arm-none-eabi/lib/thumb/v7e-m/fpv4-sp/hard\libc_nano.a(lib_a-memmove.o)
 .ARM.attributes
                0x00000ad9       0x34 g:/stm32/ac6/plugins/fr.ac6.mcu.externaltools.arm-none.win32_1.17.0.201812190825/tools/compiler/bin/../lib/gcc/arm-none-eabi/7.3.1/../../../../arm-none-eabi/lib/thumb/v7e-m/fpv4-sp/hard\libc_nano.a(lib_a-mlock.o)
 .ARM.attributes
                0x00000b0d       0x34 g:/stm32/ac6/plugins/fr.ac6.mcu.externaltools.arm-none.win32_1.17.0.201812190825/tools/compiler/bin/../lib/gcc/arm-none-eabi/7.3.1/../../../../arm-none-eabi/lib/thumb/v7e-m/fpv4-sp/hard\libc_nano.a(lib_a-nano-reallocr.o)
 .ARM.attributes
                0x00000b41       0x34 g:/stm32/ac6/plugins/fr.ac6.mcu.externaltools.arm-none.win32_1.17.0.201812190825/tools/compiler/bin/../lib/gcc/arm-none-eabi/7.3.1/../../../../arm-none-eabi/lib/thumb/v7e-m/fpv4-sp/hard\libc_nano.a(lib_a-reent.o)
 .ARM.attributes
                0x00000b75       0x34 g:/stm32/ac6/plugins/fr.ac6.mcu.externaltools.arm-none.win32_1.17.0.201812190825/tools/compiler/bin/../lib/gcc/arm-none-eabi/7.3.1/../../../../arm-none-eabi/lib/thumb/v7e-m/fpv4-sp/hard\libc_nano.a(lib_a-nano-msizer.o)
 .ARM.attributes
                0x00000ba9       0x22 g:/stm32/ac6/plugins/fr.ac6.mcu.externaltools.arm-none.win32_1.17.0.201812190825/tools/compiler/bin/../lib/gcc/arm-none-eabi/7.3.1/thumb/v7e-m/fpv4-sp/hard\libgcc.a(_arm_muldivdf3.o)
 .ARM.attributes
                0x00000bcb       0x22 g:/stm32/ac6/plugins/fr.ac6.mcu.externaltools.arm-none.win32_1.17.0.201812190825/tools/compiler/bin/../lib/gcc/arm-none-eabi/7.3.1/thumb/v7e-m/fpv4-sp/hard\libgcc.a(_arm_cmpdf2.o)
 .ARM.attributes
                0x00000bed       0x22 g:/stm32/ac6/plugins/fr.ac6.mcu.externaltools.arm-none.win32_1.17.0.201812190825/tools/compiler/bin/../lib/gcc/arm-none-eabi/7.3.1/thumb/v7e-m/fpv4-sp/hard\libgcc.a(_arm_unorddf2.o)
 .ARM.attributes
                0x00000c0f       0x22 g:/stm32/ac6/plugins/fr.ac6.mcu.externaltools.arm-none.win32_1.17.0.201812190825/tools/compiler/bin/../lib/gcc/arm-none-eabi/7.3.1/thumb/v7e-m/fpv4-sp/hard\libgcc.a(_arm_fixdfsi.o)
 .ARM.attributes
                0x00000c31       0x22 g:/stm32/ac6/plugins/fr.ac6.mcu.externaltools.arm-none.win32_1.17.0.201812190825/tools/compiler/bin/../lib/gcc/arm-none-eabi/7.3.1/thumb/v7e-m/fpv4-sp/hard/crtn.o
OUTPUT(Accelerometer_LSM303CTR.elf elf32-littlearm)

.debug_info     0x00000000    0x1a966
 .debug_info    0x00000000      0x794 Core/Src/dma.o
 .debug_info    0x00000794      0xa1b Core/Src/gpio.o
 .debug_info    0x000011af     0x2e8b Core/Src/lsm303ctr_add.o
 .debug_info    0x0000403a     0x5054 Core/Src/lsm303ctr_reg.o
 .debug_info    0x0000908e     0x2af4 Core/Src/main.o
 .debug_info    0x0000bb82      0xe46 Core/Src/spi.o
 .debug_info    0x0000c9c8      0x50a Core/Src/stm32l4xx_hal_msp.o
 .debug_info    0x0000ced2      0xbe3 Core/Src/stm32l4xx_it.o
 .debug_info    0x0000dab5      0xfd3 Core/Src/syscalls.o
 .debug_info    0x0000ea88      0x72d Core/Src/system_stm32l4xx.o
 .debug_info    0x0000f1b5      0xf65 Core/Src/usart.o
 .debug_info    0x0001011a      0xce3 Drivers/STM32L4xx_HAL_Driver/Src/stm32l4xx_hal.o
 .debug_info    0x00010dfd     0x10d1 Drivers/STM32L4xx_HAL_Driver/Src/stm32l4xx_hal_cortex.o
 .debug_info    0x00011ece      0x987 Drivers/STM32L4xx_HAL_Driver/Src/stm32l4xx_hal_dma.o
 .debug_info    0x00012855      0x9ca Drivers/STM32L4xx_HAL_Driver/Src/stm32l4xx_hal_gpio.o
 .debug_info    0x0001321f      0xbad Drivers/STM32L4xx_HAL_Driver/Src/stm32l4xx_hal_pwr_ex.o
 .debug_info    0x00013dcc      0xf6d Drivers/STM32L4xx_HAL_Driver/Src/stm32l4xx_hal_rcc.o
 .debug_info    0x00014d39     0x12d4 Drivers/STM32L4xx_HAL_Driver/Src/stm32l4xx_hal_rcc_ex.o
 .debug_info    0x0001600d     0x1feb Drivers/STM32L4xx_HAL_Driver/Src/stm32l4xx_hal_spi.o
 .debug_info    0x00017ff8     0x1e24 Drivers/STM32L4xx_HAL_Driver/Src/stm32l4xx_hal_uart.o
 .debug_info    0x00019e1c      0xb28 Drivers/STM32L4xx_HAL_Driver/Src/stm32l4xx_hal_uart_ex.o
 .debug_info    0x0001a944       0x22 startup/startup_stm32l476xx.o

.debug_abbrev   0x00000000     0x2dc5
 .debug_abbrev  0x00000000      0x16d Core/Src/dma.o
 .debug_abbrev  0x0000016d      0x17c Core/Src/gpio.o
 .debug_abbrev  0x000002e9      0x35c Core/Src/lsm303ctr_add.o
 .debug_abbrev  0x00000645      0x323 Core/Src/lsm303ctr_reg.o
 .debug_abbrev  0x00000968      0x342 Core/Src/main.o
 .debug_abbrev  0x00000caa      0x1e3 Core/Src/spi.o
 .debug_abbrev  0x00000e8d      0x136 Core/Src/stm32l4xx_hal_msp.o
 .debug_abbrev  0x00000fc3      0x1b8 Core/Src/stm32l4xx_it.o
 .debug_abbrev  0x0000117b      0x2d4 Core/Src/syscalls.o
 .debug_abbrev  0x0000144f      0x150 Core/Src/system_stm32l4xx.o
 .debug_abbrev  0x0000159f      0x1d6 Core/Src/usart.o
 .debug_abbrev  0x00001775      0x209 Drivers/STM32L4xx_HAL_Driver/Src/stm32l4xx_hal.o
 .debug_abbrev  0x0000197e      0x328 Drivers/STM32L4xx_HAL_Driver/Src/stm32l4xx_hal_cortex.o
 .debug_abbrev  0x00001ca6      0x233 Drivers/STM32L4xx_HAL_Driver/Src/stm32l4xx_hal_dma.o
 .debug_abbrev  0x00001ed9      0x1de Drivers/STM32L4xx_HAL_Driver/Src/stm32l4xx_hal_gpio.o
 .debug_abbrev  0x000020b7      0x1f5 Drivers/STM32L4xx_HAL_Driver/Src/stm32l4xx_hal_pwr_ex.o
 .debug_abbrev  0x000022ac      0x21f Drivers/STM32L4xx_HAL_Driver/Src/stm32l4xx_hal_rcc.o
 .debug_abbrev  0x000024cb      0x24c Drivers/STM32L4xx_HAL_Driver/Src/stm32l4xx_hal_rcc_ex.o
 .debug_abbrev  0x00002717      0x238 Drivers/STM32L4xx_HAL_Driver/Src/stm32l4xx_hal_spi.o
 .debug_abbrev  0x0000294f      0x24d Drivers/STM32L4xx_HAL_Driver/Src/stm32l4xx_hal_uart.o
 .debug_abbrev  0x00002b9c      0x217 Drivers/STM32L4xx_HAL_Driver/Src/stm32l4xx_hal_uart_ex.o
 .debug_abbrev  0x00002db3       0x12 startup/startup_stm32l476xx.o

.debug_aranges  0x00000000     0x1058
 .debug_aranges
                0x00000000       0x20 Core/Src/dma.o
 .debug_aranges
                0x00000020       0x20 Core/Src/gpio.o
 .debug_aranges
                0x00000040       0x70 Core/Src/lsm303ctr_add.o
 .debug_aranges
                0x000000b0      0x3c8 Core/Src/lsm303ctr_reg.o
 .debug_aranges
                0x00000478       0x48 Core/Src/main.o
 .debug_aranges
                0x000004c0       0x30 Core/Src/spi.o
 .debug_aranges
                0x000004f0       0x20 Core/Src/stm32l4xx_hal_msp.o
 .debug_aranges
                0x00000510       0x88 Core/Src/stm32l4xx_it.o
 .debug_aranges
                0x00000598       0xb0 Core/Src/syscalls.o
 .debug_aranges
                0x00000648       0x28 Core/Src/system_stm32l4xx.o
 .debug_aranges
                0x00000670       0x30 Core/Src/usart.o
 .debug_aranges
                0x000006a0      0x130 Drivers/STM32L4xx_HAL_Driver/Src/stm32l4xx_hal.o
 .debug_aranges
                0x000007d0       0xa8 Drivers/STM32L4xx_HAL_Driver/Src/stm32l4xx_hal_cortex.o
 .debug_aranges
                0x00000878       0x80 Drivers/STM32L4xx_HAL_Driver/Src/stm32l4xx_hal_dma.o
 .debug_aranges
                0x000008f8       0x58 Drivers/STM32L4xx_HAL_Driver/Src/stm32l4xx_hal_gpio.o
 .debug_aranges
                0x00000950      0x150 Drivers/STM32L4xx_HAL_Driver/Src/stm32l4xx_hal_pwr_ex.o
 .debug_aranges
                0x00000aa0       0x88 Drivers/STM32L4xx_HAL_Driver/Src/stm32l4xx_hal_rcc.o
 .debug_aranges
                0x00000b28       0xc0 Drivers/STM32L4xx_HAL_Driver/Src/stm32l4xx_hal_rcc_ex.o
 .debug_aranges
                0x00000be8      0x1d8 Drivers/STM32L4xx_HAL_Driver/Src/stm32l4xx_hal_spi.o
 .debug_aranges
                0x00000dc0      0x210 Drivers/STM32L4xx_HAL_Driver/Src/stm32l4xx_hal_uart.o
 .debug_aranges
                0x00000fd0       0x60 Drivers/STM32L4xx_HAL_Driver/Src/stm32l4xx_hal_uart_ex.o
 .debug_aranges
                0x00001030       0x28 startup/startup_stm32l476xx.o

.debug_ranges   0x00000000      0xf98
 .debug_ranges  0x00000000       0x10 Core/Src/dma.o
 .debug_ranges  0x00000010       0x10 Core/Src/gpio.o
 .debug_ranges  0x00000020       0x60 Core/Src/lsm303ctr_add.o
 .debug_ranges  0x00000080      0x3b8 Core/Src/lsm303ctr_reg.o
 .debug_ranges  0x00000438       0x38 Core/Src/main.o
 .debug_ranges  0x00000470       0x20 Core/Src/spi.o
 .debug_ranges  0x00000490       0x10 Core/Src/stm32l4xx_hal_msp.o
 .debug_ranges  0x000004a0       0x78 Core/Src/stm32l4xx_it.o
 .debug_ranges  0x00000518       0xa0 Core/Src/syscalls.o
 .debug_ranges  0x000005b8       0x18 Core/Src/system_stm32l4xx.o
 .debug_ranges  0x000005d0       0x20 Core/Src/usart.o
 .debug_ranges  0x000005f0      0x120 Drivers/STM32L4xx_HAL_Driver/Src/stm32l4xx_hal.o
 .debug_ranges  0x00000710       0xf8 Drivers/STM32L4xx_HAL_Driver/Src/stm32l4xx_hal_cortex.o
 .debug_ranges  0x00000808       0x70 Drivers/STM32L4xx_HAL_Driver/Src/stm32l4xx_hal_dma.o
 .debug_ranges  0x00000878       0x48 Drivers/STM32L4xx_HAL_Driver/Src/stm32l4xx_hal_gpio.o
 .debug_ranges  0x000008c0      0x140 Drivers/STM32L4xx_HAL_Driver/Src/stm32l4xx_hal_pwr_ex.o
 .debug_ranges  0x00000a00       0x90 Drivers/STM32L4xx_HAL_Driver/Src/stm32l4xx_hal_rcc.o
 .debug_ranges  0x00000a90       0xd0 Drivers/STM32L4xx_HAL_Driver/Src/stm32l4xx_hal_rcc_ex.o
 .debug_ranges  0x00000b60      0x1c8 Drivers/STM32L4xx_HAL_Driver/Src/stm32l4xx_hal_spi.o
 .debug_ranges  0x00000d28      0x200 Drivers/STM32L4xx_HAL_Driver/Src/stm32l4xx_hal_uart.o
 .debug_ranges  0x00000f28       0x50 Drivers/STM32L4xx_HAL_Driver/Src/stm32l4xx_hal_uart_ex.o
 .debug_ranges  0x00000f78       0x20 startup/startup_stm32l476xx.o

.debug_macro    0x00000000    0x2839e
 .debug_macro   0x00000000      0x1f3 Core/Src/dma.o
 .debug_macro   0x000001f3      0xa54 Core/Src/dma.o
 .debug_macro   0x00000c47      0x1ad Core/Src/dma.o
 .debug_macro   0x00000df4       0x2e Core/Src/dma.o
 .debug_macro   0x00000e22       0x28 Core/Src/dma.o
 .debug_macro   0x00000e4a       0x22 Core/Src/dma.o
 .debug_macro   0x00000e6c       0x8e Core/Src/dma.o
 .debug_macro   0x00000efa       0x51 Core/Src/dma.o
 .debug_macro   0x00000f4b       0xef Core/Src/dma.o
 .debug_macro   0x0000103a       0x6a Core/Src/dma.o
 .debug_macro   0x000010a4      0x1df Core/Src/dma.o
 .debug_macro   0x00001283       0x1c Core/Src/dma.o
 .debug_macro   0x0000129f       0x22 Core/Src/dma.o
 .debug_macro   0x000012c1      0x101 Core/Src/dma.o
 .debug_macro   0x000013c2     0x1011 Core/Src/dma.o
 .debug_macro   0x000023d3      0x11f Core/Src/dma.o
 .debug_macro   0x000024f2    0x1a13d Core/Src/dma.o
 .debug_macro   0x0001c62f       0x43 Core/Src/dma.o
 .debug_macro   0x0001c672     0x3890 Core/Src/dma.o
 .debug_macro   0x0001ff02      0x174 Core/Src/dma.o
 .debug_macro   0x00020076       0x5c Core/Src/dma.o
 .debug_macro   0x000200d2     0x155f Core/Src/dma.o
 .debug_macro   0x00021631      0x59e Core/Src/dma.o
 .debug_macro   0x00021bcf      0x13d Core/Src/dma.o
 .debug_macro   0x00021d0c      0x18b Core/Src/dma.o
 .debug_macro   0x00021e97      0x26b Core/Src/dma.o
 .debug_macro   0x00022102      0x23d Core/Src/dma.o
 .debug_macro   0x0002233f      0x241 Core/Src/dma.o
 .debug_macro   0x00022580      0x37c Core/Src/dma.o
 .debug_macro   0x000228fc       0xd6 Core/Src/dma.o
 .debug_macro   0x000229d2      0x22c Core/Src/dma.o
 .debug_macro   0x00022bfe       0x61 Core/Src/dma.o
 .debug_macro   0x00022c5f       0xa5 Core/Src/dma.o
 .debug_macro   0x00022d04      0x122 Core/Src/dma.o
 .debug_macro   0x00022e26      0x3e9 Core/Src/dma.o
 .debug_macro   0x0002320f      0x2fe Core/Src/dma.o
 .debug_macro   0x0002350d      0x59e Core/Src/dma.o
 .debug_macro   0x00023aab       0x44 Core/Src/dma.o
 .debug_macro   0x00023aef      0x331 Core/Src/dma.o
 .debug_macro   0x00023e20       0x46 Core/Src/dma.o
 .debug_macro   0x00023e66      0x1f3 Core/Src/gpio.o
 .debug_macro   0x00024059      0x3bd Core/Src/lsm303ctr_add.o
 .debug_macro   0x00024416       0x58 Core/Src/lsm303ctr_add.o
 .debug_macro   0x0002446e       0x18 Core/Src/lsm303ctr_add.o
 .debug_macro   0x00024486       0x94 Core/Src/lsm303ctr_add.o
 .debug_macro   0x0002451a       0x35 Core/Src/lsm303ctr_add.o
 .debug_macro   0x0002454f       0x34 Core/Src/lsm303ctr_add.o
 .debug_macro   0x00024583       0x57 Core/Src/lsm303ctr_add.o
 .debug_macro   0x000245da       0x58 Core/Src/lsm303ctr_add.o
 .debug_macro   0x00024632       0x1f Core/Src/lsm303ctr_add.o
 .debug_macro   0x00024651       0x43 Core/Src/lsm303ctr_add.o
 .debug_macro   0x00024694       0x20 Core/Src/lsm303ctr_add.o
 .debug_macro   0x000246b4      0x18e Core/Src/lsm303ctr_add.o
 .debug_macro   0x00024842      0x330 Core/Src/lsm303ctr_add.o
 .debug_macro   0x00024b72       0x10 Core/Src/lsm303ctr_add.o
 .debug_macro   0x00024b82       0x35 Core/Src/lsm303ctr_add.o
 .debug_macro   0x00024bb7       0x1c Core/Src/lsm303ctr_add.o
 .debug_macro   0x00024bd3       0x10 Core/Src/lsm303ctr_add.o
 .debug_macro   0x00024be3       0x10 Core/Src/lsm303ctr_add.o
 .debug_macro   0x00024bf3       0x1c Core/Src/lsm303ctr_add.o
 .debug_macro   0x00024c0f       0x52 Core/Src/lsm303ctr_add.o
 .debug_macro   0x00024c61       0x40 Core/Src/lsm303ctr_add.o
 .debug_macro   0x00024ca1       0x10 Core/Src/lsm303ctr_add.o
 .debug_macro   0x00024cb1       0x40 Core/Src/lsm303ctr_add.o
 .debug_macro   0x00024cf1       0xd7 Core/Src/lsm303ctr_add.o
 .debug_macro   0x00024dc8       0x1c Core/Src/lsm303ctr_add.o
 .debug_macro   0x00024de4       0x3d Core/Src/lsm303ctr_add.o
 .debug_macro   0x00024e21       0x16 Core/Src/lsm303ctr_add.o
 .debug_macro   0x00024e37      0x16f Core/Src/lsm303ctr_add.o
 .debug_macro   0x00024fa6      0x1e1 Core/Src/lsm303ctr_add.o
 .debug_macro   0x00025187      0x1a9 Core/Src/lsm303ctr_add.o
 .debug_macro   0x00025330       0xfb Core/Src/lsm303ctr_add.o
 .debug_macro   0x0002542b       0x56 Core/Src/lsm303ctr_add.o
 .debug_macro   0x00025481       0x46 Core/Src/lsm303ctr_add.o
 .debug_macro   0x000254c7      0x115 Core/Src/lsm303ctr_reg.o
 .debug_macro   0x000255dc       0x5e Core/Src/lsm303ctr_reg.o
 .debug_macro   0x0002563a      0x411 Core/Src/main.o
 .debug_macro   0x00025a4b      0x32a Core/Src/main.o
 .debug_macro   0x00025d75       0x16 Core/Src/main.o
 .debug_macro   0x00025d8b       0x16 Core/Src/main.o
 .debug_macro   0x00025da1       0x29 Core/Src/main.o
 .debug_macro   0x00025dca      0x1f3 Core/Src/spi.o
 .debug_macro   0x00025fbd      0x1e9 Core/Src/stm32l4xx_hal_msp.o
 .debug_macro   0x000261a6      0x1f3 Core/Src/stm32l4xx_it.o
 .debug_macro   0x00026399      0x243 Core/Src/syscalls.o
 .debug_macro   0x000265dc       0x10 Core/Src/syscalls.o
 .debug_macro   0x000265ec       0x10 Core/Src/syscalls.o
 .debug_macro   0x000265fc       0x10 Core/Src/syscalls.o
 .debug_macro   0x0002660c       0x35 Core/Src/syscalls.o
 .debug_macro   0x00026641      0x122 Core/Src/syscalls.o
 .debug_macro   0x00026763       0x10 Core/Src/syscalls.o
 .debug_macro   0x00026773      0x241 Core/Src/syscalls.o
 .debug_macro   0x000269b4       0x10 Core/Src/syscalls.o
 .debug_macro   0x000269c4      0x189 Core/Src/syscalls.o
 .debug_macro   0x00026b4d       0x16 Core/Src/syscalls.o
 .debug_macro   0x00026b63       0x88 Core/Src/syscalls.o
 .debug_macro   0x00026beb      0x1e0 Core/Src/system_stm32l4xx.o
 .debug_macro   0x00026dcb      0x1f3 Core/Src/usart.o
 .debug_macro   0x00026fbe      0x228 Drivers/STM32L4xx_HAL_Driver/Src/stm32l4xx_hal.o
 .debug_macro   0x000271e6      0x1da Drivers/STM32L4xx_HAL_Driver/Src/stm32l4xx_hal_cortex.o
 .debug_macro   0x000273c0      0x1da Drivers/STM32L4xx_HAL_Driver/Src/stm32l4xx_hal_dma.o
 .debug_macro   0x0002759a      0x219 Drivers/STM32L4xx_HAL_Driver/Src/stm32l4xx_hal_gpio.o
 .debug_macro   0x000277b3      0x1fe Drivers/STM32L4xx_HAL_Driver/Src/stm32l4xx_hal_pwr_ex.o
 .debug_macro   0x000279b1      0x21c Drivers/STM32L4xx_HAL_Driver/Src/stm32l4xx_hal_rcc.o
 .debug_macro   0x00027bcd      0x210 Drivers/STM32L4xx_HAL_Driver/Src/stm32l4xx_hal_rcc_ex.o
 .debug_macro   0x00027ddd      0x1e2 Drivers/STM32L4xx_HAL_Driver/Src/stm32l4xx_hal_spi.o
 .debug_macro   0x00027fbf      0x205 Drivers/STM32L4xx_HAL_Driver/Src/stm32l4xx_hal_uart.o
 .debug_macro   0x000281c4      0x1da Drivers/STM32L4xx_HAL_Driver/Src/stm32l4xx_hal_uart_ex.o

.debug_line     0x00000000     0xd4df
 .debug_line    0x00000000      0x742 Core/Src/dma.o
 .debug_line    0x00000742      0x75e Core/Src/gpio.o
 .debug_line    0x00000ea0      0x9fa Core/Src/lsm303ctr_add.o
 .debug_line    0x0000189a      0xda6 Core/Src/lsm303ctr_reg.o
 .debug_line    0x00002640      0x9a0 Core/Src/main.o
 .debug_line    0x00002fe0      0x788 Core/Src/spi.o
 .debug_line    0x00003768      0x745 Core/Src/stm32l4xx_hal_msp.o
 .debug_line    0x00003ead      0x82e Core/Src/stm32l4xx_it.o
 .debug_line    0x000046db      0x5d6 Core/Src/syscalls.o
 .debug_line    0x00004cb1      0x77d Core/Src/system_stm32l4xx.o
 .debug_line    0x0000542e      0x7a2 Core/Src/usart.o
 .debug_line    0x00005bd0      0x9e6 Drivers/STM32L4xx_HAL_Driver/Src/stm32l4xx_hal.o
 .debug_line    0x000065b6      0x995 Drivers/STM32L4xx_HAL_Driver/Src/stm32l4xx_hal_cortex.o
 .debug_line    0x00006f4b      0x9bb Drivers/STM32L4xx_HAL_Driver/Src/stm32l4xx_hal_dma.o
 .debug_line    0x00007906      0x8be Drivers/STM32L4xx_HAL_Driver/Src/stm32l4xx_hal_gpio.o
 .debug_line    0x000081c4      0xbb9 Drivers/STM32L4xx_HAL_Driver/Src/stm32l4xx_hal_pwr_ex.o
 .debug_line    0x00008d7d      0xaef Drivers/STM32L4xx_HAL_Driver/Src/stm32l4xx_hal_rcc.o
 .debug_line    0x0000986c      0xd60 Drivers/STM32L4xx_HAL_Driver/Src/stm32l4xx_hal_rcc_ex.o
 .debug_line    0x0000a5cc     0x12ad Drivers/STM32L4xx_HAL_Driver/Src/stm32l4xx_hal_spi.o
 .debug_line    0x0000b879     0x1339 Drivers/STM32L4xx_HAL_Driver/Src/stm32l4xx_hal_uart.o
 .debug_line    0x0000cbb2      0x8ad Drivers/STM32L4xx_HAL_Driver/Src/stm32l4xx_hal_uart_ex.o
 .debug_line    0x0000d45f       0x80 startup/startup_stm32l476xx.o

.debug_str      0x00000000    0xef413
 .debug_str     0x00000000    0xe40f4 Core/Src/dma.o
                              0xe4463 (size before relaxing)
 .debug_str     0x000e40f4       0xe0 Core/Src/gpio.o
                              0xe4528 (size before relaxing)
 .debug_str     0x000e41d4     0x5e46 Core/Src/lsm303ctr_add.o
                              0xe9e51 (size before relaxing)
 .debug_str     0x000ea01a     0x11ae Core/Src/lsm303ctr_reg.o
                               0x94b0 (size before relaxing)
 .debug_str     0x000eb1c8      0x603 Core/Src/main.o
                              0xea0c3 (size before relaxing)
 .debug_str     0x000eb7cb       0x6f Core/Src/spi.o
                              0xe491b (size before relaxing)
 .debug_str     0x000eb83a       0x2c Core/Src/stm32l4xx_hal_msp.o
                              0xe3f5d (size before relaxing)
 .debug_str     0x000eb866      0x181 Core/Src/stm32l4xx_it.o
                              0xe44d8 (size before relaxing)
 .debug_str     0x000eb9e7     0x115d Core/Src/syscalls.o
                               0x859c (size before relaxing)
 .debug_str     0x000ecb44       0xcd Core/Src/system_stm32l4xx.o
                              0xe3eca (size before relaxing)
 .debug_str     0x000ecc11       0x6d Core/Src/usart.o
                              0xe4958 (size before relaxing)
 .debug_str     0x000ecc7e      0x5c2 Drivers/STM32L4xx_HAL_Driver/Src/stm32l4xx_hal.o
                              0xe49f3 (size before relaxing)
 .debug_str     0x000ed240      0x31d Drivers/STM32L4xx_HAL_Driver/Src/stm32l4xx_hal_cortex.o
                              0xe471e (size before relaxing)
 .debug_str     0x000ed55d      0x229 Drivers/STM32L4xx_HAL_Driver/Src/stm32l4xx_hal_dma.o
                              0xe412e (size before relaxing)
 .debug_str     0x000ed786      0x1ed Drivers/STM32L4xx_HAL_Driver/Src/stm32l4xx_hal_gpio.o
                              0xe4149 (size before relaxing)
 .debug_str     0x000ed973      0x4a8 Drivers/STM32L4xx_HAL_Driver/Src/stm32l4xx_hal_pwr_ex.o
                              0xe43f9 (size before relaxing)
 .debug_str     0x000ede1b      0x38f Drivers/STM32L4xx_HAL_Driver/Src/stm32l4xx_hal_rcc.o
                              0xe44cd (size before relaxing)
 .debug_str     0x000ee1aa      0x3bf Drivers/STM32L4xx_HAL_Driver/Src/stm32l4xx_hal_rcc_ex.o
                              0xe46ac (size before relaxing)
 .debug_str     0x000ee569      0x550 Drivers/STM32L4xx_HAL_Driver/Src/stm32l4xx_hal_spi.o
                              0xe46b2 (size before relaxing)
 .debug_str     0x000eeab9      0x7a6 Drivers/STM32L4xx_HAL_Driver/Src/stm32l4xx_hal_uart.o
                              0xe4b2a (size before relaxing)
 .debug_str     0x000ef25f      0x185 Drivers/STM32L4xx_HAL_Driver/Src/stm32l4xx_hal_uart_ex.o
                              0xe42e2 (size before relaxing)
 .debug_str     0x000ef3e4       0x2f startup/startup_stm32l476xx.o
                                 0x5c (size before relaxing)

.comment        0x00000000       0x7f
 .comment       0x00000000       0x7f Core/Src/dma.o
                                 0x80 (size before relaxing)
 .comment       0x0000007f       0x80 Core/Src/gpio.o
 .comment       0x0000007f       0x80 Core/Src/lsm303ctr_add.o
 .comment       0x0000007f       0x80 Core/Src/lsm303ctr_reg.o
 .comment       0x0000007f       0x80 Core/Src/main.o
 .comment       0x0000007f       0x80 Core/Src/spi.o
 .comment       0x0000007f       0x80 Core/Src/stm32l4xx_hal_msp.o
 .comment       0x0000007f       0x80 Core/Src/stm32l4xx_it.o
 .comment       0x0000007f       0x80 Core/Src/syscalls.o
 .comment       0x0000007f       0x80 Core/Src/system_stm32l4xx.o
 .comment       0x0000007f       0x80 Core/Src/usart.o
 .comment       0x0000007f       0x80 Drivers/STM32L4xx_HAL_Driver/Src/stm32l4xx_hal.o
 .comment       0x0000007f       0x80 Drivers/STM32L4xx_HAL_Driver/Src/stm32l4xx_hal_cortex.o
 .comment       0x0000007f       0x80 Drivers/STM32L4xx_HAL_Driver/Src/stm32l4xx_hal_dma.o
 .comment       0x0000007f       0x80 Drivers/STM32L4xx_HAL_Driver/Src/stm32l4xx_hal_gpio.o
 .comment       0x0000007f       0x80 Drivers/STM32L4xx_HAL_Driver/Src/stm32l4xx_hal_pwr_ex.o
 .comment       0x0000007f       0x80 Drivers/STM32L4xx_HAL_Driver/Src/stm32l4xx_hal_rcc.o
 .comment       0x0000007f       0x80 Drivers/STM32L4xx_HAL_Driver/Src/stm32l4xx_hal_rcc_ex.o
 .comment       0x0000007f       0x80 Drivers/STM32L4xx_HAL_Driver/Src/stm32l4xx_hal_spi.o
 .comment       0x0000007f       0x80 Drivers/STM32L4xx_HAL_Driver/Src/stm32l4xx_hal_uart.o
 .comment       0x0000007f       0x80 Drivers/STM32L4xx_HAL_Driver/Src/stm32l4xx_hal_uart_ex.o

.debug_frame    0x00000000     0x382c
 .debug_frame   0x00000000       0x2c Core/Src/dma.o
 .debug_frame   0x0000002c       0x38 Core/Src/gpio.o
 .debug_frame   0x00000064      0x198 Core/Src/lsm303ctr_add.o
 .debug_frame   0x000001fc      0xdb4 Core/Src/lsm303ctr_reg.o
 .debug_frame   0x00000fb0       0xa4 Core/Src/main.o
 .debug_frame   0x00001054       0x60 Core/Src/spi.o
 .debug_frame   0x000010b4       0x28 Core/Src/stm32l4xx_hal_msp.o
 .debug_frame   0x000010dc      0x120 Core/Src/stm32l4xx_it.o
 .debug_frame   0x000011fc      0x1a8 Core/Src/syscalls.o
 .debug_frame   0x000013a4       0x30 Core/Src/system_stm32l4xx.o
 .debug_frame   0x000013d4       0x64 Core/Src/usart.o
 .debug_frame   0x00001438      0x274 Drivers/STM32L4xx_HAL_Driver/Src/stm32l4xx_hal.o
 .debug_frame   0x000016ac      0x15c Drivers/STM32L4xx_HAL_Driver/Src/stm32l4xx_hal_cortex.o
 .debug_frame   0x00001808      0x16c Drivers/STM32L4xx_HAL_Driver/Src/stm32l4xx_hal_dma.o
 .debug_frame   0x00001974       0xd0 Drivers/STM32L4xx_HAL_Driver/Src/stm32l4xx_hal_gpio.o
 .debug_frame   0x00001a44      0x298 Drivers/STM32L4xx_HAL_Driver/Src/stm32l4xx_hal_pwr_ex.o
 .debug_frame   0x00001cdc      0x18c Drivers/STM32L4xx_HAL_Driver/Src/stm32l4xx_hal_rcc.o
 .debug_frame   0x00001e68      0x204 Drivers/STM32L4xx_HAL_Driver/Src/stm32l4xx_hal_rcc_ex.o
 .debug_frame   0x0000206c      0x5c8 Drivers/STM32L4xx_HAL_Driver/Src/stm32l4xx_hal_spi.o
 .debug_frame   0x00002634      0x5ac Drivers/STM32L4xx_HAL_Driver/Src/stm32l4xx_hal_uart.o
 .debug_frame   0x00002be0       0xdc Drivers/STM32L4xx_HAL_Driver/Src/stm32l4xx_hal_uart_ex.o
 .debug_frame   0x00002cbc       0xac g:/stm32/ac6/plugins/fr.ac6.mcu.externaltools.arm-none.win32_1.17.0.201812190825/tools/compiler/bin/../lib/gcc/arm-none-eabi/7.3.1/thumb/v7e-m/fpv4-sp/hard\libgcc.a(_arm_addsubdf3.o)